<html>
<body>
<pre>
<h1>礦ision Build Log</h1>
<h2>Tool Versions:</h2>
IDE-Version: μVision V5.31.0.0
Copyright (C) 2020 ARM Ltd and ARM Germany GmbH. All rights reserved.
License Information: 1 Faceless, 1, LIC=V85FJ-USSZL-XCBJ0-BI6S3-9WMZM-N429U
 
Tool Versions:
Toolchain:       MDK-ARM Professional  Version: 5.31.0.0
Toolchain Path:  D:\Keil_v5\ARM\ARMCC\Bin
C Compiler:      Armcc.exe V5.06 update 6 (build 750)
Assembler:       Armasm.exe V5.06 update 6 (build 750)
Linker/Locator:  ArmLink.exe V5.06 update 6 (build 750)
Library Manager: ArmAr.exe V5.06 update 6 (build 750)
Hex Converter:   FromElf.exe V5.06 update 6 (build 750)
CPU DLL:         SARMCM3.DLL V5.31.0.0
Dialog DLL:      DCM.DLL V1.17.3.0
Target DLL:      STLink\ST-LINKIII-KEIL_SWO.dll V3.0.7.0
Dialog DLL:      TCM.DLL V1.46.0.0
 
<h2>Project:</h2>
E:\2020年毕设单子\第二波\2021 03 17 老人健康监护系统\代码调试\stm32f103rct6\Source Code\USER\TIMER.uvprojx
Project File Date:  03/27/2021

<h2>Output:</h2>
*** Using Compiler 'V5.06 update 6 (build 750)', folder: 'D:\Keil_v5\ARM\ARMCC\Bin'
Build target 'stm32f103_APP'
compiling glob.c...
compiling main.c...
..\SYSTEM\warning\warning.h(5): warning:  #1215-D: #warning directive: "推荐使用Source Insight 3.5在源代码工程下的SOURCE文件中打开工程查看代码"
  #warning "推荐使用Source Insight 3.5在源代码工程下的SOURCE文件中打开工程查看代码"
..\SYSTEM\warning\warning.h(6): warning:  #1215-D: #warning directive: "在烧录时要注意ESP8266的配置是否正确"
  #warning "在烧录时要注意ESP8266的配置是否正确"
..\SYSTEM\warning\warning.h(7): warning:  #1215-D: #warning directive: "若要修改请进入esp8266.c中的ESP8266_Init()函数进行相应指令修改"
  #warning "若要修改请进入esp8266.c中的ESP8266_Init()函数进行相应指令修改"
main.c: 3 warnings, 0 errors
compiling run.c...
compiling timer.c...
compiling max30102.c...
..\HARDWARE\MAX30102\max30102.c(569): warning:  #167-D: argument of type "uint8_t *" is incompatible with parameter of type "char *restrict"
  		sprintf(pData_Show->HeartRate, "  %d", hrAvg);
..\HARDWARE\MAX30102\max30102.c(572): warning:  #167-D: argument of type "uint8_t *" is incompatible with parameter of type "char *restrict"
  		sprintf(pData_Show->HeartRate, " %d", hrAvg);
..\HARDWARE\MAX30102\max30102.c(575): warning:  #167-D: argument of type "uint8_t *" is incompatible with parameter of type "char *restrict"
  		sprintf(pData_Show->HeartRate, "%d", hrAvg);
..\HARDWARE\MAX30102\max30102.c(578): warning:  #167-D: argument of type "uint8_t *" is incompatible with parameter of type "char *restrict"
  		sprintf(pData_Show->Spo2, " %.2f", spo2Avg);
..\HARDWARE\MAX30102\max30102.c(581): warning:  #167-D: argument of type "uint8_t *" is incompatible with parameter of type "char *restrict"
  		sprintf(pData_Show->Spo2, "%.2f", spo2Avg);
..\HARDWARE\MAX30102\max30102.c: 5 warnings, 0 errors
compiling oled.c...
compiling bsp.c...
compiling bsp_interrupt.c...
compiling usart.c...
compiling usart3.c...
linking...
Program Size: Code=22962 RO-data=2922 RW-data=1596 ZI-data=7860  
FromELF: creating hex file...
"..\OBJ\TIMER.axf" - 0 Error(s), 8 Warning(s).

<h2>Software Packages used:</h2>

Package Vendor: Keil
                http://www.keil.com/pack/Keil.STM32F1xx_DFP.2.3.0.pack
                Keil.STM32F1xx_DFP.2.3.0
                STMicroelectronics STM32F1 Series Device Support, Drivers and Examples

<h2>Collection of Component include folders:</h2>
  D:\keil5\pack\Keil\STM32F1xx_DFP\2.3.0\Device\Include

<h2>Collection of Component Files used:</h2>
Build Time Elapsed:  00:00:03
</pre>
</body>
</html>
