Component: ARM Compiler 5.06 update 7 (build 960) Tool: armlink [4d3601]

==============================================================================

Section Cross References

    main.o(.text) refers to heap_4.o(.text) for pvPortMalloc
    main.o(.text) refers to event_groups.o(.text) for xEventGroupWaitBits
    main.o(.text) refers to key.o(.text) for KEY_Scan
    main.o(.text) refers to beep.o(.text) for Get_BeepState
    main.o(.text) refers to dht22.o(.text) for DHT22_Read_Data
    main.o(.text) refers to stm32f10x_gpio.o(.text) for GPIO_ReadInputDataBit
    main.o(.text) refers to voice.o(.text) for VOICE_Select
    main.o(.text) refers to usart.o(.text) for u3_printf
    main.o(.text) refers to tasks.o(.text) for vTaskDelay
    main.o(.text) refers to ov7725.o(.text) for OV7725_camera_refresh
    main.o(.text) refers to oled.o(.text) for OLED_ShowString
    main.o(.text) refers to port.o(.text) for vPortEnterCritical
    main.o(.text) refers to esp8266.o(.text) for ESP8266_Task_Init
    main.o(.text) refers to misc.o(.text) for NVIC_PriorityGroupConfig
    main.o(.text) refers to delay.o(.text) for delay_init
    main.o(.text) refers to exti.o(.text) for EXTI15_Init
    main.o(.text) refers to main.o(.constdata) for .constdata
    main.o(.text) refers to esp8266.o(.data) for ESP8266_EventGroup_Handle
    main.o(.text) refers to main.o(.data) for MainRunning_Handle
    main.o(.constdata) refers to main.o(.conststring) for .conststring
    stm32f10x_it.o(.text) refers to tasks.o(.text) for xTaskGetSchedulerState
    stm32f10x_it.o(.text) refers to port.o(.text) for xPortSysTickHandler
    system_stm32f10x.o(.text) refers to system_stm32f10x.o(.data) for SystemCoreClock
    key.o(.text) refers to stm32f10x_rcc.o(.text) for RCC_APB2PeriphClockCmd
    key.o(.text) refers to stm32f10x_gpio.o(.text) for GPIO_Init
    key.o(.text) refers to delay.o(.text) for delay_ms
    key.o(.text) refers to key.o(.data) for key_up
    beep.o(.text) refers to stm32f10x_rcc.o(.text) for RCC_APB2PeriphClockCmd
    beep.o(.text) refers to stm32f10x_gpio.o(.text) for GPIO_Init
    beep.o(.text) refers to beep.o(.data) for gBeep_State
    timer.o(.text) refers to stm32f10x_rcc.o(.text) for RCC_APB1PeriphClockCmd
    timer.o(.text) refers to stm32f10x_tim.o(.text) for TIM_TimeBaseInit
    timer.o(.text) refers to misc.o(.text) for NVIC_Init
    timer.o(.text) refers to stm32f10x_gpio.o(.text) for GPIO_Init
    timer.o(.text) refers to queue.o(.text) for xQueueGenericSendFromISR
    timer.o(.text) refers to memseta.o(.text) for __aeabi_memclr
    timer.o(.text) refers to timer.o(.data) for gTimer
    timer.o(.text) refers to usart.o(.data) for USART3_RX_STA
    timer.o(.text) refers to esp8266.o(.data) for ESP8266_Queue_Handle
    timer.o(.text) refers to usart.o(.bss) for USART3_RX_BUF
    esp8266.o(.text) refers to usart.o(.text) for u3_printf
    esp8266.o(.text) refers to oled.o(.text) for OLED_ShowString
    esp8266.o(.text) refers to event_groups.o(.text) for xEventGroupSetBits
    esp8266.o(.text) refers to delay.o(.text) for delay_ms
    esp8266.o(.text) refers to queue.o(.text) for xQueueGenericReceive
    esp8266.o(.text) refers to strstr.o(.text) for strstr
    esp8266.o(.text) refers to tasks.o(.text) for xTaskCreate
    esp8266.o(.text) refers to esp8266.o(.data) for pESP8266_Cmd
    esp8266.o(.data) refers to esp8266.o(.conststring) for .conststring
    oled.o(.text) refers to stm32f10x_gpio.o(.text) for GPIO_SetBits
    oled.o(.text) refers to oled.o(.constdata) for F8X16
    oled.o(.text) refers to stm32f10x_rcc.o(.text) for RCC_APB2PeriphClockCmd
    oled.o(.text) refers to delay.o(.text) for delay_xms
    oled.o(.text) refers to oled.o(.data) for Hzk
    dht22.o(.text) refers to delay.o(.text) for delay_ms
    dht22.o(.text) refers to beep.o(.text) for BEEP_Config
    dht22.o(.text) refers to stm32f10x_rcc.o(.text) for RCC_APB2PeriphClockCmd
    dht22.o(.text) refers to stm32f10x_gpio.o(.text) for GPIO_Init
    dht22.o(.text) refers to dht22.o(.data) for pDHT22
    dht22.o(.data) refers to dht22.o(.bss) for gDHT22
    voice.o(.text) refers to memcpya.o(.text) for __aeabi_memcpy4
    voice.o(.text) refers to stm32f10x_gpio.o(.text) for GPIO_SetBits
    voice.o(.text) refers to stm32f10x_rcc.o(.text) for RCC_APB2PeriphClockCmd
    voice.o(.text) refers to voice.o(.constdata) for .constdata
    ov7725.o(.text) refers to stm32f10x_rcc.o(.text) for RCC_APB2PeriphClockCmd
    ov7725.o(.text) refers to stm32f10x_gpio.o(.text) for GPIO_Init
    ov7725.o(.text) refers to sccb.o(.text) for SCCB_Init
    ov7725.o(.text) refers to delay.o(.text) for delay_ms
    ov7725.o(.text) refers to printf3.o(i.__0printf$3) for __2printf
    ov7725.o(.text) refers to ov7725.o(.constdata) for ov7725_init_reg_tb1
    ov7725.o(.text) refers to stm32f10x_usart.o(.text) for USART_SendData
    ov7725.o(.text) refers to exti.o(.data) for ov_sta
    exti.o(.text) refers to stm32f10x_rcc.o(.text) for RCC_APB2PeriphClockCmd
[...]
    .text                                    0x080004cc   Section        0  system_stm32f10x.o(.text)
    SetSysClockTo72                          0x080004cd   Thumb Code   214  system_stm32f10x.o(.text)
    SetSysClock                              0x080005a3   Thumb Code     8  system_stm32f10x.o(.text)
    .text                                    0x080006ac   Section        0  key.o(.text)
    .text                                    0x0800079c   Section        0  beep.o(.text)
    .text                                    0x08000820   Section        0  timer.o(.text)
    .text                                    0x08000a9c   Section        0  esp8266.o(.text)
    .text                                    0x08000ba8   Section        0  oled.o(.text)
    .text                                    0x080011a4   Section        0  dht22.o(.text)
    .text                                    0x080013e0   Section        0  voice.o(.text)
    .text                                    0x0800148c   Section        0  ov7725.o(.text)
    .text                                    0x08001adc   Section        0  exti.o(.text)
    .text                                    0x08001c88   Section        0  sccb.o(.text)
    .text                                    0x08001efc   Section        0  delay.o(.text)
    .text                                    0x08001ff0   Section        0  usart.o(.text)
    .text                                    0x08002308   Section       36  startup_stm32f10x_hd.o(.text)
    .text                                    0x0800232c   Section        0  misc.o(.text)
    .text                                    0x08002408   Section        0  stm32f10x_gpio.o(.text)
    .text                                    0x08002764   Section        0  stm32f10x_rcc.o(.text)
    .text                                    0x08002b08   Section        0  stm32f10x_usart.o(.text)
    .text                                    0x08002f10   Section        0  stm32f10x_tim.o(.text)
    TI4_Config                               0x080033b7   Thumb Code   130  stm32f10x_tim.o(.text)
    TI3_Config                               0x0800344b   Thumb Code   122  stm32f10x_tim.o(.text)
    TI2_Config                               0x080034df   Thumb Code   130  stm32f10x_tim.o(.text)
    TI1_Config                               0x08003573   Thumb Code   108  stm32f10x_tim.o(.text)
    .text                                    0x08003d2c   Section        0  stm32f10x_exti.o(.text)
    .text                                    0x08003e48   Section        0  timers.o(.text)
    prvInsertTimerInActiveList               0x08003e49   Thumb Code    80  timers.o(.text)
    prvSwitchTimerLists                      0x08003f0f   Thumb Code   140  timers.o(.text)
    prvSampleTimeNow                         0x08003f9b   Thumb Code    40  timers.o(.text)
    prvProcessReceivedCommands               0x08003fc3   Thumb Code   254  timers.o(.text)
    prvProcessExpiredTimer                   0x080040c1   Thumb Code    84  timers.o(.text)
    prvProcessTimerOrBlockTask               0x08004115   Thumb Code   102  timers.o(.text)
    prvGetNextExpireTime                     0x0800417b   Thumb Code    36  timers.o(.text)
    prvTimerTask                             0x0800419f   Thumb Code    26  timers.o(.text)
    prvCheckForValidListAndQueue             0x080041b9   Thumb Code    72  timers.o(.text)
    prvInitialiseNewTimer                    0x08004239   Thumb Code   166  timers.o(.text)
    .text                                    0x08004488   Section        0  tasks.o(.text)
    prvInitialiseTaskLists                   0x08004489   Thumb Code    70  tasks.o(.text)
    prvAddNewTaskToReadyList                 0x080044cf   Thumb Code   156  tasks.o(.text)
    prvInitialiseNewTask                     0x0800456b   Thumb Code   170  tasks.o(.text)
    prvResetNextTaskUnblockTime              0x08004675   Thumb Code    42  tasks.o(.text)
    prvDeleteTCB                             0x0800469f   Thumb Code    18  tasks.o(.text)
    prvAddCurrentTaskToDelayedList           0x080049d3   Thumb Code   124  tasks.o(.text)
    prvTaskIsTaskSuspended                   0x08004e93   Thumb Code    76  tasks.o(.text)
    prvCheckTasksWaitingTermination          0x08004ff1   Thumb Code    86  tasks.o(.text)
    prvIdleTask                              0x08005047   Thumb Code    32  tasks.o(.text)
    prvTaskCheckFreeStackSpace               0x08005185   Thumb Code    22  tasks.o(.text)
    prvListTasksWithinSingleList             0x0800520d   Thumb Code   106  tasks.o(.text)
    prvWriteNameToBuffer                     0x08005737   Thumb Code    42  tasks.o(.text)
    .text                                    0x08005ca8   Section        0  queue.o(.text)
    prvInitialiseNewQueue                    0x08005d31   Thumb Code    46  queue.o(.text)
    prvCopyDataToQueue                       0x08005dad   Thumb Code   124  queue.o(.text)
    prvNotifyQueueSetContainer               0x08005e29   Thumb Code   124  queue.o(.text)
    prvUnlockQueue                           0x08005ea5   Thumb Code   146  queue.o(.text)
    prvIsQueueFull                           0x08005f37   Thumb Code    30  queue.o(.text)
    prvInitialiseMutex                       0x0800611d   Thumb Code    28  queue.o(.text)
    prvIsQueueEmpty                          0x0800619d   Thumb Code    26  queue.o(.text)
    prvCopyDataFromQueue                     0x080061b7   Thumb Code    42  queue.o(.text)
    .text                                    0x080069b4   Section        0  list.o(.text)
    .text                                    0x08006a48   Section        0  event_groups.o(.text)
    prvTestWaitCondition                     0x08006c01   Thumb Code    30  event_groups.o(.text)
    .text                                    0x08006e9c   Section        0  heap_4.o(.text)
    prvInsertBlockIntoFreeList               0x08006e9d   Thumb Code    96  heap_4.o(.text)
    prvHeapInit                              0x08006efd   Thumb Code    98  heap_4.o(.text)
    .text                                    0x0800713c   Section        0  port.o(.text)
    prvTaskExitError                         0x0800713d   Thumb Code    48  port.o(.text)
    .text                                    0x080073a8   Section        0  memcpya.o(.text)
    .text                                    0x080073cc   Section        0  memseta.o(.text)
    .text                                    0x080073f0   Section        0  strstr.o(.text)
    .text                                    0x08007414   Section        0  strlen.o(.text)
    .text                                    0x08007422   Section        0  strcpy.o(.text)
    .text                                    0x08007434   Section        0  uidiv.o(.text)
    .text                                    0x08007460   Section        0  uldiv.o(.text)
    .text                                    0x080074c2   Section        0  iusefp.o(.text)
    .text                                    0x080074c2   Section        0  dadd.o(.text)
    .text                                    0x08007610   Section        0  dmul.o(.text)
    .text                                    0x080076f4   Section        0  ddiv.o(.text)
    .text                                    0x080077d2   Section        0  dfixul.o(.text)
    .text                                    0x08007804   Section       48  cdrcmple.o(.text)
    .text                                    0x08007834   Section       36  init.o(.text)
    .text                                    0x08007858   Section        0  llshl.o(.text)
    .text                                    0x08007876   Section        0  llushr.o(.text)
    .text                                    0x08007896   Section        0  llsshr.o(.text)
    .text                                    0x080078ba   Section        0  depilogue.o(.text)
    .text                                    0x08007974   Section        0  __dczerorl2.o(.text)
    i.__0printf$3                            0x080079cc   Section        0  printf3.o(i.__0printf$3)
    i.__0sprintf$3                           0x080079ec   Section        0  printf3.o(i.__0sprintf$3)
    i.__0vsprintf                            0x08007a14   Section        0  printfa.o(i.__0vsprintf)
    i.__scatterload_copy                     0x08007a38   Section       14  handlers.o(i.__scatterload_copy)
    i.__scatterload_null                     0x08007a46   Section        2  handlers.o(i.__scatterload_null)
    i.__scatterload_zeroinit                 0x08007a48   Section       14  handlers.o(i.__scatterload_zeroinit)
    i._fp_digits                             0x08007a58   Section        0  printfa.o(i._fp_digits)
    _fp_digits                               0x08007a59   Thumb Code   366  printfa.o(i._fp_digits)
    i._printf_core                           0x08007bdc   Section        0  printf3.o(i._printf_core)
    _printf_core                             0x08007bdd   Thumb Code   436  printf3.o(i._printf_core)
    i._printf_core                           0x08007d94   Section        0  printfa.o(i._printf_core)
    _printf_core                             0x08007d95   Thumb Code  1704  printfa.o(i._printf_core)
    i._printf_post_padding                   0x08008448   Section        0  printfa.o(i._printf_post_padding)
    _printf_post_padding                     0x08008449   Thumb Code    36  printfa.o(i._printf_post_padding)
    i._printf_pre_padding                    0x0800846c   Section        0  printfa.o(i._printf_pre_padding)
    _printf_pre_padding                      0x0800846d   Thumb Code    46  printfa.o(i._printf_pre_padding)
    i._sputc                                 0x0800849a   Section        0  printf3.o(i._sputc)
    _sputc                                   0x0800849b   Thumb Code    10  printf3.o(i._sputc)
    i._sputc                                 0x080084a4   Section        0  printfa.o(i._sputc)
    _sputc                                   0x080084a5   Thumb Code    10  printfa.o(i._sputc)
    .constdata                               0x080084b0   Section        8  main.o(.constdata)
    .constdata                               0x080084b8   Section     2072  oled.o(.constdata)
    .constdata                               0x08008cd0   Section       48  voice.o(.constdata)
    .constdata                               0x08008d00   Section      130  ov7725.o(.constdata)
    .conststring                             0x08008d84   Section       25  main.o(.conststring)
    .conststring                             0x08008da0   Section      141  esp8266.o(.conststring)
    .data                                    0x20000000   Section       12  main.o(.data)
    .data                                    0x2000000c   Section       20  system_stm32f10x.o(.data)
    .data                                    0x20000020   Section        1  key.o(.data)
    key_up                                   0x20000020   Data           1  key.o(.data)
    .data                                    0x20000021   Section        1  beep.o(.data)
    gBeep_State                              0x20000021   Data           1  beep.o(.data)
    .data                                    0x20000024   Section        8  timer.o(.data)
    sStep                                    0x20000026   Data           1  timer.o(.data)
    sEnd                                     0x20000028   Data           4  timer.o(.data)
    .data                                    0x2000002c   Section       36  esp8266.o(.data)
    .data                                    0x20000050   Section     1344  oled.o(.data)
    .data                                    0x20000590   Section        4  dht22.o(.data)
    .data                                    0x20000594   Section        1  exti.o(.data)
    .data                                    0x20000596   Section        4  delay.o(.data)
    fac_us                                   0x20000596   Data           1  delay.o(.data)
    fac_ms                                   0x20000598   Data           2  delay.o(.data)
    .data                                    0x2000059c   Section        8  usart.o(.data)
    .data                                    0x200005a4   Section       20  stm32f10x_rcc.o(.data)
    APBAHBPrescTable                         0x200005a4   Data          16  stm32f10x_rcc.o(.data)
    ADCPrescTable                            0x200005b4   Data           4  stm32f10x_rcc.o(.data)
    .data                                    0x200005b8   Section       20  timers.o(.data)
    pxCurrentTimerList                       0x200005b8   Data           4  timers.o(.data)
    pxOverflowTimerList                      0x200005bc   Data           4  timers.o(.data)
    xTimerQueue                              0x200005c0   Data           4  timers.o(.data)
    xTimerTaskHandle                         0x200005c4   Data           4  timers.o(.data)
    xLastTime                                0x200005c8   Data           4  timers.o(.data)
    .data                                    0x200005cc   Section       60  tasks.o(.data)
    pxDelayedTaskList                        0x200005d0   Data           4  tasks.o(.data)
    pxOverflowDelayedTaskList                0x200005d4   Data           4  tasks.o(.data)
    uxDeletedTasksWaitingCleanUp             0x200005d8   Data           4  tasks.o(.data)
    uxCurrentNumberOfTasks                   0x200005dc   Data           4  tasks.o(.data)
    xTickCount                               0x200005e0   Data           4  tasks.o(.data)
    uxTopReadyPriority                       0x200005e4   Data           4  tasks.o(.data)
    xSchedulerRunning                        0x200005e8   Data           4  tasks.o(.data)
    uxPendedTicks                            0x200005ec   Data           4  tasks.o(.data)
    xYieldPending                            0x200005f0   Data           4  tasks.o(.data)
    xNumOfOverflows                          0x200005f4   Data           4  tasks.o(.data)
    uxTaskNumber                             0x200005f8   Data           4  tasks.o(.data)
    xNextTaskUnblockTime                     0x200005fc   Data           4  tasks.o(.data)
    xIdleTaskHandle                          0x20000600   Data           4  tasks.o(.data)
    uxSchedulerSuspended                     0x20000604   Data           4  tasks.o(.data)
    .data                                    0x20000608   Section       24  heap_4.o(.data)
    xStart                                   0x20000608   Data           8  heap_4.o(.data)
    pxEnd                                    0x20000610   Data           4  heap_4.o(.data)
    xFreeBytesRemaining                      0x20000614   Data           4  heap_4.o(.data)
    xMinimumEverFreeBytesRemaining           0x20000618   Data           4  heap_4.o(.data)
    xBlockAllocatedBit                       0x2000061c   Data           4  heap_4.o(.data)
    .data                                    0x20000620   Section       12  port.o(.data)
    uxCriticalNesting                        0x20000620   Data           4  port.o(.data)
    ucMaxSysCallPriority                     0x20000624   Data           1  port.o(.data)
    ulMaxPRIGROUPValue                       0x20000628   Data           4  port.o(.data)
    .bss                                     0x2000062c   Section       16  dht22.o(.bss)
    gDHT22                                   0x2000062c   Data          16  dht22.o(.bss)
    .bss                                     0x2000063c   Section      600  usart.o(.bss)
    .bss                                     0x20000894   Section       40  timers.o(.bss)
    xActiveTimerList1                        0x20000894   Data          20  timers.o(.bss)
    xActiveTimerList2                        0x200008a8   Data          20  timers.o(.bss)
    .bss                                     0x200008bc   Section      740  tasks.o(.bss)
    pxReadyTasksLists                        0x200008bc   Data         640  tasks.o(.bss)
    xDelayedTaskList1                        0x20000b3c   Data          20  tasks.o(.bss)
    xDelayedTaskList2                        0x20000b50   Data          20  tasks.o(.bss)
    xPendingReadyList                        0x20000b64   Data          20  tasks.o(.bss)
    xTasksWaitingTermination                 0x20000b78   Data          20  tasks.o(.bss)
    xSuspendedTaskList                       0x20000b8c   Data          20  tasks.o(.bss)
    .bss                                     0x20000ba0   Section       64  queue.o(.bss)
    .bss                                     0x20000be0   Section    20480  heap_4.o(.bss)
    ucHeap                                   0x20000be0   Data       20480  heap_4.o(.bss)
    STACK                                    0x20005be0   Section     1024  startup_stm32f10x_hd.o(STACK)

    Global Symbols

    Symbol Name                              Value     Ov Type        Size  Object(Section)

    BuildAttributes$$THM_ISAv4$P$D$K$B$S$PE$A:L22UL41UL21$X:L11$S22US41US21$IEEE1$IW$USESV6$~STKCKD$USESV7$~SHL$OSPACE$ROPI$EBA8$MICROLIB$REQ8$PRES8$EABIv2 0x00000000   Number         0  anon$$obj.o ABSOLUTE
    __ARM_use_no_argv                        0x00000000   Number         0  main.o ABSOLUTE
    __use_no_errno                           0x00000000   Number         0  useno.o ABSOLUTE
    __use_no_exception_handling              0x00000000   Number         0  useno.o ABSOLUTE
    __use_no_fp                              0x00000000   Number         0  useno.o ABSOLUTE
    __use_no_heap                            0x00000000   Number         0  useno.o ABSOLUTE
    __use_no_heap_region                     0x00000000   Number         0  useno.o ABSOLUTE
    __use_no_semihosting                     0x00000000   Number         0  useno.o ABSOLUTE
    __use_no_semihosting_swi                 0x00000000   Number         0  useno.o ABSOLUTE
    __use_no_signal_handling                 0x00000000   Number         0  useno.o ABSOLUTE
    _printf_a                                0x00000000   Number         0  stubs.o ABSOLUTE
    _printf_c                                0x00000000   Number         0  stubs.o ABSOLUTE
    _printf_charcount                        0x00000000   Number         0  stubs.o ABSOLUTE
    _printf_d                                0x00000000   Number         0  stubs.o ABSOLUTE
    _printf_e                                0x00000000   Number         0  stubs.o ABSOLUTE
    _printf_f                                0x00000000   Number         0  stubs.o ABSOLUTE
    _printf_flags                            0x00000000   Number         0  stubs.o ABSOLUTE
    _printf_fp_dec                           0x00000000   Number         0  stubs.o ABSOLUTE
    _printf_fp_hex                           0x00000000   Number         0  stubs.o ABSOLUTE
    _printf_g                                0x00000000   Number         0  stubs.o ABSOLUTE
    _printf_i                                0x00000000   Number         0  stubs.o ABSOLUTE
    _printf_int_dec                          0x00000000   Number         0  stubs.o ABSOLUTE
    _printf_l                                0x00000000   Number         0  stubs.o ABSOLUTE
    _printf_lc                               0x00000000   Number         0  stubs.o ABSOLUTE
    _printf_ll                               0x00000000   Number         0  stubs.o ABSOLUTE
    _printf_lld                              0x00000000   Number         0  stubs.o ABSOLUTE
    _printf_lli                              0x00000000   Number         0  stubs.o ABSOLUTE
    _printf_llo                              0x00000000   Number         0  stubs.o ABSOLUTE
    _printf_llu                              0x00000000   Number         0  stubs.o ABSOLUTE
    _printf_llx                              0x00000000   Number         0  stubs.o ABSOLUTE
    _printf_longlong_dec                     0x00000000   Number         0  stubs.o ABSOLUTE
    _printf_longlong_hex                     0x00000000   Number         0  stubs.o ABSOLUTE
    _printf_longlong_oct                     0x00000000   Number         0  stubs.o ABSOLUTE
    _printf_ls                               0x00000000   Number         0  stubs.o ABSOLUTE
    _printf_mbtowc                           0x00000000   Number         0  stubs.o ABSOLUTE
    _printf_n                                0x00000000   Number         0  stubs.o ABSOLUTE
    _printf_o                                0x00000000   Number         0  stubs.o ABSOLUTE
    _printf_p                                0x00000000   Number         0  stubs.o ABSOLUTE
    _printf_percent                          0x00000000   Number         0  stubs.o ABSOLUTE
    _printf_pre_padding                      0x00000000   Number         0  stubs.o ABSOLUTE
    _printf_return_value                     0x00000000   Number         0  stubs.o ABSOLUTE
    _printf_s                                0x00000000   Number         0  stubs.o ABSOLUTE
    _printf_sizespec                         0x00000000   Number         0  stubs.o ABSOLUTE
    _printf_str                              0x00000000   Number         0  stubs.o ABSOLUTE
    _printf_truncate_signed                  0x00000000   Number         0  stubs.o ABSOLUTE
    _printf_truncate_unsigned                0x00000000   Number         0  stubs.o ABSOLUTE
    _printf_u                                0x00000000   Number         0  stubs.o ABSOLUTE
    _printf_wc                               0x00000000   Number         0  stubs.o ABSOLUTE
    _printf_wctomb                           0x00000000   Number         0  stubs.o ABSOLUTE
    _printf_widthprec                        0x00000000   Number         0  stubs.o ABSOLUTE
    _printf_x                                0x00000000   Number         0  stubs.o ABSOLUTE
    __arm_fini_                               - Undefined Weak Reference
    __cpp_initialize__aeabi_                  - Undefined Weak Reference
    __cxa_finalize                            - Undefined Weak Reference
    _clock_init                               - Undefined Weak Reference
    _microlib_exit                            - Undefined Weak Reference
    __Vectors_Size                           0x00000130   Number         0  startup_stm32f10x_hd.o ABSOLUTE
    __Vectors                                0x08000000   Data           4  startup_stm32f10x_hd.o(RESET)
    __Vectors_End                            0x08000130   Data           0  startup_stm32f10x_hd.o(RESET)
    __main                                   0x08000131   Thumb Code     0  entry.o(.ARM.Collect$$$$00000000)
    _main_stk                                0x08000131   Thumb Code     0  entry2.o(.ARM.Collect$$$$00000001)
    _main_scatterload                        0x08000135   Thumb Code     0  entry5.o(.ARM.Collect$$$$00000004)
    __main_after_scatterload                 0x08000139   Thumb Code     0  entry5.o(.ARM.Collect$$$$00000004)
    _main_clock                              0x08000139   Thumb Code     0  entry7b.o(.ARM.Collect$$$$00000008)
    _main_cpp_init                           0x08000139   Thumb Code     0  entry8b.o(.ARM.Collect$$$$0000000A)
    _main_init                               0x08000139   Thumb Code     0  entry9a.o(.ARM.Collect$$$$0000000B)
    __rt_lib_shutdown_fini                   0x08000141   Thumb Code     0  entry12b.o(.ARM.Collect$$$$0000000E)
    __rt_final_cpp                           0x08000145   Thumb Code     0  entry10a.o(.ARM.Collect$$$$0000000F)
    __rt_final_exit                          0x08000145   Thumb Code     0  entry11a.o(.ARM.Collect$$$$00000011)
    SVC_Handler                              0x08000149   Thumb Code    32  port.o(.emb_text)
    __asm___6_port_c_39a90d8d__prvStartFirstTask 0x0800016d   Thumb Code    28  port.o(.emb_text)
    PendSV_Handler                           0x0800018d   Thumb Code    72  port.o(.emb_text)
    vPortGetIPSR                             0x080001d9   Thumb Code     6  port.o(.emb_text)
    Timer_Count_Task                         0x080001e1   Thumb Code     2  main.o(.text)
    MainRunning_Task                         0x080001e3   Thumb Code   312  main.o(.text)
    Task_Init                                0x0800031b   Thumb Code    48  main.o(.text)
    main                                     0x0800034b   Thumb Code   184  main.o(.text)
    NMI_Handler                              0x080004a9   Thumb Code     2  stm32f10x_it.o(.text)
    HardFault_Handler                        0x080004ab   Thumb Code     4  stm32f10x_it.o(.text)
    MemManage_Handler                        0x080004af   Thumb Code     4  stm32f10x_it.o(.text)
    BusFault_Handler                         0x080004b3   Thumb Code     4  stm32f10x_it.o(.text)
    UsageFault_Handler                       0x080004b7   Thumb Code     4  stm32f10x_it.o(.text)
    DebugMon_Handler                         0x080004bb   Thumb Code     2  stm32f10x_it.o(.text)
    SysTick_Handler                          0x080004bd   Thumb Code    16  stm32f10x_it.o(.text)
    SystemInit                               0x080005ab   Thumb Code    78  system_stm32f10x.o(.text)
    SystemCoreClockUpdate                    0x080005f9   Thumb Code   142  system_stm32f10x.o(.text)
    KEY_Init                                 0x080006ad   Thumb Code    76  key.o(.text)
    KEY_Scan                                 0x080006f9   Thumb Code   156  key.o(.text)
    BEEP_Init                                0x0800079d   Thumb Code    46  beep.o(.text)
    Get_BeepState                            0x080007cb   Thumb Code     6  beep.o(.text)
    BEEP_Config                              0x080007d1   Thumb Code     6  beep.o(.text)
    BEEP_Handle                              0x080007d7   Thumb Code    28  beep.o(.text)
    Sound_Init                               0x080007f3   Thumb Code    34  beep.o(.text)
    TIM2_Int_Init                            0x08000821   Thumb Code    92  timer.o(.text)
    TIM3_Int_Init                            0x0800087d   Thumb Code    96  timer.o(.text)
    TIM7_Int_Init                            0x080008dd   Thumb Code    90  timer.o(.text)
    TIM4_PWM_Init                            0x08000937   Thumb Code   138  timer.o(.text)
    TIM2_IRQHandler                          0x080009c1   Thumb Code    22  timer.o(.text)
    TIM3_IRQHandler                          0x080009d7   Thumb Code    50  timer.o(.text)
    TIM7_IRQHandler                          0x08000a09   Thumb Code   112  timer.o(.text)
    ESP8266_Task                             0x08000a9d   Thumb Code   170  esp8266.o(.text)
    ESP8266_Task_Init                        0x08000b47   Thumb Code    48  esp8266.o(.text)
    IIC_Start                                0x08000ba9   Thumb Code    44  oled.o(.text)
    IIC_Stop                                 0x08000bd5   Thumb Code    34  oled.o(.text)
    IIC_Wait_Ack                             0x08000bf7   Thumb Code    24  oled.o(.text)
    Write_IIC_Byte                           0x08000c0f   Thumb Code    88  oled.o(.text)
    Write_IIC_Command                        0x08000c67   Thumb Code    44  oled.o(.text)
    Write_IIC_Data                           0x08000c93   Thumb Code    44  oled.o(.text)
    OLED_WR_Byte                             0x08000cbf   Thumb Code    24  oled.o(.text)
    fill_picture                             0x08000cd7   Thumb Code    64  oled.o(.text)
    Delay_50ms                               0x08000d17   Thumb Code    22  oled.o(.text)
    Delay_1ms                                0x08000d2d   Thumb Code    26  oled.o(.text)
    OLED_Set_Pos                             0x08000d47   Thumb Code    40  oled.o(.text)
    OLED_Display_On                          0x08000d6f   Thumb Code    28  oled.o(.text)
    OLED_Display_Off                         0x08000d8b   Thumb Code    28  oled.o(.text)
    OLED_Clear                               0x08000da7   Thumb Code    62  oled.o(.text)
    OLED_On                                  0x08000de5   Thumb Code    62  oled.o(.text)
    OLED_ShowChar                            0x08000e23   Thumb Code   154  oled.o(.text)
    oled_pow                                 0x08000ebd   Thumb Code    22  oled.o(.text)
    oled_pow1                                0x08000ed3   Thumb Code    22  oled.o(.text)
    OLED_ShowNum                             0x08000ee9   Thumb Code   136  oled.o(.text)
    OLED_ShowString                          0x08000f71   Thumb Code    72  oled.o(.text)
    OLED_ShowCHinese                         0x08000fb9   Thumb Code    98  oled.o(.text)
    OLED_DrawBMP                             0x0800101b   Thumb Code   118  oled.o(.text)
    OLED_Init                                0x08001091   Thumb Code   268  oled.o(.text)
    DHT22_Rst                                0x080011a5   Thumb Code    30  dht22.o(.text)
    DHT22_Check                              0x080011c3   Thumb Code    74  dht22.o(.text)
    DHT22_Read_Bit                           0x0800120d   Thumb Code    76  dht22.o(.text)
    DHT22_Read_Byte                          0x08001259   Thumb Code    30  dht22.o(.text)
    DHT22_RH2Ten                             0x08001277   Thumb Code    30  dht22.o(.text)
    DHT22_Tem2Ten                            0x08001295   Thumb Code    30  dht22.o(.text)
    RH_Tem_U32toString                       0x080012b3   Thumb Code    76  dht22.o(.text)
    Get_Dht22Value                           0x080012ff   Thumb Code     6  dht22.o(.text)
    DHT22_Read_Data                          0x08001305   Thumb Code   126  dht22.o(.text)
    DHT22_LIMIT                              0x08001383   Thumb Code    30  dht22.o(.text)
    DHT22_Init                               0x080013a1   Thumb Code    48  dht22.o(.text)
    VOICE_Select                             0x080013e1   Thumb Code    82  voice.o(.text)
    VOICE_Init                               0x08001433   Thumb Code    78  voice.o(.text)
    OV7725_Init                              0x0800148d   Thumb Code   286  ov7725.o(.text)
    OV7725_Light_Mode                        0x080015ab   Thumb Code   274  ov7725.o(.text)
    OV7725_Color_Saturation                  0x080016bd   Thumb Code    40  ov7725.o(.text)
    OV7725_Brightness                        0x080016e5   Thumb Code    98  ov7725.o(.text)
    OV7725_Contrast                          0x08001747   Thumb Code    34  ov7725.o(.text)
    OV7725_Special_Effects                   0x08001769   Thumb Code   190  ov7725.o(.text)
    OV7725_Window_Set                        0x08001827   Thumb Code   402  ov7725.o(.text)
    OV7725_Configuration                     0x080019b9   Thumb Code    50  ov7725.o(.text)
    Send_Pic_Div                             0x080019eb   Thumb Code    54  ov7725.o(.text)
    OV7725_camera_refresh                    0x08001a21   Thumb Code   162  ov7725.o(.text)
    EXTIX_Init                               0x08001add   Thumb Code   212  exti.o(.text)
    EXTI15_10_IRQHandler                     0x08001bb1   Thumb Code    78  exti.o(.text)
    EXTI15_Init                              0x08001bff   Thumb Code   118  exti.o(.text)
    SCCB_Init                                0x08001c89   Thumb Code    68  sccb.o(.text)
    SCCB_Start                               0x08001ccd   Thumb Code    42  sccb.o(.text)
    SCCB_Stop                                0x08001cf7   Thumb Code    42  sccb.o(.text)
    SCCB_No_Ack                              0x08001d21   Thumb Code    56  sccb.o(.text)
    SCCB_WR_Byte                             0x08001d59   Thumb Code   158  sccb.o(.text)
    SCCB_RD_Byte                             0x08001df7   Thumb Code   108  sccb.o(.text)
    SCCB_WR_Reg                              0x08001e63   Thumb Code    62  sccb.o(.text)
    SCCB_RD_Reg                              0x08001ea1   Thumb Code    78  sccb.o(.text)
    delay_init                               0x08001efd   Thumb Code    74  delay.o(.text)
    delay_us                                 0x08001f47   Thumb Code    68  delay.o(.text)
    delay_ms                                 0x08001f8b   Thumb Code    60  delay.o(.text)
    delay_xms                                0x08001fc7   Thumb Code    24  delay.o(.text)
    _sys_exit                                0x08001ff1   Thumb Code     6  usart.o(.text)
    fputc                                    0x08001ff7   Thumb Code    24  usart.o(.text)
    uart_init                                0x0800200f   Thumb Code   154  usart.o(.text)
    USART1_IRQHandler                        0x080020a9   Thumb Code   122  usart.o(.text)
    usart3_init                              0x08002123   Thumb Code   192  usart.o(.text)
    u3_printf                                0x080021e3   Thumb Code    72  usart.o(.text)
    USART3_IRQHandler                        0x0800222b   Thumb Code   174  usart.o(.text)
    Reset_Handler                            0x08002309   Thumb Code     8  startup_stm32f10x_hd.o(.text)
    ADC1_2_IRQHandler                        0x08002323   Thumb Code     0  startup_stm32f10x_hd.o(.text)
    ADC3_IRQHandler                          0x08002323   Thumb Code     0  startup_stm32f10x_hd.o(.text)
    CAN1_RX1_IRQHandler                      0x08002323   Thumb Code     0  startup_stm32f10x_hd.o(.text)
    CAN1_SCE_IRQHandler                      0x08002323   Thumb Code     0  startup_stm32f10x_hd.o(.text)
    DMA1_Channel1_IRQHandler                 0x08002323   Thumb Code     0  startup_stm32f10x_hd.o(.text)
    DMA1_Channel2_IRQHandler                 0x08002323   Thumb Code     0  startup_stm32f10x_hd.o(.text)
    DMA1_Channel3_IRQHandler                 0x08002323   Thumb Code     0  startup_stm32f10x_hd.o(.text)
    DMA1_Channel4_IRQHandler                 0x08002323   Thumb Code     0  startup_stm32f10x_hd.o(.text)
    DMA1_Channel5_IRQHandler                 0x08002323   Thumb Code     0  startup_stm32f10x_hd.o(.text)
    DMA1_Channel6_IRQHandler                 0x08002323   Thumb Code     0  startup_stm32f10x_hd.o(.text)
    DMA1_Channel7_IRQHandler                 0x08002323   Thumb Code     0  startup_stm32f10x_hd.o(.text)
    DMA2_Channel1_IRQHandler                 0x08002323   Thumb Code     0  startup_stm32f10x_hd.o(.text)
    DMA2_Channel2_IRQHandler                 0x08002323   Thumb Code     0  startup_stm32f10x_hd.o(.text)
    DMA2_Channel3_IRQHandler                 0x08002323   Thumb Code     0  startup_stm32f10x_hd.o(.text)
    DMA2_Channel4_5_IRQHandler               0x08002323   Thumb Code     0  startup_stm32f10x_hd.o(.text)
    EXTI0_IRQHandler                         0x08002323   Thumb Code     0  startup_stm32f10x_hd.o(.text)
    EXTI1_IRQHandler                         0x08002323   Thumb Code     0  startup_stm32f10x_hd.o(.text)
    EXTI2_IRQHandler                         0x08002323   Thumb Code     0  startup_stm32f10x_hd.o(.text)
    EXTI3_IRQHandler                         0x08002323   Thumb Code     0  startup_stm32f10x_hd.o(.text)
    EXTI4_IRQHandler                         0x08002323   Thumb Code     0  startup_stm32f10x_hd.o(.text)
    EXTI9_5_IRQHandler                       0x08002323   Thumb Code     0  startup_stm32f10x_hd.o(.text)
    FLASH_IRQHandler                         0x08002323   Thumb Code     0  startup_stm32f10x_hd.o(.text)
    FSMC_IRQHandler                          0x08002323   Thumb Code     0  startup_stm32f10x_hd.o(.text)
    I2C1_ER_IRQHandler                       0x08002323   Thumb Code     0  startup_stm32f10x_hd.o(.text)
    I2C1_EV_IRQHandler                       0x08002323   Thumb Code     0  startup_stm32f10x_hd.o(.text)
    I2C2_ER_IRQHandler                       0x08002323   Thumb Code     0  startup_stm32f10x_hd.o(.text)
    I2C2_EV_IRQHandler                       0x08002323   Thumb Code     0  startup_stm32f10x_hd.o(.text)
    PVD_IRQHandler                           0x08002323   Thumb Code     0  startup_stm32f10x_hd.o(.text)
    RCC_IRQHandler                           0x08002323   Thumb Code     0  startup_stm32f10x_hd.o(.text)
    RTCAlarm_IRQHandler                      0x08002323   Thumb Code     0  startup_stm32f10x_hd.o(.text)
    RTC_IRQHandler                           0x08002323   Thumb Code     0  startup_stm32f10x_hd.o(.text)
    SDIO_IRQHandler                          0x08002323   Thumb Code     0  startup_stm32f10x_hd.o(.text)
    SPI1_IRQHandler                          0x08002323   Thumb Code     0  startup_stm32f10x_hd.o(.text)
    SPI2_IRQHandler                          0x08002323   Thumb Code     0  startup_stm32f10x_hd.o(.text)
    SPI3_IRQHandler                          0x08002323   Thumb Code     0  startup_stm32f10x_hd.o(.text)
    TAMPER_IRQHandler                        0x08002323   Thumb Code     0  startup_stm32f10x_hd.o(.text)
    TIM1_BRK_IRQHandler                      0x08002323   Thumb Code     0  startup_stm32f10x_hd.o(.text)
    TIM1_CC_IRQHandler                       0x08002323   Thumb Code     0  startup_stm32f10x_hd.o(.text)
    TIM1_TRG_COM_IRQHandler                  0x08002323   Thumb Code     0  startup_stm32f10x_hd.o(.text)
    TIM1_UP_IRQHandler                       0x08002323   Thumb Code     0  startup_stm32f10x_hd.o(.text)
    TIM4_IRQHandler                          0x08002323   Thumb Code     0  startup_stm32f10x_hd.o(.text)
    TIM5_IRQHandler                          0x08002323   Thumb Code     0  startup_stm32f10x_hd.o(.text)
    TIM6_IRQHandler                          0x08002323   Thumb Code     0  startup_stm32f10x_hd.o(.text)
    TIM8_BRK_IRQHandler                      0x08002323   Thumb Code     0  startup_stm32f10x_hd.o(.text)
    TIM8_CC_IRQHandler                       0x08002323   Thumb Code     0  startup_stm32f10x_hd.o(.text)
    TIM8_TRG_COM_IRQHandler                  0x08002323   Thumb Code     0  startup_stm32f10x_hd.o(.text)
    TIM8_UP_IRQHandler                       0x08002323   Thumb Code     0  startup_stm32f10x_hd.o(.text)
    UART4_IRQHandler                         0x08002323   Thumb Code     0  startup_stm32f10x_hd.o(.text)
    UART5_IRQHandler                         0x08002323   Thumb Code     0  startup_stm32f10x_hd.o(.text)
    USART2_IRQHandler                        0x08002323   Thumb Code     0  startup_stm32f10x_hd.o(.text)
    USBWakeUp_IRQHandler                     0x08002323   Thumb Code     0  startup_stm32f10x_hd.o(.text)
    USB_HP_CAN1_TX_IRQHandler                0x08002323   Thumb Code     0  startup_stm32f10x_hd.o(.text)
    USB_LP_CAN1_RX0_IRQHandler               0x08002323   Thumb Code     0  startup_stm32f10x_hd.o(.text)
    WWDG_IRQHandler                          0x08002323   Thumb Code     0  startup_stm32f10x_hd.o(.text)
    NVIC_PriorityGroupConfig                 0x0800232d   Thumb Code    10  misc.o(.text)
    NVIC_Init                                0x08002337   Thumb Code   100  misc.o(.text)
    NVIC_SetVectorTable                      0x0800239b   Thumb Code    14  misc.o(.text)
    NVIC_SystemLPConfig                      0x080023a9   Thumb Code    34  misc.o(.text)
    SysTick_CLKSourceConfig                  0x080023cb   Thumb Code    40  misc.o(.text)
    GPIO_DeInit                              0x08002409   Thumb Code   172  stm32f10x_gpio.o(.text)
    GPIO_AFIODeInit                          0x080024b5   Thumb Code    20  stm32f10x_gpio.o(.text)
    GPIO_Init                                0x080024c9   Thumb Code   278  stm32f10x_gpio.o(.text)
    GPIO_StructInit                          0x080025df   Thumb Code    16  stm32f10x_gpio.o(.text)
    GPIO_ReadInputDataBit                    0x080025ef   Thumb Code    18  stm32f10x_gpio.o(.text)
    GPIO_ReadInputData                       0x08002601   Thumb Code     8  stm32f10x_gpio.o(.text)
    GPIO_ReadOutputDataBit                   0x08002609   Thumb Code    18  stm32f10x_gpio.o(.text)
    GPIO_ReadOutputData                      0x0800261b   Thumb Code     8  stm32f10x_gpio.o(.text)
    GPIO_SetBits                             0x08002623   Thumb Code     4  stm32f10x_gpio.o(.text)
    GPIO_ResetBits                           0x08002627   Thumb Code     4  stm32f10x_gpio.o(.text)
    GPIO_WriteBit                            0x0800262b   Thumb Code    10  stm32f10x_gpio.o(.text)
    GPIO_Write                               0x08002635   Thumb Code     4  stm32f10x_gpio.o(.text)
    GPIO_PinLockConfig                       0x08002639   Thumb Code    18  stm32f10x_gpio.o(.text)
    GPIO_EventOutputConfig                   0x0800264b   Thumb Code    26  stm32f10x_gpio.o(.text)
    GPIO_EventOutputCmd                      0x08002665   Thumb Code     6  stm32f10x_gpio.o(.text)
    GPIO_PinRemapConfig                      0x0800266b   Thumb Code   138  stm32f10x_gpio.o(.text)
    GPIO_EXTILineConfig                      0x080026f5   Thumb Code    66  stm32f10x_gpio.o(.text)
    GPIO_ETH_MediaInterfaceConfig            0x08002737   Thumb Code     8  stm32f10x_gpio.o(.text)
    RCC_DeInit                               0x08002765   Thumb Code    64  stm32f10x_rcc.o(.text)
    RCC_HSEConfig                            0x080027a5   Thumb Code    70  stm32f10x_rcc.o(.text)
    RCC_GetFlagStatus                        0x080027eb   Thumb Code    56  stm32f10x_rcc.o(.text)
    RCC_WaitForHSEStartUp                    0x08002823   Thumb Code    56  stm32f10x_rcc.o(.text)
    RCC_AdjustHSICalibrationValue            0x0800285b   Thumb Code    20  stm32f10x_rcc.o(.text)
    RCC_HSICmd                               0x0800286f   Thumb Code     6  stm32f10x_rcc.o(.text)
    RCC_PLLConfig                            0x08002875   Thumb Code    24  stm32f10x_rcc.o(.text)
    RCC_PLLCmd                               0x0800288d   Thumb Code     6  stm32f10x_rcc.o(.text)
    RCC_SYSCLKConfig                         0x08002893   Thumb Code    18  stm32f10x_rcc.o(.text)
    RCC_GetSYSCLKSource                      0x080028a5   Thumb Code    10  stm32f10x_rcc.o(.text)
    RCC_HCLKConfig                           0x080028af   Thumb Code    18  stm32f10x_rcc.o(.text)
    RCC_PCLK1Config                          0x080028c1   Thumb Code    18  stm32f10x_rcc.o(.text)
    RCC_PCLK2Config                          0x080028d3   Thumb Code    20  stm32f10x_rcc.o(.text)
    RCC_ITConfig                             0x080028e7   Thumb Code    26  stm32f10x_rcc.o(.text)
    RCC_USBCLKConfig                         0x08002901   Thumb Code     8  stm32f10x_rcc.o(.text)
    RCC_ADCCLKConfig                         0x08002909   Thumb Code    18  stm32f10x_rcc.o(.text)
    RCC_LSEConfig                            0x0800291b   Thumb Code    50  stm32f10x_rcc.o(.text)
    RCC_LSICmd                               0x0800294d   Thumb Code     6  stm32f10x_rcc.o(.text)
    RCC_RTCCLKConfig                         0x08002953   Thumb Code    12  stm32f10x_rcc.o(.text)
    RCC_RTCCLKCmd                            0x0800295f   Thumb Code     8  stm32f10x_rcc.o(.text)
    RCC_GetClocksFreq                        0x08002967   Thumb Code   192  stm32f10x_rcc.o(.text)
    RCC_AHBPeriphClockCmd                    0x08002a27   Thumb Code    26  stm32f10x_rcc.o(.text)
    RCC_APB2PeriphClockCmd                   0x08002a41   Thumb Code    26  stm32f10x_rcc.o(.text)
    RCC_APB1PeriphClockCmd                   0x08002a5b   Thumb Code    26  stm32f10x_rcc.o(.text)
    RCC_APB2PeriphResetCmd                   0x08002a75   Thumb Code    26  stm32f10x_rcc.o(.text)
    RCC_APB1PeriphResetCmd                   0x08002a8f   Thumb Code    26  stm32f10x_rcc.o(.text)
    RCC_BackupResetCmd                       0x08002aa9   Thumb Code     8  stm32f10x_rcc.o(.text)
    RCC_ClockSecuritySystemCmd               0x08002ab1   Thumb Code     6  stm32f10x_rcc.o(.text)
    RCC_MCOConfig                            0x08002ab7   Thumb Code     6  stm32f10x_rcc.o(.text)
    RCC_ClearFlag                            0x08002abd   Thumb Code    14  stm32f10x_rcc.o(.text)
    RCC_GetITStatus                          0x08002acb   Thumb Code    20  stm32f10x_rcc.o(.text)
    RCC_ClearITPendingBit                    0x08002adf   Thumb Code     6  stm32f10x_rcc.o(.text)
    USART_DeInit                             0x08002b09   Thumb Code   134  stm32f10x_usart.o(.text)
    USART_Init                               0x08002b8f   Thumb Code   210  stm32f10x_usart.o(.text)
    USART_StructInit                         0x08002c61   Thumb Code    24  stm32f10x_usart.o(.text)
    USART_ClockInit                          0x08002c79   Thumb Code    34  stm32f10x_usart.o(.text)
    USART_ClockStructInit                    0x08002c9b   Thumb Code    12  stm32f10x_usart.o(.text)
    USART_Cmd                                0x08002ca7   Thumb Code    24  stm32f10x_usart.o(.text)
    USART_ITConfig                           0x08002cbf   Thumb Code    74  stm32f10x_usart.o(.text)
    USART_DMACmd                             0x08002d09   Thumb Code    18  stm32f10x_usart.o(.text)
    USART_SetAddress                         0x08002d1b   Thumb Code    18  stm32f10x_usart.o(.text)
    USART_WakeUpConfig                       0x08002d2d   Thumb Code    18  stm32f10x_usart.o(.text)
    USART_ReceiverWakeUpCmd                  0x08002d3f   Thumb Code    24  stm32f10x_usart.o(.text)
    USART_LINBreakDetectLengthConfig         0x08002d57   Thumb Code    18  stm32f10x_usart.o(.text)
    USART_LINCmd                             0x08002d69   Thumb Code    24  stm32f10x_usart.o(.text)
    USART_SendData                           0x08002d81   Thumb Code     8  stm32f10x_usart.o(.text)
    USART_ReceiveData                        0x08002d89   Thumb Code    10  stm32f10x_usart.o(.text)
    USART_SendBreak                          0x08002d93   Thumb Code    10  stm32f10x_usart.o(.text)
    USART_SetGuardTime                       0x08002d9d   Thumb Code    16  stm32f10x_usart.o(.text)
    USART_SetPrescaler                       0x08002dad   Thumb Code    16  stm32f10x_usart.o(.text)
    USART_SmartCardCmd                       0x08002dbd   Thumb Code    24  stm32f10x_usart.o(.text)
    USART_SmartCardNACKCmd                   0x08002dd5   Thumb Code    24  stm32f10x_usart.o(.text)
    USART_HalfDuplexCmd                      0x08002ded   Thumb Code    24  stm32f10x_usart.o(.text)
    USART_OverSampling8Cmd                   0x08002e05   Thumb Code    22  stm32f10x_usart.o(.text)
    USART_OneBitMethodCmd                    0x08002e1b   Thumb Code    24  stm32f10x_usart.o(.text)
    USART_IrDAConfig                         0x08002e33   Thumb Code    18  stm32f10x_usart.o(.text)
    USART_IrDACmd                            0x08002e45   Thumb Code    24  stm32f10x_usart.o(.text)
    USART_GetFlagStatus                      0x08002e5d   Thumb Code    26  stm32f10x_usart.o(.text)
    USART_ClearFlag                          0x08002e77   Thumb Code    18  stm32f10x_usart.o(.text)
    USART_GetITStatus                        0x08002e89   Thumb Code    84  stm32f10x_usart.o(.text)
    USART_ClearITPendingBit                  0x08002edd   Thumb Code    52  stm32f10x_usart.o(.text)
    TIM_DeInit                               0x08002f11   Thumb Code   424  stm32f10x_tim.o(.text)
    TIM_TimeBaseInit                         0x080030b9   Thumb Code   122  stm32f10x_tim.o(.text)
    TIM_OC1Init                              0x08003133   Thumb Code   132  stm32f10x_tim.o(.text)
    TIM_OC2Init                              0x080031b7   Thumb Code   154  stm32f10x_tim.o(.text)
    TIM_OC3Init                              0x08003251   Thumb Code   150  stm32f10x_tim.o(.text)
    TIM_OC4Init                              0x080032e7   Thumb Code   182  stm32f10x_tim.o(.text)
    TIM_SetIC4Prescaler                      0x0800339d   Thumb Code    26  stm32f10x_tim.o(.text)
    TIM_SetIC3Prescaler                      0x08003439   Thumb Code    18  stm32f10x_tim.o(.text)
    TIM_SetIC2Prescaler                      0x080034c5   Thumb Code    26  stm32f10x_tim.o(.text)
    TIM_SetIC1Prescaler                      0x08003561   Thumb Code    18  stm32f10x_tim.o(.text)
    TIM_ICInit                               0x080035df   Thumb Code   150  stm32f10x_tim.o(.text)
    TIM_PWMIConfig                           0x08003675   Thumb Code   124  stm32f10x_tim.o(.text)
    TIM_BDTRConfig                           0x080036f1   Thumb Code    32  stm32f10x_tim.o(.text)
    TIM_TimeBaseStructInit                   0x08003711   Thumb Code    18  stm32f10x_tim.o(.text)
    TIM_OCStructInit                         0x08003723   Thumb Code    20  stm32f10x_tim.o(.text)
    TIM_ICStructInit                         0x08003737   Thumb Code    18  stm32f10x_tim.o(.text)
    TIM_BDTRStructInit                       0x08003749   Thumb Code    40  stm32f10x_tim.o(.text)
    TIM_Cmd                                  0x08003771   Thumb Code    24  stm32f10x_tim.o(.text)
    TIM_CtrlPWMOutputs                       0x08003789   Thumb Code    30  stm32f10x_tim.o(.text)
    TIM_ITConfig                             0x080037a7   Thumb Code    18  stm32f10x_tim.o(.text)
    TIM_GenerateEvent                        0x080037b9   Thumb Code     4  stm32f10x_tim.o(.text)
    TIM_DMAConfig                            0x080037bd   Thumb Code    10  stm32f10x_tim.o(.text)
    TIM_DMACmd                               0x080037c7   Thumb Code    18  stm32f10x_tim.o(.text)
    TIM_InternalClockConfig                  0x080037d9   Thumb Code    12  stm32f10x_tim.o(.text)
    TIM_SelectInputTrigger                   0x080037e5   Thumb Code    18  stm32f10x_tim.o(.text)
    TIM_ITRxExternalClockConfig              0x080037f7   Thumb Code    24  stm32f10x_tim.o(.text)
    TIM_TIxExternalClockConfig               0x0800380f   Thumb Code    62  stm32f10x_tim.o(.text)
    TIM_ETRConfig                            0x0800384d   Thumb Code    28  stm32f10x_tim.o(.text)
    TIM_ETRClockMode1Config                  0x08003869   Thumb Code    54  stm32f10x_tim.o(.text)
    TIM_ETRClockMode2Config                  0x0800389f   Thumb Code    32  stm32f10x_tim.o(.text)
    TIM_PrescalerConfig                      0x080038bf   Thumb Code     6  stm32f10x_tim.o(.text)
    TIM_CounterModeConfig                    0x080038c5   Thumb Code    18  stm32f10x_tim.o(.text)
    TIM_EncoderInterfaceConfig               0x080038d7   Thumb Code    66  stm32f10x_tim.o(.text)
    TIM_ForcedOC1Config                      0x08003919   Thumb Code    18  stm32f10x_tim.o(.text)
    TIM_ForcedOC2Config                      0x0800392b   Thumb Code    26  stm32f10x_tim.o(.text)
    TIM_ForcedOC3Config                      0x08003945   Thumb Code    18  stm32f10x_tim.o(.text)
    TIM_ForcedOC4Config                      0x08003957   Thumb Code    26  stm32f10x_tim.o(.text)
    TIM_ARRPreloadConfig                     0x08003971   Thumb Code    24  stm32f10x_tim.o(.text)
    TIM_SelectCOM                            0x08003989   Thumb Code    24  stm32f10x_tim.o(.text)
    TIM_SelectCCDMA                          0x080039a1   Thumb Code    24  stm32f10x_tim.o(.text)
    TIM_CCPreloadControl                     0x080039b9   Thumb Code    24  stm32f10x_tim.o(.text)
    TIM_OC1PreloadConfig                     0x080039d1   Thumb Code    18  stm32f10x_tim.o(.text)
    TIM_OC2PreloadConfig                     0x080039e3   Thumb Code    26  stm32f10x_tim.o(.text)
    TIM_OC3PreloadConfig                     0x080039fd   Thumb Code    18  stm32f10x_tim.o(.text)
    TIM_OC4PreloadConfig                     0x08003a0f   Thumb Code    26  stm32f10x_tim.o(.text)
    TIM_OC1FastConfig                        0x08003a29   Thumb Code    18  stm32f10x_tim.o(.text)
    TIM_OC2FastConfig                        0x08003a3b   Thumb Code    26  stm32f10x_tim.o(.text)
    TIM_OC3FastConfig                        0x08003a55   Thumb Code    18  stm32f10x_tim.o(.text)
    TIM_OC4FastConfig                        0x08003a67   Thumb Code    26  stm32f10x_tim.o(.text)
    TIM_ClearOC1Ref                          0x08003a81   Thumb Code    18  stm32f10x_tim.o(.text)
    TIM_ClearOC2Ref                          0x08003a93   Thumb Code    24  stm32f10x_tim.o(.text)
    TIM_ClearOC3Ref                          0x08003aab   Thumb Code    18  stm32f10x_tim.o(.text)
    TIM_ClearOC4Ref                          0x08003abd   Thumb Code    24  stm32f10x_tim.o(.text)
    TIM_OC1PolarityConfig                    0x08003ad5   Thumb Code    18  stm32f10x_tim.o(.text)
    TIM_OC1NPolarityConfig                   0x08003ae7   Thumb Code    18  stm32f10x_tim.o(.text)
    TIM_OC2PolarityConfig                    0x08003af9   Thumb Code    26  stm32f10x_tim.o(.text)
    TIM_OC2NPolarityConfig                   0x08003b13   Thumb Code    26  stm32f10x_tim.o(.text)
    TIM_OC3PolarityConfig                    0x08003b2d   Thumb Code    26  stm32f10x_tim.o(.text)
    TIM_OC3NPolarityConfig                   0x08003b47   Thumb Code    26  stm32f10x_tim.o(.text)
    TIM_OC4PolarityConfig                    0x08003b61   Thumb Code    26  stm32f10x_tim.o(.text)
    TIM_CCxCmd                               0x08003b7b   Thumb Code    30  stm32f10x_tim.o(.text)
    TIM_CCxNCmd                              0x08003b99   Thumb Code    30  stm32f10x_tim.o(.text)
    TIM_SelectOCxM                           0x08003bb7   Thumb Code    82  stm32f10x_tim.o(.text)
    TIM_UpdateDisableConfig                  0x08003c09   Thumb Code    24  stm32f10x_tim.o(.text)
    TIM_UpdateRequestConfig                  0x08003c21   Thumb Code    24  stm32f10x_tim.o(.text)
    TIM_SelectHallSensor                     0x08003c39   Thumb Code    24  stm32f10x_tim.o(.text)
    TIM_SelectOnePulseMode                   0x08003c51   Thumb Code    18  stm32f10x_tim.o(.text)
    TIM_SelectOutputTrigger                  0x08003c63   Thumb Code    18  stm32f10x_tim.o(.text)
    TIM_SelectSlaveMode                      0x08003c75   Thumb Code    18  stm32f10x_tim.o(.text)
    TIM_SelectMasterSlaveMode                0x08003c87   Thumb Code    18  stm32f10x_tim.o(.text)
    TIM_SetCounter                           0x08003c99   Thumb Code     4  stm32f10x_tim.o(.text)
    TIM_SetAutoreload                        0x08003c9d   Thumb Code     4  stm32f10x_tim.o(.text)
    TIM_SetCompare1                          0x08003ca1   Thumb Code     4  stm32f10x_tim.o(.text)
    TIM_SetCompare2                          0x08003ca5   Thumb Code     4  stm32f10x_tim.o(.text)
    TIM_SetCompare3                          0x08003ca9   Thumb Code     4  stm32f10x_tim.o(.text)
    TIM_SetCompare4                          0x08003cad   Thumb Code     6  stm32f10x_tim.o(.text)
    TIM_SetClockDivision                     0x08003cb3   Thumb Code    18  stm32f10x_tim.o(.text)
    TIM_GetCapture1                          0x08003cc5   Thumb Code     6  stm32f10x_tim.o(.text)
    TIM_GetCapture2                          0x08003ccb   Thumb Code     6  stm32f10x_tim.o(.text)
    TIM_GetCapture3                          0x08003cd1   Thumb Code     6  stm32f10x_tim.o(.text)
    TIM_GetCapture4                          0x08003cd7   Thumb Code     8  stm32f10x_tim.o(.text)
    TIM_GetCounter                           0x08003cdf   Thumb Code     6  stm32f10x_tim.o(.text)
    TIM_GetPrescaler                         0x08003ce5   Thumb Code     6  stm32f10x_tim.o(.text)
    TIM_GetFlagStatus                        0x08003ceb   Thumb Code    18  stm32f10x_tim.o(.text)
    TIM_ClearFlag                            0x08003cfd   Thumb Code     6  stm32f10x_tim.o(.text)
    TIM_GetITStatus                          0x08003d03   Thumb Code    34  stm32f10x_tim.o(.text)
    TIM_ClearITPendingBit                    0x08003d25   Thumb Code     6  stm32f10x_tim.o(.text)
    EXTI_DeInit                              0x08003d2d   Thumb Code    28  stm32f10x_exti.o(.text)
    EXTI_Init                                0x08003d49   Thumb Code   142  stm32f10x_exti.o(.text)
    EXTI_StructInit                          0x08003dd7   Thumb Code    16  stm32f10x_exti.o(.text)
    EXTI_GenerateSWInterrupt                 0x08003de7   Thumb Code    16  stm32f10x_exti.o(.text)
    EXTI_GetFlagStatus                       0x08003df7   Thumb Code    22  stm32f10x_exti.o(.text)
    EXTI_ClearFlag                           0x08003e0d   Thumb Code     8  stm32f10x_exti.o(.text)
    EXTI_GetITStatus                         0x08003e15   Thumb Code    34  stm32f10x_exti.o(.text)
    EXTI_ClearITPendingBit                   0x08003e37   Thumb Code     8  stm32f10x_exti.o(.text)
    xTimerGenericCommand                     0x08003e99   Thumb Code   118  timers.o(.text)
    xTimerCreateTimerTask                    0x08004201   Thumb Code    56  timers.o(.text)
    xTimerCreate                             0x080042df   Thumb Code    48  timers.o(.text)
    xTimerGetTimerDaemonTaskHandle           0x0800430f   Thumb Code    38  timers.o(.text)
    xTimerGetPeriod                          0x08004335   Thumb Code    28  timers.o(.text)
    xTimerGetExpiryTime                      0x08004351   Thumb Code    30  timers.o(.text)
    pcTimerGetName                           0x0800436f   Thumb Code    28  timers.o(.text)
    xTimerIsTimerActive                      0x0800438b   Thumb Code    50  timers.o(.text)
    pvTimerGetTimerID                        0x080043bd   Thumb Code    38  timers.o(.text)
    vTimerSetTimerID                         0x080043e3   Thumb Code    38  timers.o(.text)
    xTimerPendFunctionCallFromISR            0x08004409   Thumb Code    48  timers.o(.text)
    xTimerPendFunctionCall                   0x08004439   Thumb Code    70  timers.o(.text)
    xTaskCreate                              0x08004615   Thumb Code    96  tasks.o(.text)
    vTaskDelete                              0x080046b1   Thumb Code   192  tasks.o(.text)
    xTaskIncrementTick                       0x08004771   Thumb Code   392  tasks.o(.text)
    xTaskResumeAll                           0x080048f9   Thumb Code   218  tasks.o(.text)
    vTaskSuspendAll                          0x08004a4f   Thumb Code    12  tasks.o(.text)
    vTaskDelayUntil                          0x08004a5b   Thumb Code   182  tasks.o(.text)
    vTaskDelay                               0x08004b11   Thumb Code    76  tasks.o(.text)
    eTaskGetState                            0x08004b5d   Thumb Code   106  tasks.o(.text)
    uxTaskPriorityGet                        0x08004bc7   Thumb Code    30  tasks.o(.text)
    uxTaskPriorityGetFromISR                 0x08004be5   Thumb Code    62  tasks.o(.text)
    vTaskPrioritySet                         0x08004c23   Thumb Code   320  tasks.o(.text)
    vTaskSwitchContext                       0x08004d63   Thumb Code   114  tasks.o(.text)
    vTaskSuspend                             0x08004dd5   Thumb Code   190  tasks.o(.text)
    vTaskResume                              0x08004edf   Thumb Code   122  tasks.o(.text)
    xTaskResumeFromISR                       0x08004f59   Thumb Code   152  tasks.o(.text)
    vTaskStartScheduler                      0x08005067   Thumb Code   112  tasks.o(.text)
    vTaskEndScheduler                        0x080050d7   Thumb Code    32  tasks.o(.text)
    xTaskGetTickCount                        0x080050f7   Thumb Code     6  tasks.o(.text)
    xTaskGetTickCountFromISR                 0x080050fd   Thumb Code    16  tasks.o(.text)
    uxTaskGetNumberOfTasks                   0x0800510d   Thumb Code     6  tasks.o(.text)
    pcTaskGetName                            0x08005113   Thumb Code   114  tasks.o(.text)
    vTaskGetInfo                             0x0800519b   Thumb Code   114  tasks.o(.text)
    uxTaskGetSystemState                     0x08005277   Thumb Code   152  tasks.o(.text)
    vTaskPlaceOnEventList                    0x0800530f   Thumb Code    46  tasks.o(.text)
    vTaskPlaceOnUnorderedEventList           0x0800533d   Thumb Code    88  tasks.o(.text)
    vTaskPlaceOnEventListRestricted          0x08005395   Thumb Code    54  tasks.o(.text)
    xTaskRemoveFromEventList                 0x080053cb   Thumb Code   122  tasks.o(.text)
    xTaskRemoveFromUnorderedEventList        0x08005445   Thumb Code   142  tasks.o(.text)
    vTaskSetTimeOutState                     0x080054d3   Thumb Code    36  tasks.o(.text)
    xTaskCheckForTimeOut                     0x080054f7   Thumb Code   124  tasks.o(.text)
    vTaskMissedYield                         0x08005573   Thumb Code     8  tasks.o(.text)
    uxTaskGetTaskNumber                      0x0800557b   Thumb Code    66  tasks.o(.text)
    vTaskSetTaskNumber                       0x080055bd   Thumb Code     8  tasks.o(.text)
    xTaskGetCurrentTaskHandle                0x080055c5   Thumb Code     6  tasks.o(.text)
    xTaskGetSchedulerState                   0x080055cb   Thumb Code    24  tasks.o(.text)
    vTaskPriorityInherit                     0x080055e3   Thumb Code   164  tasks.o(.text)
    xTaskPriorityDisinherit                  0x08005687   Thumb Code   176  tasks.o(.text)
    vTaskList                                0x08005761   Thumb Code   204  tasks.o(.text)
    uxTaskResetEventItemValue                0x0800582d   Thumb Code    24  tasks.o(.text)
    pvTaskIncrementMutexHeldCount            0x08005845   Thumb Code    26  tasks.o(.text)
    ulTaskNotifyTake                         0x0800585f   Thumb Code   108  tasks.o(.text)
    xTaskNotifyWait                          0x080058cb   Thumb Code   150  tasks.o(.text)
    xTaskGenericNotify                       0x08005961   Thumb Code   276  tasks.o(.text)
    xTaskGenericNotifyFromISR                0x08005a75   Thumb Code   282  tasks.o(.text)
    vTaskNotifyGiveFromISR                   0x08005b8f   Thumb Code   200  tasks.o(.text)
    xTaskNotifyStateClear                    0x08005c57   Thumb Code    48  tasks.o(.text)
    xQueueGenericReset                       0x08005ca9   Thumb Code   136  queue.o(.text)
    xQueueGenericCreate                      0x08005d5f   Thumb Code    78  queue.o(.text)
    xQueueGenericSend                        0x08005f55   Thumb Code   456  queue.o(.text)
    xQueueCreateMutex                        0x08006139   Thumb Code    34  queue.o(.text)
    xQueueGiveMutexRecursive                 0x0800615b   Thumb Code    66  queue.o(.text)
    xQueueGenericReceive                     0x080061e1   Thumb Code   428  queue.o(.text)
    xQueueTakeMutexRecursive                 0x0800638d   Thumb Code    76  queue.o(.text)
    xQueueCreateCountingSemaphore            0x080063d9   Thumb Code    80  queue.o(.text)
    xQueueGenericSendFromISR                 0x08006429   Thumb Code   252  queue.o(.text)
    xQueueGiveFromISR                        0x08006525   Thumb Code   228  queue.o(.text)
    xQueueReceiveFromISR                     0x08006609   Thumb Code   190  queue.o(.text)
    xQueuePeekFromISR                        0x080066c7   Thumb Code   158  queue.o(.text)
    uxQueueMessagesWaiting                   0x08006765   Thumb Code    36  queue.o(.text)
    uxQueueSpacesAvailable                   0x08006789   Thumb Code    42  queue.o(.text)
    uxQueueMessagesWaitingFromISR            0x080067b3   Thumb Code    28  queue.o(.text)
    vQueueUnregisterQueue                    0x080067cf   Thumb Code    44  queue.o(.text)
    vQueueDelete                             0x080067fb   Thumb Code    38  queue.o(.text)
    uxQueueGetQueueNumber                    0x08006821   Thumb Code     6  queue.o(.text)
    vQueueSetQueueNumber                     0x08006827   Thumb Code     4  queue.o(.text)
    ucQueueGetQueueType                      0x0800682b   Thumb Code     8  queue.o(.text)
    xQueueIsQueueEmptyFromISR                0x08006833   Thumb Code    36  queue.o(.text)
    xQueueIsQueueFullFromISR                 0x08006857   Thumb Code    40  queue.o(.text)
    vQueueAddToRegistry                      0x0800687f   Thumb Code    38  queue.o(.text)
    pcQueueGetName                           0x080068a5   Thumb Code    38  queue.o(.text)
    vQueueWaitForMessageRestricted           0x080068cb   Thumb Code    74  queue.o(.text)
    xQueueCreateSet                          0x08006915   Thumb Code    20  queue.o(.text)
    xQueueAddToSet                           0x08006929   Thumb Code    38  queue.o(.text)
    xQueueRemoveFromSet                      0x0800694f   Thumb Code    48  queue.o(.text)
    xQueueSelectFromSet                      0x0800697f   Thumb Code    26  queue.o(.text)
    xQueueSelectFromSetFromISR               0x08006999   Thumb Code    22  queue.o(.text)
    vListInitialise                          0x080069b5   Thumb Code    26  list.o(.text)
    vListInitialiseItem                      0x080069cf   Thumb Code     6  list.o(.text)
    vListInsertEnd                           0x080069d5   Thumb Code    24  list.o(.text)
    vListInsert                              0x080069ed   Thumb Code    52  list.o(.text)
    uxListRemove                             0x08006a21   Thumb Code    40  list.o(.text)
    xEventGroupCreate                        0x08006a49   Thumb Code    26  event_groups.o(.text)
    xEventGroupSetBits                       0x08006a63   Thumb Code   186  event_groups.o(.text)
    xEventGroupSync                          0x08006b1d   Thumb Code   228  event_groups.o(.text)
    xEventGroupWaitBits                      0x08006c1f   Thumb Code   294  event_groups.o(.text)
    xEventGroupClearBits                     0x08006d45   Thumb Code    72  event_groups.o(.text)
    vEventGroupClearBitsCallback             0x08006d8d   Thumb Code    16  event_groups.o(.text)
    xEventGroupClearBitsFromISR              0x08006d9d   Thumb Code    26  event_groups.o(.text)
    xEventGroupGetBitsFromISR                0x08006db7   Thumb Code    44  event_groups.o(.text)
    vEventGroupDelete                        0x08006de3   Thumb Code    72  event_groups.o(.text)
    vEventGroupSetBitsCallback               0x08006e2b   Thumb Code    66  event_groups.o(.text)
    xEventGroupSetBitsFromISR                0x08006e6d   Thumb Code    32  event_groups.o(.text)
    uxEventGroupGetNumber                    0x08006e8d   Thumb Code    14  event_groups.o(.text)
    pvPortMalloc                             0x08006f5f   Thumb Code   262  heap_4.o(.text)
    vPortFree                                0x08007065   Thumb Code   120  heap_4.o(.text)
    xPortGetFreeHeapSize                     0x080070dd   Thumb Code     6  heap_4.o(.text)
    xPortGetMinimumEverFreeHeapSize          0x080070e3   Thumb Code     6  heap_4.o(.text)
    vPortInitialiseBlocks                    0x080070e9   Thumb Code     2  heap_4.o(.text)
    pxPortInitialiseStack                    0x0800716d   Thumb Code    30  port.o(.text)
    vPortSetupTimerInterrupt                 0x0800718b   Thumb Code    26  port.o(.text)
    xPortStartScheduler                      0x080071a5   Thumb Code   140  port.o(.text)
    vPortEndScheduler                        0x08007231   Thumb Code    34  port.o(.text)
    vPortEnterCritical                       0x08007253   Thumb Code    70  port.o(.text)
    vPortExitCritical                        0x08007299   Thumb Code    48  port.o(.text)
    xPortSysTickHandler                      0x080072c9   Thumb Code    48  port.o(.text)
    vPortValidateInterruptPriority           0x080072f9   Thumb Code    88  port.o(.text)
    __aeabi_memcpy                           0x080073a9   Thumb Code    36  memcpya.o(.text)
    __aeabi_memcpy4                          0x080073a9   Thumb Code     0  memcpya.o(.text)
    __aeabi_memcpy8                          0x080073a9   Thumb Code     0  memcpya.o(.text)
    __aeabi_memset                           0x080073cd   Thumb Code    14  memseta.o(.text)
    __aeabi_memset4                          0x080073cd   Thumb Code     0  memseta.o(.text)
    __aeabi_memset8                          0x080073cd   Thumb Code     0  memseta.o(.text)
    __aeabi_memclr                           0x080073db   Thumb Code     4  memseta.o(.text)
    __aeabi_memclr4                          0x080073db   Thumb Code     0  memseta.o(.text)
    __aeabi_memclr8                          0x080073db   Thumb Code     0  memseta.o(.text)
    _memset$wrapper                          0x080073df   Thumb Code    18  memseta.o(.text)
    strstr                                   0x080073f1   Thumb Code    36  strstr.o(.text)
    strlen                                   0x08007415   Thumb Code    14  strlen.o(.text)
    strcpy                                   0x08007423   Thumb Code    18  strcpy.o(.text)
    __aeabi_uidiv                            0x08007435   Thumb Code     0  uidiv.o(.text)
    __aeabi_uidivmod                         0x08007435   Thumb Code    44  uidiv.o(.text)
    __aeabi_uldivmod                         0x08007461   Thumb Code    98  uldiv.o(.text)
    __I$use$fp                               0x080074c3   Thumb Code     0  iusefp.o(.text)
    __aeabi_dadd                             0x080074c3   Thumb Code   322  dadd.o(.text)
    __aeabi_dsub                             0x08007605   Thumb Code     6  dadd.o(.text)
    __aeabi_drsub                            0x0800760b   Thumb Code     6  dadd.o(.text)
    __aeabi_dmul                             0x08007611   Thumb Code   228  dmul.o(.text)
    __aeabi_ddiv                             0x080076f5   Thumb Code   222  ddiv.o(.text)
    __aeabi_d2ulz                            0x080077d3   Thumb Code    48  dfixul.o(.text)
    __aeabi_cdrcmple                         0x08007805   Thumb Code    48  cdrcmple.o(.text)
    __scatterload                            0x08007835   Thumb Code    28  init.o(.text)
    __scatterload_rt2                        0x08007835   Thumb Code     0  init.o(.text)
    __aeabi_llsl                             0x08007859   Thumb Code    30  llshl.o(.text)
    _ll_shift_l                              0x08007859   Thumb Code     0  llshl.o(.text)
    __aeabi_llsr                             0x08007877   Thumb Code    32  llushr.o(.text)
    _ll_ushift_r                             0x08007877   Thumb Code     0  llushr.o(.text)
    __aeabi_lasr                             0x08007897   Thumb Code    36  llsshr.o(.text)
    _ll_sshift_r                             0x08007897   Thumb Code     0  llsshr.o(.text)
    _double_round                            0x080078bb   Thumb Code    30  depilogue.o(.text)
    _double_epilogue                         0x080078d9   Thumb Code   156  depilogue.o(.text)
    __decompress                             0x08007975   Thumb Code     0  __dczerorl2.o(.text)
    __decompress1                            0x08007975   Thumb Code    86  __dczerorl2.o(.text)
    __0printf$3                              0x080079cd   Thumb Code    22  printf3.o(i.__0printf$3)
    __1printf$3                              0x080079cd   Thumb Code     0  printf3.o(i.__0printf$3)
    __2printf                                0x080079cd   Thumb Code     0  printf3.o(i.__0printf$3)
    __0sprintf$3                             0x080079ed   Thumb Code    34  printf3.o(i.__0sprintf$3)
    __1sprintf$3                             0x080079ed   Thumb Code     0  printf3.o(i.__0sprintf$3)
    __2sprintf                               0x080079ed   Thumb Code     0  printf3.o(i.__0sprintf$3)
    __0vsprintf                              0x08007a15   Thumb Code    30  printfa.o(i.__0vsprintf)
    __1vsprintf                              0x08007a15   Thumb Code     0  printfa.o(i.__0vsprintf)
    __2vsprintf                              0x08007a15   Thumb Code     0  printfa.o(i.__0vsprintf)
    __c89vsprintf                            0x08007a15   Thumb Code     0  printfa.o(i.__0vsprintf)
    vsprintf                                 0x08007a15   Thumb Code     0  printfa.o(i.__0vsprintf)
    __scatterload_copy                       0x08007a39   Thumb Code    14  handlers.o(i.__scatterload_copy)
    __scatterload_null                       0x08007a47   Thumb Code     2  handlers.o(i.__scatterload_null)
    __scatterload_zeroinit                   0x08007a49   Thumb Code    14  handlers.o(i.__scatterload_zeroinit)
    F6x8                                     0x080084b8   Data         552  oled.o(.constdata)
    F8X16                                    0x080086e0   Data        1520  oled.o(.constdata)
    ov7725_init_reg_tb1                      0x08008d00   Data         130  ov7725.o(.constdata)
    Region$$Table$$Base                      0x08008e30   Number         0  anon$$obj.o(Region$$Table)
    Region$$Table$$Limit                     0x08008e50   Number         0  anon$$obj.o(Region$$Table)
    Task_Init_Handle                         0x20000000   Data           4  main.o(.data)
    MainRunning_Handle                       0x20000004   Data           4  main.o(.data)
    Timer_Count_Handle                       0x20000008   Data           4  main.o(.data)
    SystemCoreClock                          0x2000000c   Data           4  system_stm32f10x.o(.data)
    AHBPrescTable                            0x20000010   Data          16  system_stm32f10x.o(.data)
    gTimer                                   0x20000024   Data           2  timer.o(.data)
    ESP8266_Handle                           0x2000002c   Data           4  esp8266.o(.data)
    ESP8266_Queue_Handle                     0x20000030   Data           4  esp8266.o(.data)
    ESP8266_EventGroup_Handle                0x20000034   Data           4  esp8266.o(.data)
    pESP8266_Cmd                             0x20000038   Data          24  esp8266.o(.data)
    Hzk                                      0x20000050   Data         256  oled.o(.data)
    BMP_INIT                                 0x20000150   Data         512  oled.o(.data)
    BMP_TEM                                  0x20000350   Data          32  oled.o(.data)
    BMP_HUMI                                 0x20000370   Data          32  oled.o(.data)
    BMP_MQ2                                  0x20000390   Data          32  oled.o(.data)
    BMP_HOUSE                                0x200003b0   Data          32  oled.o(.data)
    BMP_FAN                                  0x200003d0   Data          32  oled.o(.data)
    BMP_DOOROPEN                             0x200003f0   Data          32  oled.o(.data)
    BMP_DOORCLOSE                            0x20000410   Data          32  oled.o(.data)
    BMP_BEEP                                 0x20000430   Data          32  oled.o(.data)
    BMP_BEEPCLOSE                            0x20000450   Data          32  oled.o(.data)
    BMP_MANUAL                               0x20000470   Data          32  oled.o(.data)
    BMP_AUTO                                 0x20000490   Data          32  oled.o(.data)
    BMP_HELP                                 0x200004b0   Data          32  oled.o(.data)
    BMP_TEMPGUN                              0x200004d0   Data         128  oled.o(.data)
    BMP_HEARTRATE                            0x20000550   Data          32  oled.o(.data)
    BMP_SPO2                                 0x20000570   Data          32  oled.o(.data)
    pDHT22                                   0x20000590   Data           4  dht22.o(.data)
    ov_sta                                   0x20000594   Data           1  exti.o(.data)
    __stdout                                 0x2000059c   Data           4  usart.o(.data)
    USART_RX_STA                             0x200005a0   Data           2  usart.o(.data)
    USART3_RX_STA                            0x200005a2   Data           2  usart.o(.data)
    pxCurrentTCB                             0x200005cc   Data           4  tasks.o(.data)
    USART_RX_BUF                             0x2000063c   Data         200  usart.o(.bss)
    USART3_RX_BUF                            0x20000704   Data         200  usart.o(.bss)
    USART3_TX_BUF                            0x200007cc   Data         200  usart.o(.bss)
    xQueueRegistry                           0x20000ba0   Data          64  queue.o(.bss)
    __initial_sp                             0x20005fe0   Data           0  startup_stm32f10x_hd.o(STACK)



==============================================================================

Memory Map of the image

  Image Entry point : 0x08000131

  Load Region LR_IROM1 (Base: 0x08000000, Size: 0x0000947c, Max: 0x00080000, ABSOLUTE, COMPRESSED[0x00009124])

    Execution Region ER_IROM1 (Exec base: 0x08000000, Load base: 0x08000000, Size: 0x00008e50, Max: 0x00080000, ABSOLUTE)

    Exec Addr    Load Addr    Size         Type   Attr      Idx    E Section Name        Object

    0x08000000   0x08000000   0x00000130   Data   RO          535    RESET               startup_stm32f10x_hd.o
    0x08000130   0x08000130   0x00000000   Code   RO          798  * .ARM.Collect$$$$00000000  mc_w.l(entry.o)
    0x08000130   0x08000130   0x00000004   Code   RO         1074    .ARM.Collect$$$$00000001  mc_w.l(entry2.o)
    0x08000134   0x08000134   0x00000004   Code   RO         1077    .ARM.Collect$$$$00000004  mc_w.l(entry5.o)
    0x08000138   0x08000138   0x00000000   Code   RO         1079    .ARM.Collect$$$$00000008  mc_w.l(entry7b.o)
    0x08000138   0x08000138   0x00000000   Code   RO         1081    .ARM.Collect$$$$0000000A  mc_w.l(entry8b.o)
    0x08000138   0x08000138   0x00000008   Code   RO         1082    .ARM.Collect$$$$0000000B  mc_w.l(entry9a.o)
    0x08000140   0x08000140   0x00000004   Code   RO         1089    .ARM.Collect$$$$0000000E  mc_w.l(entry12b.o)
    0x08000144   0x08000144   0x00000000   Code   RO         1084    .ARM.Collect$$$$0000000F  mc_w.l(entry10a.o)
    0x08000144   0x08000144   0x00000000   Code   RO         1086    .ARM.Collect$$$$00000011  mc_w.l(entry11a.o)
    0x08000144   0x08000144   0x00000004   Code   RO         1075    .ARM.Collect$$$$00002712  mc_w.l(entry2.o)
    0x08000148   0x08000148   0x00000096   Code   RO          748    .emb_text           port.o
    0x080001de   0x080001de   0x00000002   PAD
    0x080001e0   0x080001e0   0x000002c8   Code   RO            1    .text               main.o
    0x080004a8   0x080004a8   0x00000024   Code   RO          203    .text               stm32f10x_it.o
    0x080004cc   0x080004cc   0x000001e0   Code   RO          258    .text               system_stm32f10x.o
    0x080006ac   0x080006ac   0x000000f0   Code   RO          276    .text               key.o
    0x0800079c   0x0800079c   0x00000084   Code   RO          289    .text               beep.o
    0x08000820   0x08000820   0x0000027c   Code   RO          303    .text               timer.o
    0x08000a9c   0x08000a9c   0x0000010c   Code   RO          335    .text               esp8266.o
    0x08000ba8   0x08000ba8   0x000005fc   Code   RO          351    .text               oled.o
    0x080011a4   0x080011a4   0x0000023c   Code   RO          380    .text               dht22.o
    0x080013e0   0x080013e0   0x000000ac   Code   RO          399    .text               voice.o
    0x0800148c   0x0800148c   0x00000650   Code   RO          412    .text               ov7725.o
    0x08001adc   0x08001adc   0x000001ac   Code   RO          431    .text               exti.o
    0x08001c88   0x08001c88   0x00000274   Code   RO          446    .text               sccb.o
    0x08001efc   0x08001efc   0x000000f4   Code   RO          458    .text               delay.o
    0x08001ff0   0x08001ff0   0x00000318   Code   RO          489    .text               usart.o
    0x08002308   0x08002308   0x00000024   Code   RO          536    .text               startup_stm32f10x_hd.o
    0x0800232c   0x0800232c   0x000000dc   Code   RO          540    .text               misc.o
    0x08002408   0x08002408   0x0000035c   Code   RO          552    .text               stm32f10x_gpio.o
    0x08002764   0x08002764   0x000003a4   Code   RO          564    .text               stm32f10x_rcc.o
    0x08002b08   0x08002b08   0x00000408   Code   RO          578    .text               stm32f10x_usart.o
    0x08002f10   0x08002f10   0x00000e1a   Code   RO          590    .text               stm32f10x_tim.o
    0x08003d2a   0x08003d2a   0x00000002   PAD
    0x08003d2c   0x08003d2c   0x0000011c   Code   RO          602    .text               stm32f10x_exti.o
    0x08003e48   0x08003e48   0x00000640   Code   RO          614    .text               timers.o
    0x08004488   0x08004488   0x00001820   Code   RO          639    .text               tasks.o
    0x08005ca8   0x08005ca8   0x00000d0c   Code   RO          670    .text               queue.o
    0x080069b4   0x080069b4   0x00000094   Code   RO          697    .text               list.o
    0x08006a48   0x08006a48   0x00000452   Code   RO          709    .text               event_groups.o
    0x08006e9a   0x08006e9a   0x00000002   PAD
    0x08006e9c   0x08006e9c   0x000002a0   Code   RO          733    .text               heap_4.o
    0x0800713c   0x0800713c   0x0000026c   Code   RO          749    .text               port.o
    0x080073a8   0x080073a8   0x00000024   Code   RO          801    .text               mc_w.l(memcpya.o)
    0x080073cc   0x080073cc   0x00000024   Code   RO          803    .text               mc_w.l(memseta.o)
    0x080073f0   0x080073f0   0x00000024   Code   RO          805    .text               mc_w.l(strstr.o)
    0x08007414   0x08007414   0x0000000e   Code   RO          807    .text               mc_w.l(strlen.o)
    0x08007422   0x08007422   0x00000012   Code   RO          809    .text               mc_w.l(strcpy.o)
    0x08007434   0x08007434   0x0000002c   Code   RO         1090    .text               mc_w.l(uidiv.o)
    0x08007460   0x08007460   0x00000062   Code   RO         1092    .text               mc_w.l(uldiv.o)
    0x080074c2   0x080074c2   0x00000000   Code   RO         1094    .text               mc_w.l(iusefp.o)
    0x080074c2   0x080074c2   0x0000014e   Code   RO         1095    .text               mf_w.l(dadd.o)
    0x08007610   0x08007610   0x000000e4   Code   RO         1097    .text               mf_w.l(dmul.o)
    0x080076f4   0x080076f4   0x000000de   Code   RO         1099    .text               mf_w.l(ddiv.o)
    0x080077d2   0x080077d2   0x00000030   Code   RO         1101    .text               mf_w.l(dfixul.o)
    0x08007802   0x08007802   0x00000002   PAD
    0x08007804   0x08007804   0x00000030   Code   RO         1103    .text               mf_w.l(cdrcmple.o)
    0x08007834   0x08007834   0x00000024   Code   RO         1105    .text               mc_w.l(init.o)
    0x08007858   0x08007858   0x0000001e   Code   RO         1107    .text               mc_w.l(llshl.o)
    0x08007876   0x08007876   0x00000020   Code   RO         1109    .text               mc_w.l(llushr.o)
    0x08007896   0x08007896   0x00000024   Code   RO         1111    .text               mc_w.l(llsshr.o)
    0x080078ba   0x080078ba   0x000000ba   Code   RO         1113    .text               mf_w.l(depilogue.o)
    0x08007974   0x08007974   0x00000056   Code   RO         1123    .text               mc_w.l(__dczerorl2.o)
    0x080079ca   0x080079ca   0x00000002   PAD
    0x080079cc   0x080079cc   0x00000020   Code   RO          902    i.__0printf$3       mc_w.l(printf3.o)
    0x080079ec   0x080079ec   0x00000028   Code   RO          904    i.__0sprintf$3      mc_w.l(printf3.o)
    0x08007a14   0x08007a14   0x00000024   Code   RO         1052    i.__0vsprintf       mc_w.l(printfa.o)
    0x08007a38   0x08007a38   0x0000000e   Code   RO         1117    i.__scatterload_copy  mc_w.l(handlers.o)
    0x08007a46   0x08007a46   0x00000002   Code   RO         1118    i.__scatterload_null  mc_w.l(handlers.o)
    0x08007a48   0x08007a48   0x0000000e   Code   RO         1119    i.__scatterload_zeroinit  mc_w.l(handlers.o)
    0x08007a56   0x08007a56   0x00000002   PAD
    0x08007a58   0x08007a58   0x00000184   Code   RO         1053    i._fp_digits        mc_w.l(printfa.o)
    0x08007bdc   0x08007bdc   0x000001b8   Code   RO          909    i._printf_core      mc_w.l(printf3.o)
    0x08007d94   0x08007d94   0x000006b4   Code   RO         1054    i._printf_core      mc_w.l(printfa.o)
    0x08008448   0x08008448   0x00000024   Code   RO         1055    i._printf_post_padding  mc_w.l(printfa.o)
    0x0800846c   0x0800846c   0x0000002e   Code   RO         1056    i._printf_pre_padding  mc_w.l(printfa.o)
    0x0800849a   0x0800849a   0x0000000a   Code   RO          911    i._sputc            mc_w.l(printf3.o)
    0x080084a4   0x080084a4   0x0000000a   Code   RO         1058    i._sputc            mc_w.l(printfa.o)
    0x080084ae   0x080084ae   0x00000002   PAD
    0x080084b0   0x080084b0   0x00000008   Data   RO            2    .constdata          main.o
    0x080084b8   0x080084b8   0x00000818   Data   RO          353    .constdata          oled.o
    0x08008cd0   0x08008cd0   0x00000030   Data   RO          400    .constdata          voice.o
    0x08008d00   0x08008d00   0x00000082   Data   RO          413    .constdata          ov7725.o
    0x08008d82   0x08008d82   0x00000002   PAD
    0x08008d84   0x08008d84   0x00000019   Data   RO            3    .conststring        main.o
    0x08008d9d   0x08008d9d   0x00000003   PAD
    0x08008da0   0x08008da0   0x0000008d   Data   RO          336    .conststring        esp8266.o
    0x08008e2d   0x08008e2d   0x00000003   PAD
    0x08008e30   0x08008e30   0x00000020   Data   RO         1115    Region$$Table       anon$$obj.o


    Execution Region RW_IRAM1 (Exec base: 0x20000000, Load base: 0x08008e50, Size: 0x00005fe0, Max: 0x00010000, ABSOLUTE, COMPRESSED[0x000002d4])

    Exec Addr    Load Addr    Size         Type   Attr      Idx    E Section Name        Object

    0x20000000   COMPRESSED   0x0000000c   Data   RW            4    .data               main.o
    0x2000000c   COMPRESSED   0x00000014   Data   RW          259    .data               system_stm32f10x.o
    0x20000020   COMPRESSED   0x00000001   Data   RW          277    .data               key.o
    0x20000021   COMPRESSED   0x00000001   Data   RW          290    .data               beep.o
    0x20000022   COMPRESSED   0x00000002   PAD
    0x20000024   COMPRESSED   0x00000008   Data   RW          304    .data               timer.o
    0x2000002c   COMPRESSED   0x00000024   Data   RW          337    .data               esp8266.o
    0x20000050   COMPRESSED   0x00000540   Data   RW          354    .data               oled.o
    0x20000590   COMPRESSED   0x00000004   Data   RW          382    .data               dht22.o
    0x20000594   COMPRESSED   0x00000001   Data   RW          432    .data               exti.o
    0x20000595   COMPRESSED   0x00000001   PAD
    0x20000596   COMPRESSED   0x00000004   Data   RW          459    .data               delay.o
    0x2000059a   COMPRESSED   0x00000002   PAD
    0x2000059c   COMPRESSED   0x00000008   Data   RW          491    .data               usart.o
    0x200005a4   COMPRESSED   0x00000014   Data   RW          565    .data               stm32f10x_rcc.o
    0x200005b8   COMPRESSED   0x00000014   Data   RW          616    .data               timers.o
    0x200005cc   COMPRESSED   0x0000003c   Data   RW          641    .data               tasks.o
    0x20000608   COMPRESSED   0x00000018   Data   RW          735    .data               heap_4.o
    0x20000620   COMPRESSED   0x0000000c   Data   RW          750    .data               port.o
    0x2000062c        -       0x00000010   Zero   RW          381    .bss                dht22.o
    0x2000063c        -       0x00000258   Zero   RW          490    .bss                usart.o
    0x20000894        -       0x00000028   Zero   RW          615    .bss                timers.o
    0x200008bc        -       0x000002e4   Zero   RW          640    .bss                tasks.o
    0x20000ba0        -       0x00000040   Zero   RW          671    .bss                queue.o
    0x20000be0        -       0x00005000   Zero   RW          734    .bss                heap_4.o
    0x20005be0        -       0x00000400   Zero   RW          533    STACK               startup_stm32f10x_hd.o


==============================================================================

Image component sizes


      Code (inc. data)   RO Data    RW Data    ZI Data      Debug   Object Name

       132         12          0          1          0       1313   beep.o
       244         18          0          4          0       1361   delay.o
       572         16          0          4         16       3640   dht22.o
       268         50        141         36          0       1966   esp8266.o
      1106         50          0          0          0       7112   event_groups.o
       428         20          0          1          0       1319   exti.o
       672         82          0         24      20480       3268   heap_4.o
       240          8          0          1          0        828   key.o
       148          0          0          0          0       1826   list.o
       712        166         33         12          0     273620   main.o
       220         22          0          0          0       1793   misc.o
      1532         20       2072       1344          0       9566   oled.o
      1616         90        130          0          0       5961   ov7725.o
       770        100          0         12          0       7679   port.o
      3340         52          0          0         64      24250   queue.o
       628         14          0          0          0       2035   sccb.o
        36          8        304          0       1024        788   startup_stm32f10x_hd.o
       284         10          0          0          0       2247   stm32f10x_exti.o
       860         38          0          0          0       5725   stm32f10x_gpio.o
        36          0          0          0          0       1091   stm32f10x_it.o
       932         36          0         20          0       8896   stm32f10x_rcc.o
      3610         88          0          0          0      22832   stm32f10x_tim.o
      1032         22          0          0          0       8448   stm32f10x_usart.o
         0          0          0          0          0         32   sys.o
       480         38          0         20          0       1727   system_stm32f10x.o
      6176        402          0         60        740      32036   tasks.o
       636         36          0          8          0       3094   timer.o
      1600        112          0         20         40       8852   timers.o
       792         48          0          8        600       5107   usart.o
       172         12         48          0          0       1190   voice.o

    ----------------------------------------------------------------------
     29280       1570       2768       1580      22964     449602   Object Totals
         0          0         32          0          0          0   (incl. Generated)
         6          0          8          5          0          0   (incl. Padding)

    ----------------------------------------------------------------------

      Code (inc. data)   RO Data    RW Data    ZI Data      Debug   Library Member Name

        86          0          0          0          0          0   __dczerorl2.o
         0          0          0          0          0          0   entry.o
         0          0          0          0          0          0   entry10a.o
         0          0          0          0          0          0   entry11a.o
         4          0          0          0          0          0   entry12b.o
         8          4          0          0          0          0   entry2.o
         4          0          0          0          0          0   entry5.o
         0          0          0          0          0          0   entry7b.o
         0          0          0          0          0          0   entry8b.o
         8          4          0          0          0          0   entry9a.o
        30          0          0          0          0          0   handlers.o
        36          8          0          0          0         68   init.o
         0          0          0          0          0          0   iusefp.o
        30          0          0          0          0         68   llshl.o
        36          0          0          0          0         68   llsshr.o
        32          0          0          0          0         68   llushr.o
        36          0          0          0          0         68   memcpya.o
        36          0          0          0          0        108   memseta.o
       522         20          0          0          0        336   printf3.o
      2232         86          0          0          0        528   printfa.o
        18          0          0          0          0         68   strcpy.o
        14          0          0          0          0         68   strlen.o
        36          0          0          0          0         80   strstr.o
        44          0          0          0          0         80   uidiv.o
        98          0          0          0          0         92   uldiv.o
        48          0          0          0          0         68   cdrcmple.o
       334          0          0          0          0        148   dadd.o
       222          0          0          0          0        100   ddiv.o
       186          0          0          0          0        176   depilogue.o
        48          0          0          0          0         68   dfixul.o
       228          0          0          0          0         96   dmul.o

    ----------------------------------------------------------------------
      4384        122          0          0          0       2356   Library Totals
         8          0          0          0          0          0   (incl. Padding)

    ----------------------------------------------------------------------

      Code (inc. data)   RO Data    RW Data    ZI Data      Debug   Library Name

      3310        122          0          0          0       1700   mc_w.l
      1066          0          0          0          0        656   mf_w.l

    ----------------------------------------------------------------------
      4384        122          0          0          0       2356   Library Totals

    ----------------------------------------------------------------------

==============================================================================


      Code (inc. data)   RO Data    RW Data    ZI Data      Debug   

     33664       1692       2768       1580      22964     448134   Grand Totals
     33664       1692       2768        724      22964     448134   ELF Image Totals (compressed)
     33664       1692       2768        724          0          0   ROM Totals

==============================================================================

    Total RO  Size (Code + RO Data)                36432 (  35.58kB)
    Total RW  Size (RW Data + ZI Data)             24544 (  23.97kB)
    Total ROM Size (Code + RO Data + RW Data)      37156 (  36.29kB)

==============================================================================

