Component: ARM Compiler 5.06 update 6 (build 750) Tool: armlink [4d35ed]

==============================================================================

Section Cross References

    main.o(.text) refers to event_groups.o(.text) for xEventGroupClearBits
    main.o(.text) refers to printfa.o(i.__0printf) for __2printf
    main.o(.text) refers to memseta.o(.text) for __aeabi_memclr4
    main.o(.text) refers to queue.o(.text) for xQueueGenericReceive
    main.o(.text) refers to strstr.o(.text) for strstr
    main.o(.text) refers to tasks.o(.text) for vTaskResume
    main.o(.text) refers to timers.o(.text) for xTimerGenericCommand
    main.o(.text) refers to usart.o(.text) for u3_printf
    main.o(.text) refers to heap_4.o(.text) for pvPortMalloc
    main.o(.text) refers to memcpya.o(.text) for __aeabi_memcpy
    main.o(.text) refers to key.o(.text) for KEY_Scan
    main.o(.text) refers to esp8266_mqtt.o(.text) for MQTT_Connect
    main.o(.text) refers to main.o(.data) for ESP8266_Queue_Handle
    main.o(.text) refers to main.o(.conststring) for .conststring
    main.o(.text) refers to cjson.o(.text) for cJSON_CreateObject
    main.o(.text) refers to dfltui.o(.text) for __aeabi_ui2d
    main.o(.text) refers to port.o(.text) for vPortEnterCritical
    main.o(.text) refers to misc.o(.text) for NVIC_PriorityGroupConfig
    main.o(.text) refers to delay.o(.text) for delay_init
    main.o(.text) refers to led.o(.text) for LED_Init
    main.o(.data) refers to main.o(.conststring) for .conststring
    stm32f10x_it.o(.text) refers to tasks.o(.text) for xTaskGetSchedulerState
    stm32f10x_it.o(.text) refers to port.o(.text) for xPortSysTickHandler
    system_stm32f10x.o(.text) refers to system_stm32f10x.o(.data) for SystemCoreClock
    led.o(.text) refers to stm32f10x_rcc.o(.text) for RCC_APB2PeriphClockCmd
    led.o(.text) refers to stm32f10x_gpio.o(.text) for GPIO_Init
    key.o(.text) refers to stm32f10x_rcc.o(.text) for RCC_APB2PeriphClockCmd
    key.o(.text) refers to stm32f10x_gpio.o(.text) for GPIO_PinRemapConfig
    key.o(.text) refers to delay.o(.text) for delay_ms
    key.o(.text) refers to key.o(.data) for key_up
    lcd.o(.text) refers to delay.o(.text) for delay_us
    lcd.o(.text) refers to lcd.o(.bss) for lcddev
    lcd.o(.text) refers to dfltui.o(.text) for __aeabi_ui2d
    lcd.o(.text) refers to dmul.o(.text) for __aeabi_dmul
    lcd.o(.text) refers to dfixui.o(.text) for __aeabi_d2uiz
    lcd.o(.text) refers to lcd.o(.data) for POINT_COLOR
    lcd.o(.text) refers to stm32f10x_rcc.o(.text) for RCC_APB2PeriphClockCmd
    lcd.o(.text) refers to stm32f10x_gpio.o(.text) for GPIO_PinRemapConfig
    lcd.o(.text) refers to printfa.o(i.__0printf) for __2printf
    lcd.o(.text) refers to lcd.o(.constdata) for asc2_1206
    beep.o(.text) refers to stm32f10x_rcc.o(.text) for RCC_APB2PeriphClockCmd
    beep.o(.text) refers to stm32f10x_gpio.o(.text) for GPIO_Init
    timer.o(.text) refers to stm32f10x_rcc.o(.text) for RCC_APB1PeriphClockCmd
    timer.o(.text) refers to stm32f10x_tim.o(.text) for TIM_TimeBaseInit
    timer.o(.text) refers to misc.o(.text) for NVIC_Init
    timer.o(.text) refers to stm32f10x_gpio.o(.text) for GPIO_Init
    timer.o(.text) refers to queue.o(.text) for xQueueGenericSendFromISR
    timer.o(.text) refers to memseta.o(.text) for __aeabi_memclr
    timer.o(.text) refers to timer.o(.data) for gTimer
    timer.o(.text) refers to usart.o(.data) for USART3_RX_STA
    timer.o(.text) refers to main.o(.data) for ESP8266_Queue_Handle
    timer.o(.text) refers to usart.o(.bss) for USART3_RX_BUF
    delay.o(.text) refers to misc.o(.text) for SysTick_CLKSourceConfig
    delay.o(.text) refers to tasks.o(.text) for xTaskGetSchedulerState
    delay.o(.text) refers to system_stm32f10x.o(.data) for SystemCoreClock
    delay.o(.text) refers to delay.o(.data) for fac_us
    usart.o(.text) refers to stm32f10x_rcc.o(.text) for RCC_APB2PeriphClockCmd
    usart.o(.text) refers to stm32f10x_gpio.o(.text) for GPIO_Init
    usart.o(.text) refers to misc.o(.text) for NVIC_Init
    usart.o(.text) refers to stm32f10x_usart.o(.text) for USART_Init
    usart.o(.text) refers to timer.o(.text) for TIM7_Int_Init
    usart.o(.text) refers to stm32f10x_tim.o(.text) for TIM_Cmd
    usart.o(.text) refers to printfa.o(i.__0vsprintf) for __c89vsprintf
    usart.o(.text) refers to strlen.o(.text) for strlen
    usart.o(.text) refers to queue.o(.text) for xQueueGenericSendFromISR
    usart.o(.text) refers to memseta.o(.text) for __aeabi_memclr
    usart.o(.text) refers to usart.o(.data) for USART_RX_STA
    usart.o(.text) refers to usart.o(.bss) for USART_RX_BUF
    usart.o(.text) refers to main.o(.data) for ESP8266_Queue_Handle
    startup_stm32f10x_hd.o(RESET) refers to startup_stm32f10x_hd.o(STACK) for __initial_sp
    startup_stm32f10x_hd.o(RESET) refers to startup_stm32f10x_hd.o(.text) for Reset_Handler
    startup_stm32f10x_hd.o(RESET) refers to stm32f10x_it.o(.text) for NMI_Handler
[...]
    .text                                    0x08005ba4   Section        0  list.o(.text)
    .text                                    0x08005c38   Section        0  event_groups.o(.text)
    prvTestWaitCondition                     0x08005df1   Thumb Code    30  event_groups.o(.text)
    .text                                    0x0800608c   Section        0  heap_4.o(.text)
    prvInsertBlockIntoFreeList               0x0800608d   Thumb Code    96  heap_4.o(.text)
    prvHeapInit                              0x080060ed   Thumb Code    98  heap_4.o(.text)
    .text                                    0x0800632c   Section        0  port.o(.text)
    prvTaskExitError                         0x0800632d   Thumb Code    48  port.o(.text)
    .text                                    0x08006598   Section        0  esp8266_mqtt.o(.text)
    .text                                    0x08006b18   Section        0  cjson.o(.text)
    cJSON_strcasecmp                         0x08006b1f   Thumb Code    76  cjson.o(.text)
    cJSON_strdup                             0x08006b6b   Thumb Code    40  cjson.o(.text)
    cJSON_New_Item                           0x08006bc3   Thumb Code    26  cjson.o(.text)
    parse_number                             0x08006c2f   Thumb Code   432  cjson.o(.text)
    pow2gt                                   0x08006ddf   Thumb Code    28  cjson.o(.text)
    ensure                                   0x08006dfb   Thumb Code   104  cjson.o(.text)
    update                                   0x08006e63   Thumb Code    32  cjson.o(.text)
    print_number                             0x08006e83   Thumb Code   396  cjson.o(.text)
    parse_hex4                               0x0800700f   Thumb Code   276  cjson.o(.text)
    parse_string                             0x08007123   Thumb Code   448  cjson.o(.text)
    print_string_ptr                         0x080072e3   Thumb Code   498  cjson.o(.text)
    print_string                             0x080074d5   Thumb Code    16  cjson.o(.text)
    skip                                     0x080074e5   Thumb Code    18  cjson.o(.text)
    parse_object                             0x080074f7   Thumb Code   270  cjson.o(.text)
    parse_array                              0x08007605   Thumb Code   166  cjson.o(.text)
    parse_value                              0x080076ab   Thumb Code   158  cjson.o(.text)
    print_object                             0x080077f1   Thumb Code  1052  cjson.o(.text)
    print_array                              0x08007c0d   Thumb Code   578  cjson.o(.text)
    print_value                              0x08007e4f   Thumb Code   290  cjson.o(.text)
    suffix_object                            0x0800800b   Thumb Code     6  cjson.o(.text)
    create_reference                         0x08008011   Thumb Code    48  cjson.o(.text)
    .text                                    0x08008598   Section        0  tolower.o(.text)
    .text                                    0x080085a4   Section        0  memcpya.o(.text)
    .text                                    0x080085c8   Section        0  memseta.o(.text)
    .text                                    0x080085ec   Section        0  strstr.o(.text)
    .text                                    0x08008610   Section        0  strchr.o(.text)
    .text                                    0x08008624   Section        0  strlen.o(.text)
    .text                                    0x08008632   Section        0  strcpy.o(.text)
    .text                                    0x08008644   Section        0  strncmp.o(.text)
    .text                                    0x08008662   Section        0  dadd.o(.text)
    .text                                    0x080087b0   Section        0  dmul.o(.text)
    .text                                    0x08008894   Section        0  dflti.o(.text)
    .text                                    0x080088b6   Section        0  dfltui.o(.text)
    .text                                    0x080088d0   Section        0  dfixi.o(.text)
    .text                                    0x0800890e   Section        0  f2d.o(.text)
    .text                                    0x08008934   Section       48  cdcmple.o(.text)
    .text                                    0x08008964   Section       48  cdrcmple.o(.text)
    .text                                    0x08008994   Section        0  uidiv.o(.text)
    .text                                    0x080089c0   Section        0  uldiv.o(.text)
    .text                                    0x08008a22   Section        0  llshl.o(.text)
    .text                                    0x08008a40   Section        0  llushr.o(.text)
    .text                                    0x08008a60   Section        0  llsshr.o(.text)
    .text                                    0x08008a84   Section        0  iusefp.o(.text)
    .text                                    0x08008a84   Section        0  depilogue.o(.text)
    .text                                    0x08008b3e   Section        0  ddiv.o(.text)
    .text                                    0x08008c1c   Section        0  dscalb.o(.text)
    .text                                    0x08008c4a   Section        0  dfixul.o(.text)
    .text                                    0x08008c7c   Section       36  init.o(.text)
    .text                                    0x08008ca0   Section        0  dsqrt.o(.text)
    i.__0printf                              0x08008d44   Section        0  printfa.o(i.__0printf)
    i.__0sprintf                             0x08008d64   Section        0  printfa.o(i.__0sprintf)
    i.__0vsprintf                            0x08008d8c   Section        0  printfa.o(i.__0vsprintf)
    i.__ARM_fpclassify                       0x08008db0   Section        0  fpclassify.o(i.__ARM_fpclassify)
    i.__kernel_poly                          0x08008dd8   Section        0  poly.o(i.__kernel_poly)
    i.__mathlib_dbl_divzero                  0x08008e84   Section        0  dunder.o(i.__mathlib_dbl_divzero)
    i.__mathlib_dbl_infnan2                  0x08008e94   Section        0  dunder.o(i.__mathlib_dbl_infnan2)
    i.__mathlib_dbl_invalid                  0x08008e98   Section        0  dunder.o(i.__mathlib_dbl_invalid)
    i.__mathlib_dbl_overflow                 0x08008ea4   Section        0  dunder.o(i.__mathlib_dbl_overflow)
    i.__mathlib_dbl_underflow                0x08008eb4   Section        0  dunder.o(i.__mathlib_dbl_underflow)
    i.__scatterload_copy                     0x08008ec4   Section       14  handlers.o(i.__scatterload_copy)
    i.__scatterload_null                     0x08008ed2   Section        2  handlers.o(i.__scatterload_null)
    i.__scatterload_zeroinit                 0x08008ed4   Section       14  handlers.o(i.__scatterload_zeroinit)
    i.__set_errno                            0x08008ee4   Section        0  errno.o(i.__set_errno)
    i._fp_digits                             0x08008ef0   Section        0  printfa.o(i._fp_digits)
    _fp_digits                               0x08008ef1   Thumb Code   366  printfa.o(i._fp_digits)
    i._printf_core                           0x08009074   Section        0  printfa.o(i._printf_core)
    _printf_core                             0x08009075   Thumb Code  1744  printfa.o(i._printf_core)
    i._printf_post_padding                   0x08009750   Section        0  printfa.o(i._printf_post_padding)
    _printf_post_padding                     0x08009751   Thumb Code    36  printfa.o(i._printf_post_padding)
    i._printf_pre_padding                    0x08009774   Section        0  printfa.o(i._printf_pre_padding)
    _printf_pre_padding                      0x08009775   Thumb Code    46  printfa.o(i._printf_pre_padding)
    i._sputc                                 0x080097a2   Section        0  printfa.o(i._sputc)
    _sputc                                   0x080097a3   Thumb Code    10  printfa.o(i._sputc)
    i.floor                                  0x080097ac   Section        0  floor.o(i.floor)
    i.pow                                    0x08009888   Section        0  pow.o(i.pow)
    i.sqrt                                   0x0800a260   Section        0  sqrt.o(i.sqrt)
    .constdata                               0x0800a2ac   Section       12  esp8266_mqtt.o(.constdata)
    .constdata                               0x0800a2b8   Section        7  cjson.o(.constdata)
    firstByteMark                            0x0800a2b8   Data           7  cjson.o(.constdata)
    .constdata                               0x0800a2c0   Section      136  pow.o(.constdata)
    bp                                       0x0800a2c0   Data          16  pow.o(.constdata)
    dp_h                                     0x0800a2d0   Data          16  pow.o(.constdata)
    dp_l                                     0x0800a2e0   Data          16  pow.o(.constdata)
    L                                        0x0800a2f0   Data          48  pow.o(.constdata)
    P                                        0x0800a320   Data          40  pow.o(.constdata)
    .constdata                               0x0800a348   Section        8  qnan.o(.constdata)
    .conststring                             0x0800a350   Section      284  main.o(.conststring)
    .data                                    0x20000000   Section       92  main.o(.data)
    sConnectedTimeOut                        0x20000058   Data           1  main.o(.data)
    sSmartConfigTimeOut                      0x20000059   Data           1  main.o(.data)
    sSmartConfigCount                        0x2000005a   Data           1  main.o(.data)
    sConnectCount                            0x2000005b   Data           1  main.o(.data)
    .data                                    0x2000005c   Section       20  system_stm32f10x.o(.data)
    .data                                    0x20000070   Section        1  key.o(.data)
    key_up                                   0x20000070   Data           1  key.o(.data)
    .data                                    0x20000074   Section        8  timer.o(.data)
    sStep                                    0x20000076   Data           1  timer.o(.data)
    sEnd                                     0x20000078   Data           4  timer.o(.data)
    .data                                    0x2000007c   Section        4  delay.o(.data)
    fac_us                                   0x2000007c   Data           1  delay.o(.data)
    fac_ms                                   0x2000007e   Data           2  delay.o(.data)
    .data                                    0x20000080   Section        8  usart.o(.data)
    .data                                    0x20000088   Section       20  stm32f10x_rcc.o(.data)
    APBAHBPrescTable                         0x20000088   Data          16  stm32f10x_rcc.o(.data)
    ADCPrescTable                            0x20000098   Data           4  stm32f10x_rcc.o(.data)
    .data                                    0x2000009c   Section       20  timers.o(.data)
    pxCurrentTimerList                       0x2000009c   Data           4  timers.o(.data)
    pxOverflowTimerList                      0x200000a0   Data           4  timers.o(.data)
    xTimerQueue                              0x200000a4   Data           4  timers.o(.data)
    xTimerTaskHandle                         0x200000a8   Data           4  timers.o(.data)
    xLastTime                                0x200000ac   Data           4  timers.o(.data)
    .data                                    0x200000b0   Section       60  tasks.o(.data)
    pxDelayedTaskList                        0x200000b4   Data           4  tasks.o(.data)
    pxOverflowDelayedTaskList                0x200000b8   Data           4  tasks.o(.data)
    uxDeletedTasksWaitingCleanUp             0x200000bc   Data           4  tasks.o(.data)
    uxCurrentNumberOfTasks                   0x200000c0   Data           4  tasks.o(.data)
    xTickCount                               0x200000c4   Data           4  tasks.o(.data)
    uxTopReadyPriority                       0x200000c8   Data           4  tasks.o(.data)
    xSchedulerRunning                        0x200000cc   Data           4  tasks.o(.data)
    uxPendedTicks                            0x200000d0   Data           4  tasks.o(.data)
    xYieldPending                            0x200000d4   Data           4  tasks.o(.data)
    xNumOfOverflows                          0x200000d8   Data           4  tasks.o(.data)
    uxTaskNumber                             0x200000dc   Data           4  tasks.o(.data)
    xNextTaskUnblockTime                     0x200000e0   Data           4  tasks.o(.data)
    xIdleTaskHandle                          0x200000e4   Data           4  tasks.o(.data)
    uxSchedulerSuspended                     0x200000e8   Data           4  tasks.o(.data)
    .data                                    0x200000ec   Section       24  heap_4.o(.data)
    xStart                                   0x200000ec   Data           8  heap_4.o(.data)
    pxEnd                                    0x200000f4   Data           4  heap_4.o(.data)
    xFreeBytesRemaining                      0x200000f8   Data           4  heap_4.o(.data)
    xMinimumEverFreeBytesRemaining           0x200000fc   Data           4  heap_4.o(.data)
    xBlockAllocatedBit                       0x20000100   Data           4  heap_4.o(.data)
    .data                                    0x20000104   Section       12  port.o(.data)
    uxCriticalNesting                        0x20000104   Data           4  port.o(.data)
    ucMaxSysCallPriority                     0x20000108   Data           1  port.o(.data)
    ulMaxPRIGROUPValue                       0x2000010c   Data           4  port.o(.data)
    .data                                    0x20000110   Section        4  esp8266_mqtt.o(.data)
    id                                       0x20000112   Data           2  esp8266_mqtt.o(.data)
    .data                                    0x20000114   Section       12  cjson.o(.data)
    ep                                       0x20000114   Data           4  cjson.o(.data)
    cJSON_malloc                             0x20000118   Data           4  cjson.o(.data)
    cJSON_free                               0x2000011c   Data           4  cjson.o(.data)
    .data                                    0x20000120   Section        4  errno.o(.data)
    _errno                                   0x20000120   Data           4  errno.o(.data)
    .bss                                     0x20000124   Section      600  usart.o(.bss)
    .bss                                     0x2000037c   Section       40  timers.o(.bss)
    xActiveTimerList1                        0x2000037c   Data          20  timers.o(.bss)
    xActiveTimerList2                        0x20000390   Data          20  timers.o(.bss)
    .bss                                     0x200003a4   Section      740  tasks.o(.bss)
    pxReadyTasksLists                        0x200003a4   Data         640  tasks.o(.bss)
    xDelayedTaskList1                        0x20000624   Data          20  tasks.o(.bss)
    xDelayedTaskList2                        0x20000638   Data          20  tasks.o(.bss)
    xPendingReadyList                        0x2000064c   Data          20  tasks.o(.bss)
    xTasksWaitingTermination                 0x20000660   Data          20  tasks.o(.bss)
    xSuspendedTaskList                       0x20000674   Data          20  tasks.o(.bss)
    .bss                                     0x20000688   Section       64  queue.o(.bss)
    .bss                                     0x200006c8   Section    20480  heap_4.o(.bss)
    ucHeap                                   0x200006c8   Data       20480  heap_4.o(.bss)
    STACK                                    0x200056c8   Section     1024  startup_stm32f10x_hd.o(STACK)

    Global Symbols

    Symbol Name                              Value     Ov Type        Size  Object(Section)

    BuildAttributes$$THM_ISAv4$P$D$K$B$S$PE$A:L22UL41UL21$X:L11$S22US41US21$IEEE1$IW$USESV6$~STKCKD$USESV7$~SHL$OTIME$ROPI$IEEEX$EBA8$MICROLIB$REQ8$PRES8$EABIv2 0x00000000   Number         0  anon$$obj.o ABSOLUTE
    __ARM_use_no_argv                        0x00000000   Number         0  main.o ABSOLUTE
    __use_no_errno                           0x00000000   Number         0  useno.o ABSOLUTE
    __use_no_exception_handling              0x00000000   Number         0  useno.o ABSOLUTE
    __use_no_fp                              0x00000000   Number         0  useno.o ABSOLUTE
    __use_no_heap                            0x00000000   Number         0  useno.o ABSOLUTE
    __use_no_heap_region                     0x00000000   Number         0  useno.o ABSOLUTE
    __use_no_semihosting                     0x00000000   Number         0  useno.o ABSOLUTE
    __use_no_semihosting_swi                 0x00000000   Number         0  useno.o ABSOLUTE
    __use_no_signal_handling                 0x00000000   Number         0  useno.o ABSOLUTE
    _printf_a                                0x00000000   Number         0  stubs.o ABSOLUTE
    _printf_c                                0x00000000   Number         0  stubs.o ABSOLUTE
    _printf_charcount                        0x00000000   Number         0  stubs.o ABSOLUTE
    _printf_d                                0x00000000   Number         0  stubs.o ABSOLUTE
    _printf_e                                0x00000000   Number         0  stubs.o ABSOLUTE
    _printf_f                                0x00000000   Number         0  stubs.o ABSOLUTE
    _printf_flags                            0x00000000   Number         0  stubs.o ABSOLUTE
    _printf_fp_dec                           0x00000000   Number         0  stubs.o ABSOLUTE
    _printf_fp_hex                           0x00000000   Number         0  stubs.o ABSOLUTE
    _printf_g                                0x00000000   Number         0  stubs.o ABSOLUTE
    _printf_i                                0x00000000   Number         0  stubs.o ABSOLUTE
    _printf_int_dec                          0x00000000   Number         0  stubs.o ABSOLUTE
    _printf_l                                0x00000000   Number         0  stubs.o ABSOLUTE
    _printf_lc                               0x00000000   Number         0  stubs.o ABSOLUTE
    _printf_ll                               0x00000000   Number         0  stubs.o ABSOLUTE
    _printf_lld                              0x00000000   Number         0  stubs.o ABSOLUTE
    _printf_lli                              0x00000000   Number         0  stubs.o ABSOLUTE
    _printf_llo                              0x00000000   Number         0  stubs.o ABSOLUTE
    _printf_llu                              0x00000000   Number         0  stubs.o ABSOLUTE
    _printf_llx                              0x00000000   Number         0  stubs.o ABSOLUTE
    _printf_longlong_dec                     0x00000000   Number         0  stubs.o ABSOLUTE
    _printf_longlong_hex                     0x00000000   Number         0  stubs.o ABSOLUTE
    _printf_longlong_oct                     0x00000000   Number         0  stubs.o ABSOLUTE
    _printf_ls                               0x00000000   Number         0  stubs.o ABSOLUTE
    _printf_mbtowc                           0x00000000   Number         0  stubs.o ABSOLUTE
    _printf_n                                0x00000000   Number         0  stubs.o ABSOLUTE
    _printf_o                                0x00000000   Number         0  stubs.o ABSOLUTE
    _printf_p                                0x00000000   Number         0  stubs.o ABSOLUTE
    _printf_percent                          0x00000000   Number         0  stubs.o ABSOLUTE
    _printf_pre_padding                      0x00000000   Number         0  stubs.o ABSOLUTE
    _printf_return_value                     0x00000000   Number         0  stubs.o ABSOLUTE
    _printf_s                                0x00000000   Number         0  stubs.o ABSOLUTE
    _printf_sizespec                         0x00000000   Number         0  stubs.o ABSOLUTE
    _printf_str                              0x00000000   Number         0  stubs.o ABSOLUTE
    _printf_truncate_signed                  0x00000000   Number         0  stubs.o ABSOLUTE
    _printf_truncate_unsigned                0x00000000   Number         0  stubs.o ABSOLUTE
    _printf_u                                0x00000000   Number         0  stubs.o ABSOLUTE
    _printf_wc                               0x00000000   Number         0  stubs.o ABSOLUTE
    _printf_wctomb                           0x00000000   Number         0  stubs.o ABSOLUTE
    _printf_widthprec                        0x00000000   Number         0  stubs.o ABSOLUTE
    _printf_x                                0x00000000   Number         0  stubs.o ABSOLUTE
    __cpp_initialize__aeabi_                  - Undefined Weak Reference
    __cxa_finalize                            - Undefined Weak Reference
    __decompress                              - Undefined Weak Reference
    _clock_init                               - Undefined Weak Reference
    _microlib_exit                            - Undefined Weak Reference
    __Vectors_Size                           0x00000130   Number         0  startup_stm32f10x_hd.o ABSOLUTE
    __Vectors                                0x08000000   Data           4  startup_stm32f10x_hd.o(RESET)
    __Vectors_End                            0x08000130   Data           0  startup_stm32f10x_hd.o(RESET)
    __main                                   0x08000131   Thumb Code     0  entry.o(.ARM.Collect$$$$00000000)
    _main_stk                                0x08000131   Thumb Code     0  entry2.o(.ARM.Collect$$$$00000001)
    _main_scatterload                        0x08000135   Thumb Code     0  entry5.o(.ARM.Collect$$$$00000004)
    __main_after_scatterload                 0x08000139   Thumb Code     0  entry5.o(.ARM.Collect$$$$00000004)
    _main_clock                              0x08000139   Thumb Code     0  entry7b.o(.ARM.Collect$$$$00000008)
    _main_cpp_init                           0x08000139   Thumb Code     0  entry8b.o(.ARM.Collect$$$$0000000A)
    _main_init                               0x08000139   Thumb Code     0  entry9a.o(.ARM.Collect$$$$0000000B)
    __rt_final_cpp                           0x08000141   Thumb Code     0  entry10a.o(.ARM.Collect$$$$0000000D)
    __rt_final_exit                          0x08000141   Thumb Code     0  entry11a.o(.ARM.Collect$$$$0000000F)
    SVC_Handler                              0x08000145   Thumb Code    32  port.o(.emb_text)
    __asm___6_port_c_39a90d8d__prvStartFirstTask 0x08000169   Thumb Code    28  port.o(.emb_text)
    PendSV_Handler                           0x08000189   Thumb Code    72  port.o(.emb_text)
    vPortGetIPSR                             0x080001d5   Thumb Code     6  port.o(.emb_text)
    SendEventGroup                           0x080001dd   Thumb Code    26  main.o(.text)
    ESP8266_Rec_Task                         0x080001f7   Thumb Code   226  main.o(.text)
    ESP8266_Send_Task                        0x080002d9   Thumb Code   130  main.o(.text)
    Main_Running                             0x0800035b   Thumb Code   240  main.o(.text)
    Key_Task                                 0x0800044b   Thumb Code   146  main.o(.text)
    Timer_Count_Task                         0x080004dd   Thumb Code   208  main.o(.text)
    Mqtt_Task                                0x080005ad   Thumb Code   866  main.o(.text)
    Task_Init                                0x0800090f   Thumb Code   226  main.o(.text)
    main                                     0x080009f1   Thumb Code    68  main.o(.text)
    NMI_Handler                              0x08000c3d   Thumb Code     2  stm32f10x_it.o(.text)
    HardFault_Handler                        0x08000c3f   Thumb Code     4  stm32f10x_it.o(.text)
    MemManage_Handler                        0x08000c43   Thumb Code     4  stm32f10x_it.o(.text)
    BusFault_Handler                         0x08000c47   Thumb Code     4  stm32f10x_it.o(.text)
    UsageFault_Handler                       0x08000c4b   Thumb Code     4  stm32f10x_it.o(.text)
    DebugMon_Handler                         0x08000c4f   Thumb Code     2  stm32f10x_it.o(.text)
    SysTick_Handler                          0x08000c51   Thumb Code    16  stm32f10x_it.o(.text)
    SystemInit                               0x08000d3f   Thumb Code    78  system_stm32f10x.o(.text)
    SystemCoreClockUpdate                    0x08000d8d   Thumb Code   142  system_stm32f10x.o(.text)
    LED_Init                                 0x08000e41   Thumb Code    72  led.o(.text)
    KEY_Init                                 0x08000e91   Thumb Code    82  key.o(.text)
    KEY_Scan                                 0x08000ee3   Thumb Code   154  key.o(.text)
    TIM2_Int_Init                            0x08000f8d   Thumb Code    92  timer.o(.text)
    TIM3_Int_Init                            0x08000fe9   Thumb Code    96  timer.o(.text)
    TIM7_Int_Init                            0x08001049   Thumb Code    90  timer.o(.text)
    TIM4_PWM_Init                            0x080010a3   Thumb Code   138  timer.o(.text)
    TIM2_IRQHandler                          0x0800112d   Thumb Code    22  timer.o(.text)
    TIM3_IRQHandler                          0x08001143   Thumb Code    50  timer.o(.text)
    TIM7_IRQHandler                          0x08001175   Thumb Code   112  timer.o(.text)
    delay_init                               0x08001209   Thumb Code    74  delay.o(.text)
    delay_us                                 0x08001253   Thumb Code    68  delay.o(.text)
    delay_ms                                 0x08001297   Thumb Code    60  delay.o(.text)
    delay_xms                                0x080012d3   Thumb Code    24  delay.o(.text)
    _sys_exit                                0x080012fd   Thumb Code     6  usart.o(.text)
    fputc                                    0x08001303   Thumb Code    24  usart.o(.text)
    uart_init                                0x0800131b   Thumb Code   154  usart.o(.text)
    USART1_IRQHandler                        0x080013b5   Thumb Code   122  usart.o(.text)
    usart3_init                              0x0800142f   Thumb Code   192  usart.o(.text)
    u3_printf                                0x080014ef   Thumb Code    72  usart.o(.text)
    USART3_IRQHandler                        0x08001537   Thumb Code   174  usart.o(.text)
    Reset_Handler                            0x08001615   Thumb Code     8  startup_stm32f10x_hd.o(.text)
    ADC1_2_IRQHandler                        0x0800162f   Thumb Code     0  startup_stm32f10x_hd.o(.text)
    ADC3_IRQHandler                          0x0800162f   Thumb Code     0  startup_stm32f10x_hd.o(.text)
    CAN1_RX1_IRQHandler                      0x0800162f   Thumb Code     0  startup_stm32f10x_hd.o(.text)
    CAN1_SCE_IRQHandler                      0x0800162f   Thumb Code     0  startup_stm32f10x_hd.o(.text)
    DMA1_Channel1_IRQHandler                 0x0800162f   Thumb Code     0  startup_stm32f10x_hd.o(.text)
    DMA1_Channel2_IRQHandler                 0x0800162f   Thumb Code     0  startup_stm32f10x_hd.o(.text)
    DMA1_Channel3_IRQHandler                 0x0800162f   Thumb Code     0  startup_stm32f10x_hd.o(.text)
    DMA1_Channel4_IRQHandler                 0x0800162f   Thumb Code     0  startup_stm32f10x_hd.o(.text)
    DMA1_Channel5_IRQHandler                 0x0800162f   Thumb Code     0  startup_stm32f10x_hd.o(.text)
    DMA1_Channel6_IRQHandler                 0x0800162f   Thumb Code     0  startup_stm32f10x_hd.o(.text)
    DMA1_Channel7_IRQHandler                 0x0800162f   Thumb Code     0  startup_stm32f10x_hd.o(.text)
    DMA2_Channel1_IRQHandler                 0x0800162f   Thumb Code     0  startup_stm32f10x_hd.o(.text)
    DMA2_Channel2_IRQHandler                 0x0800162f   Thumb Code     0  startup_stm32f10x_hd.o(.text)
    DMA2_Channel3_IRQHandler                 0x0800162f   Thumb Code     0  startup_stm32f10x_hd.o(.text)
    DMA2_Channel4_5_IRQHandler               0x0800162f   Thumb Code     0  startup_stm32f10x_hd.o(.text)
    EXTI0_IRQHandler                         0x0800162f   Thumb Code     0  startup_stm32f10x_hd.o(.text)
    EXTI15_10_IRQHandler                     0x0800162f   Thumb Code     0  startup_stm32f10x_hd.o(.text)
    EXTI1_IRQHandler                         0x0800162f   Thumb Code     0  startup_stm32f10x_hd.o(.text)
    EXTI2_IRQHandler                         0x0800162f   Thumb Code     0  startup_stm32f10x_hd.o(.text)
    EXTI3_IRQHandler                         0x0800162f   Thumb Code     0  startup_stm32f10x_hd.o(.text)
    EXTI4_IRQHandler                         0x0800162f   Thumb Code     0  startup_stm32f10x_hd.o(.text)
    EXTI9_5_IRQHandler                       0x0800162f   Thumb Code     0  startup_stm32f10x_hd.o(.text)
    FLASH_IRQHandler                         0x0800162f   Thumb Code     0  startup_stm32f10x_hd.o(.text)
    FSMC_IRQHandler                          0x0800162f   Thumb Code     0  startup_stm32f10x_hd.o(.text)
    I2C1_ER_IRQHandler                       0x0800162f   Thumb Code     0  startup_stm32f10x_hd.o(.text)
    I2C1_EV_IRQHandler                       0x0800162f   Thumb Code     0  startup_stm32f10x_hd.o(.text)
    I2C2_ER_IRQHandler                       0x0800162f   Thumb Code     0  startup_stm32f10x_hd.o(.text)
    I2C2_EV_IRQHandler                       0x0800162f   Thumb Code     0  startup_stm32f10x_hd.o(.text)
    PVD_IRQHandler                           0x0800162f   Thumb Code     0  startup_stm32f10x_hd.o(.text)
    RCC_IRQHandler                           0x0800162f   Thumb Code     0  startup_stm32f10x_hd.o(.text)
    RTCAlarm_IRQHandler                      0x0800162f   Thumb Code     0  startup_stm32f10x_hd.o(.text)
    RTC_IRQHandler                           0x0800162f   Thumb Code     0  startup_stm32f10x_hd.o(.text)
    SDIO_IRQHandler                          0x0800162f   Thumb Code     0  startup_stm32f10x_hd.o(.text)
    SPI1_IRQHandler                          0x0800162f   Thumb Code     0  startup_stm32f10x_hd.o(.text)
    SPI2_IRQHandler                          0x0800162f   Thumb Code     0  startup_stm32f10x_hd.o(.text)
    SPI3_IRQHandler                          0x0800162f   Thumb Code     0  startup_stm32f10x_hd.o(.text)
    TAMPER_IRQHandler                        0x0800162f   Thumb Code     0  startup_stm32f10x_hd.o(.text)
    TIM1_BRK_IRQHandler                      0x0800162f   Thumb Code     0  startup_stm32f10x_hd.o(.text)
    TIM1_CC_IRQHandler                       0x0800162f   Thumb Code     0  startup_stm32f10x_hd.o(.text)
    TIM1_TRG_COM_IRQHandler                  0x0800162f   Thumb Code     0  startup_stm32f10x_hd.o(.text)
    TIM1_UP_IRQHandler                       0x0800162f   Thumb Code     0  startup_stm32f10x_hd.o(.text)
    TIM4_IRQHandler                          0x0800162f   Thumb Code     0  startup_stm32f10x_hd.o(.text)
    TIM5_IRQHandler                          0x0800162f   Thumb Code     0  startup_stm32f10x_hd.o(.text)
    TIM6_IRQHandler                          0x0800162f   Thumb Code     0  startup_stm32f10x_hd.o(.text)
    TIM8_BRK_IRQHandler                      0x0800162f   Thumb Code     0  startup_stm32f10x_hd.o(.text)
    TIM8_CC_IRQHandler                       0x0800162f   Thumb Code     0  startup_stm32f10x_hd.o(.text)
    TIM8_TRG_COM_IRQHandler                  0x0800162f   Thumb Code     0  startup_stm32f10x_hd.o(.text)
    TIM8_UP_IRQHandler                       0x0800162f   Thumb Code     0  startup_stm32f10x_hd.o(.text)
    UART4_IRQHandler                         0x0800162f   Thumb Code     0  startup_stm32f10x_hd.o(.text)
    UART5_IRQHandler                         0x0800162f   Thumb Code     0  startup_stm32f10x_hd.o(.text)
    USART2_IRQHandler                        0x0800162f   Thumb Code     0  startup_stm32f10x_hd.o(.text)
    USBWakeUp_IRQHandler                     0x0800162f   Thumb Code     0  startup_stm32f10x_hd.o(.text)
    USB_HP_CAN1_TX_IRQHandler                0x0800162f   Thumb Code     0  startup_stm32f10x_hd.o(.text)
    USB_LP_CAN1_RX0_IRQHandler               0x0800162f   Thumb Code     0  startup_stm32f10x_hd.o(.text)
    WWDG_IRQHandler                          0x0800162f   Thumb Code     0  startup_stm32f10x_hd.o(.text)
    NVIC_PriorityGroupConfig                 0x08001639   Thumb Code    10  misc.o(.text)
    NVIC_Init                                0x08001643   Thumb Code   100  misc.o(.text)
    NVIC_SetVectorTable                      0x080016a7   Thumb Code    14  misc.o(.text)
    NVIC_SystemLPConfig                      0x080016b5   Thumb Code    34  misc.o(.text)
    SysTick_CLKSourceConfig                  0x080016d7   Thumb Code    40  misc.o(.text)
    GPIO_DeInit                              0x08001715   Thumb Code   172  stm32f10x_gpio.o(.text)
    GPIO_AFIODeInit                          0x080017c1   Thumb Code    20  stm32f10x_gpio.o(.text)
    GPIO_Init                                0x080017d5   Thumb Code   278  stm32f10x_gpio.o(.text)
    GPIO_StructInit                          0x080018eb   Thumb Code    16  stm32f10x_gpio.o(.text)
    GPIO_ReadInputDataBit                    0x080018fb   Thumb Code    18  stm32f10x_gpio.o(.text)
    GPIO_ReadInputData                       0x0800190d   Thumb Code     8  stm32f10x_gpio.o(.text)
    GPIO_ReadOutputDataBit                   0x08001915   Thumb Code    18  stm32f10x_gpio.o(.text)
    GPIO_ReadOutputData                      0x08001927   Thumb Code     8  stm32f10x_gpio.o(.text)
    GPIO_SetBits                             0x0800192f   Thumb Code     4  stm32f10x_gpio.o(.text)
    GPIO_ResetBits                           0x08001933   Thumb Code     4  stm32f10x_gpio.o(.text)
    GPIO_WriteBit                            0x08001937   Thumb Code    10  stm32f10x_gpio.o(.text)
    GPIO_Write                               0x08001941   Thumb Code     4  stm32f10x_gpio.o(.text)
    GPIO_PinLockConfig                       0x08001945   Thumb Code    18  stm32f10x_gpio.o(.text)
    GPIO_EventOutputConfig                   0x08001957   Thumb Code    26  stm32f10x_gpio.o(.text)
    GPIO_EventOutputCmd                      0x08001971   Thumb Code     6  stm32f10x_gpio.o(.text)
    GPIO_PinRemapConfig                      0x08001977   Thumb Code   138  stm32f10x_gpio.o(.text)
    GPIO_EXTILineConfig                      0x08001a01   Thumb Code    66  stm32f10x_gpio.o(.text)
    GPIO_ETH_MediaInterfaceConfig            0x08001a43   Thumb Code     8  stm32f10x_gpio.o(.text)
    RCC_DeInit                               0x08001a71   Thumb Code    64  stm32f10x_rcc.o(.text)
    RCC_HSEConfig                            0x08001ab1   Thumb Code    70  stm32f10x_rcc.o(.text)
    RCC_GetFlagStatus                        0x08001af7   Thumb Code    56  stm32f10x_rcc.o(.text)
    RCC_WaitForHSEStartUp                    0x08001b2f   Thumb Code    56  stm32f10x_rcc.o(.text)
    RCC_AdjustHSICalibrationValue            0x08001b67   Thumb Code    20  stm32f10x_rcc.o(.text)
    RCC_HSICmd                               0x08001b7b   Thumb Code     6  stm32f10x_rcc.o(.text)
    RCC_PLLConfig                            0x08001b81   Thumb Code    24  stm32f10x_rcc.o(.text)
    RCC_PLLCmd                               0x08001b99   Thumb Code     6  stm32f10x_rcc.o(.text)
    RCC_SYSCLKConfig                         0x08001b9f   Thumb Code    18  stm32f10x_rcc.o(.text)
    RCC_GetSYSCLKSource                      0x08001bb1   Thumb Code    10  stm32f10x_rcc.o(.text)
    RCC_HCLKConfig                           0x08001bbb   Thumb Code    18  stm32f10x_rcc.o(.text)
    RCC_PCLK1Config                          0x08001bcd   Thumb Code    18  stm32f10x_rcc.o(.text)
    RCC_PCLK2Config                          0x08001bdf   Thumb Code    20  stm32f10x_rcc.o(.text)
    RCC_ITConfig                             0x08001bf3   Thumb Code    26  stm32f10x_rcc.o(.text)
    RCC_USBCLKConfig                         0x08001c0d   Thumb Code     8  stm32f10x_rcc.o(.text)
    RCC_ADCCLKConfig                         0x08001c15   Thumb Code    18  stm32f10x_rcc.o(.text)
    RCC_LSEConfig                            0x08001c27   Thumb Code    50  stm32f10x_rcc.o(.text)
    RCC_LSICmd                               0x08001c59   Thumb Code     6  stm32f10x_rcc.o(.text)
    RCC_RTCCLKConfig                         0x08001c5f   Thumb Code    12  stm32f10x_rcc.o(.text)
    RCC_RTCCLKCmd                            0x08001c6b   Thumb Code     8  stm32f10x_rcc.o(.text)
    RCC_GetClocksFreq                        0x08001c73   Thumb Code   192  stm32f10x_rcc.o(.text)
    RCC_AHBPeriphClockCmd                    0x08001d33   Thumb Code    26  stm32f10x_rcc.o(.text)
    RCC_APB2PeriphClockCmd                   0x08001d4d   Thumb Code    26  stm32f10x_rcc.o(.text)
    RCC_APB1PeriphClockCmd                   0x08001d67   Thumb Code    26  stm32f10x_rcc.o(.text)
    RCC_APB2PeriphResetCmd                   0x08001d81   Thumb Code    26  stm32f10x_rcc.o(.text)
    RCC_APB1PeriphResetCmd                   0x08001d9b   Thumb Code    26  stm32f10x_rcc.o(.text)
    RCC_BackupResetCmd                       0x08001db5   Thumb Code     8  stm32f10x_rcc.o(.text)
    RCC_ClockSecuritySystemCmd               0x08001dbd   Thumb Code     6  stm32f10x_rcc.o(.text)
    RCC_MCOConfig                            0x08001dc3   Thumb Code     6  stm32f10x_rcc.o(.text)
    RCC_ClearFlag                            0x08001dc9   Thumb Code    14  stm32f10x_rcc.o(.text)
    RCC_GetITStatus                          0x08001dd7   Thumb Code    20  stm32f10x_rcc.o(.text)
    RCC_ClearITPendingBit                    0x08001deb   Thumb Code     6  stm32f10x_rcc.o(.text)
    USART_DeInit                             0x08001e15   Thumb Code   134  stm32f10x_usart.o(.text)
    USART_Init                               0x08001e9b   Thumb Code   210  stm32f10x_usart.o(.text)
    USART_StructInit                         0x08001f6d   Thumb Code    24  stm32f10x_usart.o(.text)
    USART_ClockInit                          0x08001f85   Thumb Code    34  stm32f10x_usart.o(.text)
    USART_ClockStructInit                    0x08001fa7   Thumb Code    12  stm32f10x_usart.o(.text)
    USART_Cmd                                0x08001fb3   Thumb Code    24  stm32f10x_usart.o(.text)
    USART_ITConfig                           0x08001fcb   Thumb Code    74  stm32f10x_usart.o(.text)
    USART_DMACmd                             0x08002015   Thumb Code    18  stm32f10x_usart.o(.text)
    USART_SetAddress                         0x08002027   Thumb Code    18  stm32f10x_usart.o(.text)
    USART_WakeUpConfig                       0x08002039   Thumb Code    18  stm32f10x_usart.o(.text)
    USART_ReceiverWakeUpCmd                  0x0800204b   Thumb Code    24  stm32f10x_usart.o(.text)
    USART_LINBreakDetectLengthConfig         0x08002063   Thumb Code    18  stm32f10x_usart.o(.text)
    USART_LINCmd                             0x08002075   Thumb Code    24  stm32f10x_usart.o(.text)
    USART_SendData                           0x0800208d   Thumb Code     8  stm32f10x_usart.o(.text)
    USART_ReceiveData                        0x08002095   Thumb Code    10  stm32f10x_usart.o(.text)
    USART_SendBreak                          0x0800209f   Thumb Code    10  stm32f10x_usart.o(.text)
    USART_SetGuardTime                       0x080020a9   Thumb Code    16  stm32f10x_usart.o(.text)
    USART_SetPrescaler                       0x080020b9   Thumb Code    16  stm32f10x_usart.o(.text)
    USART_SmartCardCmd                       0x080020c9   Thumb Code    24  stm32f10x_usart.o(.text)
    USART_SmartCardNACKCmd                   0x080020e1   Thumb Code    24  stm32f10x_usart.o(.text)
    USART_HalfDuplexCmd                      0x080020f9   Thumb Code    24  stm32f10x_usart.o(.text)
    USART_OverSampling8Cmd                   0x08002111   Thumb Code    22  stm32f10x_usart.o(.text)
    USART_OneBitMethodCmd                    0x08002127   Thumb Code    24  stm32f10x_usart.o(.text)
    USART_IrDAConfig                         0x0800213f   Thumb Code    18  stm32f10x_usart.o(.text)
    USART_IrDACmd                            0x08002151   Thumb Code    24  stm32f10x_usart.o(.text)
    USART_GetFlagStatus                      0x08002169   Thumb Code    26  stm32f10x_usart.o(.text)
    USART_ClearFlag                          0x08002183   Thumb Code    18  stm32f10x_usart.o(.text)
    USART_GetITStatus                        0x08002195   Thumb Code    84  stm32f10x_usart.o(.text)
    USART_ClearITPendingBit                  0x080021e9   Thumb Code    52  stm32f10x_usart.o(.text)
    TIM_DeInit                               0x0800221d   Thumb Code   424  stm32f10x_tim.o(.text)
    TIM_TimeBaseInit                         0x080023c5   Thumb Code   122  stm32f10x_tim.o(.text)
    TIM_OC1Init                              0x0800243f   Thumb Code   132  stm32f10x_tim.o(.text)
    TIM_OC2Init                              0x080024c3   Thumb Code   154  stm32f10x_tim.o(.text)
    TIM_OC3Init                              0x0800255d   Thumb Code   150  stm32f10x_tim.o(.text)
    TIM_OC4Init                              0x080025f3   Thumb Code   182  stm32f10x_tim.o(.text)
    TIM_SetIC4Prescaler                      0x080026a9   Thumb Code    26  stm32f10x_tim.o(.text)
    TIM_SetIC3Prescaler                      0x08002745   Thumb Code    18  stm32f10x_tim.o(.text)
    TIM_SetIC2Prescaler                      0x080027d1   Thumb Code    26  stm32f10x_tim.o(.text)
    TIM_SetIC1Prescaler                      0x0800286d   Thumb Code    18  stm32f10x_tim.o(.text)
    TIM_ICInit                               0x080028eb   Thumb Code   150  stm32f10x_tim.o(.text)
    TIM_PWMIConfig                           0x08002981   Thumb Code   124  stm32f10x_tim.o(.text)
    TIM_BDTRConfig                           0x080029fd   Thumb Code    32  stm32f10x_tim.o(.text)
    TIM_TimeBaseStructInit                   0x08002a1d   Thumb Code    18  stm32f10x_tim.o(.text)
    TIM_OCStructInit                         0x08002a2f   Thumb Code    20  stm32f10x_tim.o(.text)
    TIM_ICStructInit                         0x08002a43   Thumb Code    18  stm32f10x_tim.o(.text)
    TIM_BDTRStructInit                       0x08002a55   Thumb Code    40  stm32f10x_tim.o(.text)
    TIM_Cmd                                  0x08002a7d   Thumb Code    24  stm32f10x_tim.o(.text)
    TIM_CtrlPWMOutputs                       0x08002a95   Thumb Code    30  stm32f10x_tim.o(.text)
    TIM_ITConfig                             0x08002ab3   Thumb Code    18  stm32f10x_tim.o(.text)
    TIM_GenerateEvent                        0x08002ac5   Thumb Code     4  stm32f10x_tim.o(.text)
    TIM_DMAConfig                            0x08002ac9   Thumb Code    10  stm32f10x_tim.o(.text)
    TIM_DMACmd                               0x08002ad3   Thumb Code    18  stm32f10x_tim.o(.text)
    TIM_InternalClockConfig                  0x08002ae5   Thumb Code    12  stm32f10x_tim.o(.text)
    TIM_SelectInputTrigger                   0x08002af1   Thumb Code    18  stm32f10x_tim.o(.text)
    TIM_ITRxExternalClockConfig              0x08002b03   Thumb Code    24  stm32f10x_tim.o(.text)
    TIM_TIxExternalClockConfig               0x08002b1b   Thumb Code    62  stm32f10x_tim.o(.text)
    TIM_ETRConfig                            0x08002b59   Thumb Code    28  stm32f10x_tim.o(.text)
    TIM_ETRClockMode1Config                  0x08002b75   Thumb Code    54  stm32f10x_tim.o(.text)
    TIM_ETRClockMode2Config                  0x08002bab   Thumb Code    32  stm32f10x_tim.o(.text)
    TIM_PrescalerConfig                      0x08002bcb   Thumb Code     6  stm32f10x_tim.o(.text)
    TIM_CounterModeConfig                    0x08002bd1   Thumb Code    18  stm32f10x_tim.o(.text)
    TIM_EncoderInterfaceConfig               0x08002be3   Thumb Code    66  stm32f10x_tim.o(.text)
    TIM_ForcedOC1Config                      0x08002c25   Thumb Code    18  stm32f10x_tim.o(.text)
    TIM_ForcedOC2Config                      0x08002c37   Thumb Code    26  stm32f10x_tim.o(.text)
    TIM_ForcedOC3Config                      0x08002c51   Thumb Code    18  stm32f10x_tim.o(.text)
    TIM_ForcedOC4Config                      0x08002c63   Thumb Code    26  stm32f10x_tim.o(.text)
    TIM_ARRPreloadConfig                     0x08002c7d   Thumb Code    24  stm32f10x_tim.o(.text)
    TIM_SelectCOM                            0x08002c95   Thumb Code    24  stm32f10x_tim.o(.text)
    TIM_SelectCCDMA                          0x08002cad   Thumb Code    24  stm32f10x_tim.o(.text)
    TIM_CCPreloadControl                     0x08002cc5   Thumb Code    24  stm32f10x_tim.o(.text)
    TIM_OC1PreloadConfig                     0x08002cdd   Thumb Code    18  stm32f10x_tim.o(.text)
    TIM_OC2PreloadConfig                     0x08002cef   Thumb Code    26  stm32f10x_tim.o(.text)
    TIM_OC3PreloadConfig                     0x08002d09   Thumb Code    18  stm32f10x_tim.o(.text)
    TIM_OC4PreloadConfig                     0x08002d1b   Thumb Code    26  stm32f10x_tim.o(.text)
    TIM_OC1FastConfig                        0x08002d35   Thumb Code    18  stm32f10x_tim.o(.text)
    TIM_OC2FastConfig                        0x08002d47   Thumb Code    26  stm32f10x_tim.o(.text)
    TIM_OC3FastConfig                        0x08002d61   Thumb Code    18  stm32f10x_tim.o(.text)
    TIM_OC4FastConfig                        0x08002d73   Thumb Code    26  stm32f10x_tim.o(.text)
    TIM_ClearOC1Ref                          0x08002d8d   Thumb Code    18  stm32f10x_tim.o(.text)
    TIM_ClearOC2Ref                          0x08002d9f   Thumb Code    24  stm32f10x_tim.o(.text)
    TIM_ClearOC3Ref                          0x08002db7   Thumb Code    18  stm32f10x_tim.o(.text)
    TIM_ClearOC4Ref                          0x08002dc9   Thumb Code    24  stm32f10x_tim.o(.text)
    TIM_OC1PolarityConfig                    0x08002de1   Thumb Code    18  stm32f10x_tim.o(.text)
    TIM_OC1NPolarityConfig                   0x08002df3   Thumb Code    18  stm32f10x_tim.o(.text)
    TIM_OC2PolarityConfig                    0x08002e05   Thumb Code    26  stm32f10x_tim.o(.text)
    TIM_OC2NPolarityConfig                   0x08002e1f   Thumb Code    26  stm32f10x_tim.o(.text)
    TIM_OC3PolarityConfig                    0x08002e39   Thumb Code    26  stm32f10x_tim.o(.text)
    TIM_OC3NPolarityConfig                   0x08002e53   Thumb Code    26  stm32f10x_tim.o(.text)
    TIM_OC4PolarityConfig                    0x08002e6d   Thumb Code    26  stm32f10x_tim.o(.text)
    TIM_CCxCmd                               0x08002e87   Thumb Code    30  stm32f10x_tim.o(.text)
    TIM_CCxNCmd                              0x08002ea5   Thumb Code    30  stm32f10x_tim.o(.text)
    TIM_SelectOCxM                           0x08002ec3   Thumb Code    82  stm32f10x_tim.o(.text)
    TIM_UpdateDisableConfig                  0x08002f15   Thumb Code    24  stm32f10x_tim.o(.text)
    TIM_UpdateRequestConfig                  0x08002f2d   Thumb Code    24  stm32f10x_tim.o(.text)
    TIM_SelectHallSensor                     0x08002f45   Thumb Code    24  stm32f10x_tim.o(.text)
    TIM_SelectOnePulseMode                   0x08002f5d   Thumb Code    18  stm32f10x_tim.o(.text)
    TIM_SelectOutputTrigger                  0x08002f6f   Thumb Code    18  stm32f10x_tim.o(.text)
    TIM_SelectSlaveMode                      0x08002f81   Thumb Code    18  stm32f10x_tim.o(.text)
    TIM_SelectMasterSlaveMode                0x08002f93   Thumb Code    18  stm32f10x_tim.o(.text)
    TIM_SetCounter                           0x08002fa5   Thumb Code     4  stm32f10x_tim.o(.text)
    TIM_SetAutoreload                        0x08002fa9   Thumb Code     4  stm32f10x_tim.o(.text)
    TIM_SetCompare1                          0x08002fad   Thumb Code     4  stm32f10x_tim.o(.text)
    TIM_SetCompare2                          0x08002fb1   Thumb Code     4  stm32f10x_tim.o(.text)
    TIM_SetCompare3                          0x08002fb5   Thumb Code     4  stm32f10x_tim.o(.text)
    TIM_SetCompare4                          0x08002fb9   Thumb Code     6  stm32f10x_tim.o(.text)
    TIM_SetClockDivision                     0x08002fbf   Thumb Code    18  stm32f10x_tim.o(.text)
    TIM_GetCapture1                          0x08002fd1   Thumb Code     6  stm32f10x_tim.o(.text)
    TIM_GetCapture2                          0x08002fd7   Thumb Code     6  stm32f10x_tim.o(.text)
    TIM_GetCapture3                          0x08002fdd   Thumb Code     6  stm32f10x_tim.o(.text)
    TIM_GetCapture4                          0x08002fe3   Thumb Code     8  stm32f10x_tim.o(.text)
    TIM_GetCounter                           0x08002feb   Thumb Code     6  stm32f10x_tim.o(.text)
    TIM_GetPrescaler                         0x08002ff1   Thumb Code     6  stm32f10x_tim.o(.text)
    TIM_GetFlagStatus                        0x08002ff7   Thumb Code    18  stm32f10x_tim.o(.text)
    TIM_ClearFlag                            0x08003009   Thumb Code     6  stm32f10x_tim.o(.text)
    TIM_GetITStatus                          0x0800300f   Thumb Code    34  stm32f10x_tim.o(.text)
    TIM_ClearITPendingBit                    0x08003031   Thumb Code     6  stm32f10x_tim.o(.text)
    xTimerGenericCommand                     0x08003089   Thumb Code   118  timers.o(.text)
    xTimerCreateTimerTask                    0x080033f1   Thumb Code    56  timers.o(.text)
    xTimerCreate                             0x080034cf   Thumb Code    48  timers.o(.text)
    xTimerGetTimerDaemonTaskHandle           0x080034ff   Thumb Code    38  timers.o(.text)
    xTimerGetPeriod                          0x08003525   Thumb Code    28  timers.o(.text)
    xTimerGetExpiryTime                      0x08003541   Thumb Code    30  timers.o(.text)
    pcTimerGetName                           0x0800355f   Thumb Code    28  timers.o(.text)
    xTimerIsTimerActive                      0x0800357b   Thumb Code    50  timers.o(.text)
    pvTimerGetTimerID                        0x080035ad   Thumb Code    38  timers.o(.text)
    vTimerSetTimerID                         0x080035d3   Thumb Code    38  timers.o(.text)
    xTimerPendFunctionCallFromISR            0x080035f9   Thumb Code    48  timers.o(.text)
    xTimerPendFunctionCall                   0x08003629   Thumb Code    70  timers.o(.text)
    xTaskCreate                              0x08003805   Thumb Code    96  tasks.o(.text)
    vTaskDelete                              0x080038a1   Thumb Code   192  tasks.o(.text)
    xTaskIncrementTick                       0x08003961   Thumb Code   392  tasks.o(.text)
    xTaskResumeAll                           0x08003ae9   Thumb Code   218  tasks.o(.text)
    vTaskSuspendAll                          0x08003c3f   Thumb Code    12  tasks.o(.text)
    vTaskDelayUntil                          0x08003c4b   Thumb Code   182  tasks.o(.text)
    vTaskDelay                               0x08003d01   Thumb Code    76  tasks.o(.text)
    eTaskGetState                            0x08003d4d   Thumb Code   106  tasks.o(.text)
    uxTaskPriorityGet                        0x08003db7   Thumb Code    30  tasks.o(.text)
    uxTaskPriorityGetFromISR                 0x08003dd5   Thumb Code    62  tasks.o(.text)
    vTaskPrioritySet                         0x08003e13   Thumb Code   320  tasks.o(.text)
    vTaskSwitchContext                       0x08003f53   Thumb Code   114  tasks.o(.text)
    vTaskSuspend                             0x08003fc5   Thumb Code   190  tasks.o(.text)
    vTaskResume                              0x080040cf   Thumb Code   122  tasks.o(.text)
    xTaskResumeFromISR                       0x08004149   Thumb Code   152  tasks.o(.text)
    vTaskStartScheduler                      0x08004257   Thumb Code   112  tasks.o(.text)
    vTaskEndScheduler                        0x080042c7   Thumb Code    32  tasks.o(.text)
    xTaskGetTickCount                        0x080042e7   Thumb Code     6  tasks.o(.text)
    xTaskGetTickCountFromISR                 0x080042ed   Thumb Code    16  tasks.o(.text)
    uxTaskGetNumberOfTasks                   0x080042fd   Thumb Code     6  tasks.o(.text)
    pcTaskGetName                            0x08004303   Thumb Code   114  tasks.o(.text)
    vTaskGetInfo                             0x0800438b   Thumb Code   114  tasks.o(.text)
    uxTaskGetSystemState                     0x08004467   Thumb Code   152  tasks.o(.text)
    vTaskPlaceOnEventList                    0x080044ff   Thumb Code    46  tasks.o(.text)
    vTaskPlaceOnUnorderedEventList           0x0800452d   Thumb Code    88  tasks.o(.text)
    vTaskPlaceOnEventListRestricted          0x08004585   Thumb Code    54  tasks.o(.text)
    xTaskRemoveFromEventList                 0x080045bb   Thumb Code   122  tasks.o(.text)
    xTaskRemoveFromUnorderedEventList        0x08004635   Thumb Code   142  tasks.o(.text)
    vTaskSetTimeOutState                     0x080046c3   Thumb Code    36  tasks.o(.text)
    xTaskCheckForTimeOut                     0x080046e7   Thumb Code   124  tasks.o(.text)
    vTaskMissedYield                         0x08004763   Thumb Code     8  tasks.o(.text)
    uxTaskGetTaskNumber                      0x0800476b   Thumb Code    66  tasks.o(.text)
    vTaskSetTaskNumber                       0x080047ad   Thumb Code     8  tasks.o(.text)
    xTaskGetCurrentTaskHandle                0x080047b5   Thumb Code     6  tasks.o(.text)
    xTaskGetSchedulerState                   0x080047bb   Thumb Code    24  tasks.o(.text)
    vTaskPriorityInherit                     0x080047d3   Thumb Code   164  tasks.o(.text)
    xTaskPriorityDisinherit                  0x08004877   Thumb Code   176  tasks.o(.text)
    vTaskList                                0x08004951   Thumb Code   204  tasks.o(.text)
    uxTaskResetEventItemValue                0x08004a1d   Thumb Code    24  tasks.o(.text)
    pvTaskIncrementMutexHeldCount            0x08004a35   Thumb Code    26  tasks.o(.text)
    ulTaskNotifyTake                         0x08004a4f   Thumb Code   108  tasks.o(.text)
    xTaskNotifyWait                          0x08004abb   Thumb Code   150  tasks.o(.text)
    xTaskGenericNotify                       0x08004b51   Thumb Code   276  tasks.o(.text)
    xTaskGenericNotifyFromISR                0x08004c65   Thumb Code   282  tasks.o(.text)
    vTaskNotifyGiveFromISR                   0x08004d7f   Thumb Code   200  tasks.o(.text)
    xTaskNotifyStateClear                    0x08004e47   Thumb Code    48  tasks.o(.text)
    xQueueGenericReset                       0x08004e99   Thumb Code   136  queue.o(.text)
    xQueueGenericCreate                      0x08004f4f   Thumb Code    78  queue.o(.text)
    xQueueGenericSend                        0x08005145   Thumb Code   456  queue.o(.text)
    xQueueCreateMutex                        0x08005329   Thumb Code    34  queue.o(.text)
    xQueueGiveMutexRecursive                 0x0800534b   Thumb Code    66  queue.o(.text)
    xQueueGenericReceive                     0x080053d1   Thumb Code   428  queue.o(.text)
    xQueueTakeMutexRecursive                 0x0800557d   Thumb Code    76  queue.o(.text)
    xQueueCreateCountingSemaphore            0x080055c9   Thumb Code    80  queue.o(.text)
    xQueueGenericSendFromISR                 0x08005619   Thumb Code   252  queue.o(.text)
    xQueueGiveFromISR                        0x08005715   Thumb Code   228  queue.o(.text)
    xQueueReceiveFromISR                     0x080057f9   Thumb Code   190  queue.o(.text)
    xQueuePeekFromISR                        0x080058b7   Thumb Code   158  queue.o(.text)
    uxQueueMessagesWaiting                   0x08005955   Thumb Code    36  queue.o(.text)
    uxQueueSpacesAvailable                   0x08005979   Thumb Code    42  queue.o(.text)
    uxQueueMessagesWaitingFromISR            0x080059a3   Thumb Code    28  queue.o(.text)
    vQueueUnregisterQueue                    0x080059bf   Thumb Code    44  queue.o(.text)
    vQueueDelete                             0x080059eb   Thumb Code    38  queue.o(.text)
    uxQueueGetQueueNumber                    0x08005a11   Thumb Code     6  queue.o(.text)
    vQueueSetQueueNumber                     0x08005a17   Thumb Code     4  queue.o(.text)
    ucQueueGetQueueType                      0x08005a1b   Thumb Code     8  queue.o(.text)
    xQueueIsQueueEmptyFromISR                0x08005a23   Thumb Code    36  queue.o(.text)
    xQueueIsQueueFullFromISR                 0x08005a47   Thumb Code    40  queue.o(.text)
    vQueueAddToRegistry                      0x08005a6f   Thumb Code    38  queue.o(.text)
    pcQueueGetName                           0x08005a95   Thumb Code    38  queue.o(.text)
    vQueueWaitForMessageRestricted           0x08005abb   Thumb Code    74  queue.o(.text)
    xQueueCreateSet                          0x08005b05   Thumb Code    20  queue.o(.text)
    xQueueAddToSet                           0x08005b19   Thumb Code    38  queue.o(.text)
    xQueueRemoveFromSet                      0x08005b3f   Thumb Code    48  queue.o(.text)
    xQueueSelectFromSet                      0x08005b6f   Thumb Code    26  queue.o(.text)
    xQueueSelectFromSetFromISR               0x08005b89   Thumb Code    22  queue.o(.text)
    vListInitialise                          0x08005ba5   Thumb Code    26  list.o(.text)
    vListInitialiseItem                      0x08005bbf   Thumb Code     6  list.o(.text)
    vListInsertEnd                           0x08005bc5   Thumb Code    24  list.o(.text)
    vListInsert                              0x08005bdd   Thumb Code    52  list.o(.text)
    uxListRemove                             0x08005c11   Thumb Code    40  list.o(.text)
    xEventGroupCreate                        0x08005c39   Thumb Code    26  event_groups.o(.text)
    xEventGroupSetBits                       0x08005c53   Thumb Code   186  event_groups.o(.text)
    xEventGroupSync                          0x08005d0d   Thumb Code   228  event_groups.o(.text)
    xEventGroupWaitBits                      0x08005e0f   Thumb Code   294  event_groups.o(.text)
    xEventGroupClearBits                     0x08005f35   Thumb Code    72  event_groups.o(.text)
    vEventGroupClearBitsCallback             0x08005f7d   Thumb Code    16  event_groups.o(.text)
    xEventGroupClearBitsFromISR              0x08005f8d   Thumb Code    26  event_groups.o(.text)
    xEventGroupGetBitsFromISR                0x08005fa7   Thumb Code    44  event_groups.o(.text)
    vEventGroupDelete                        0x08005fd3   Thumb Code    72  event_groups.o(.text)
    vEventGroupSetBitsCallback               0x0800601b   Thumb Code    66  event_groups.o(.text)
    xEventGroupSetBitsFromISR                0x0800605d   Thumb Code    32  event_groups.o(.text)
    uxEventGroupGetNumber                    0x0800607d   Thumb Code    14  event_groups.o(.text)
    pvPortMalloc                             0x0800614f   Thumb Code   262  heap_4.o(.text)
    vPortFree                                0x08006255   Thumb Code   120  heap_4.o(.text)
    xPortGetFreeHeapSize                     0x080062cd   Thumb Code     6  heap_4.o(.text)
    xPortGetMinimumEverFreeHeapSize          0x080062d3   Thumb Code     6  heap_4.o(.text)
    vPortInitialiseBlocks                    0x080062d9   Thumb Code     2  heap_4.o(.text)
    pxPortInitialiseStack                    0x0800635d   Thumb Code    30  port.o(.text)
    vPortSetupTimerInterrupt                 0x0800637b   Thumb Code    26  port.o(.text)
    xPortStartScheduler                      0x08006395   Thumb Code   140  port.o(.text)
    vPortEndScheduler                        0x08006421   Thumb Code    34  port.o(.text)
    vPortEnterCritical                       0x08006443   Thumb Code    70  port.o(.text)
    vPortExitCritical                        0x08006489   Thumb Code    48  port.o(.text)
    xPortSysTickHandler                      0x080064b9   Thumb Code    48  port.o(.text)
    vPortValidateInterruptPriority           0x080064e9   Thumb Code    88  port.o(.text)
    MQTT_SendBuf                             0x08006599   Thumb Code    42  esp8266_mqtt.o(.text)
    MQTT_SentHeart                           0x080065c3   Thumb Code    12  esp8266_mqtt.o(.text)
    MQTT_Disconnect                          0x080065cf   Thumb Code    12  esp8266_mqtt.o(.text)
    MQTT_Init                                0x080065db   Thumb Code    52  esp8266_mqtt.o(.text)
    MQTT_Connect                             0x0800660f   Thumb Code   586  esp8266_mqtt.o(.text)
    MQTT_SubscribeTopic                      0x08006859   Thumb Code   424  esp8266_mqtt.o(.text)
    MQTT_PublishData                         0x08006a01   Thumb Code   266  esp8266_mqtt.o(.text)
    cJSON_GetErrorPtr                        0x08006b19   Thumb Code     6  cjson.o(.text)
    cJSON_InitHooks                          0x08006b93   Thumb Code    48  cjson.o(.text)
    cJSON_Delete                             0x08006bdd   Thumb Code    82  cjson.o(.text)
    cJSON_ParseWithOpts                      0x08007749   Thumb Code   152  cjson.o(.text)
    cJSON_Parse                              0x080077e1   Thumb Code    16  cjson.o(.text)
    cJSON_Print                              0x08007f71   Thumb Code    18  cjson.o(.text)
    cJSON_PrintUnformatted                   0x08007f83   Thumb Code    18  cjson.o(.text)
    cJSON_PrintBuffered                      0x08007f95   Thumb Code    52  cjson.o(.text)
    cJSON_GetArraySize                       0x08007fc9   Thumb Code    18  cjson.o(.text)
    cJSON_GetArrayItem                       0x08007fdb   Thumb Code    18  cjson.o(.text)
    cJSON_GetObjectItem                      0x08007fed   Thumb Code    30  cjson.o(.text)
    cJSON_AddItemToArray                     0x08008041   Thumb Code    42  cjson.o(.text)
    cJSON_AddItemToObject                    0x0800806b   Thumb Code    44  cjson.o(.text)
    cJSON_AddItemToObjectCS                  0x08008097   Thumb Code    54  cjson.o(.text)
    cJSON_AddItemReferenceToArray            0x080080cd   Thumb Code    24  cjson.o(.text)
    cJSON_AddItemReferenceToObject           0x080080e5   Thumb Code    32  cjson.o(.text)
    cJSON_DetachItemFromArray                0x08008105   Thumb Code    66  cjson.o(.text)
    cJSON_DeleteItemFromArray                0x08008147   Thumb Code    22  cjson.o(.text)
    cJSON_DetachItemFromObject               0x0800815d   Thumb Code    50  cjson.o(.text)
    cJSON_DeleteItemFromObject               0x0800818f   Thumb Code    22  cjson.o(.text)
    cJSON_InsertItemInArray                  0x080081a5   Thumb Code    64  cjson.o(.text)
    cJSON_ReplaceItemInArray                 0x080081e5   Thumb Code    76  cjson.o(.text)
    cJSON_ReplaceItemInObject                0x08008231   Thumb Code    62  cjson.o(.text)
    cJSON_CreateNull                         0x0800826f   Thumb Code    18  cjson.o(.text)
    cJSON_CreateTrue                         0x08008281   Thumb Code    18  cjson.o(.text)
    cJSON_CreateFalse                        0x08008293   Thumb Code    18  cjson.o(.text)
    cJSON_CreateBool                         0x080082a5   Thumb Code    26  cjson.o(.text)
    cJSON_CreateNumber                       0x080082bf   Thumb Code    36  cjson.o(.text)
    cJSON_CreateString                       0x080082e3   Thumb Code    28  cjson.o(.text)
    cJSON_CreateArray                        0x080082ff   Thumb Code    18  cjson.o(.text)
    cJSON_CreateObject                       0x08008311   Thumb Code    18  cjson.o(.text)
    cJSON_CreateIntArray                     0x08008323   Thumb Code    68  cjson.o(.text)
    cJSON_CreateFloatArray                   0x08008367   Thumb Code    68  cjson.o(.text)
    cJSON_CreateDoubleArray                  0x080083ab   Thumb Code    68  cjson.o(.text)
    cJSON_CreateStringArray                  0x080083ef   Thumb Code    62  cjson.o(.text)
    cJSON_Duplicate                          0x0800842d   Thumb Code   178  cjson.o(.text)
    cJSON_Minify                             0x080084df   Thumb Code   186  cjson.o(.text)
    tolower                                  0x08008599   Thumb Code    12  tolower.o(.text)
    __aeabi_memcpy                           0x080085a5   Thumb Code    36  memcpya.o(.text)
    __aeabi_memcpy4                          0x080085a5   Thumb Code     0  memcpya.o(.text)
    __aeabi_memcpy8                          0x080085a5   Thumb Code     0  memcpya.o(.text)
    __aeabi_memset                           0x080085c9   Thumb Code    14  memseta.o(.text)
    __aeabi_memset4                          0x080085c9   Thumb Code     0  memseta.o(.text)
    __aeabi_memset8                          0x080085c9   Thumb Code     0  memseta.o(.text)
    __aeabi_memclr                           0x080085d7   Thumb Code     4  memseta.o(.text)
    __aeabi_memclr4                          0x080085d7   Thumb Code     0  memseta.o(.text)
    __aeabi_memclr8                          0x080085d7   Thumb Code     0  memseta.o(.text)
    _memset$wrapper                          0x080085db   Thumb Code    18  memseta.o(.text)
    strstr                                   0x080085ed   Thumb Code    36  strstr.o(.text)
    strchr                                   0x08008611   Thumb Code    20  strchr.o(.text)
    strlen                                   0x08008625   Thumb Code    14  strlen.o(.text)
    strcpy                                   0x08008633   Thumb Code    18  strcpy.o(.text)
    strncmp                                  0x08008645   Thumb Code    30  strncmp.o(.text)
    __aeabi_dadd                             0x08008663   Thumb Code   322  dadd.o(.text)
    __aeabi_dsub                             0x080087a5   Thumb Code     6  dadd.o(.text)
    __aeabi_drsub                            0x080087ab   Thumb Code     6  dadd.o(.text)
    __aeabi_dmul                             0x080087b1   Thumb Code   228  dmul.o(.text)
    __aeabi_i2d                              0x08008895   Thumb Code    34  dflti.o(.text)
    __aeabi_ui2d                             0x080088b7   Thumb Code    26  dfltui.o(.text)
    __aeabi_d2iz                             0x080088d1   Thumb Code    62  dfixi.o(.text)
    __aeabi_f2d                              0x0800890f   Thumb Code    38  f2d.o(.text)
    __aeabi_cdcmpeq                          0x08008935   Thumb Code     0  cdcmple.o(.text)
    __aeabi_cdcmple                          0x08008935   Thumb Code    48  cdcmple.o(.text)
    __aeabi_cdrcmple                         0x08008965   Thumb Code    48  cdrcmple.o(.text)
    __aeabi_uidiv                            0x08008995   Thumb Code     0  uidiv.o(.text)
    __aeabi_uidivmod                         0x08008995   Thumb Code    44  uidiv.o(.text)
    __aeabi_uldivmod                         0x080089c1   Thumb Code    98  uldiv.o(.text)
    __aeabi_llsl                             0x08008a23   Thumb Code    30  llshl.o(.text)
    _ll_shift_l                              0x08008a23   Thumb Code     0  llshl.o(.text)
    __aeabi_llsr                             0x08008a41   Thumb Code    32  llushr.o(.text)
    _ll_ushift_r                             0x08008a41   Thumb Code     0  llushr.o(.text)
    __aeabi_lasr                             0x08008a61   Thumb Code    36  llsshr.o(.text)
    _ll_sshift_r                             0x08008a61   Thumb Code     0  llsshr.o(.text)
    __I$use$fp                               0x08008a85   Thumb Code     0  iusefp.o(.text)
    _double_round                            0x08008a85   Thumb Code    30  depilogue.o(.text)
    _double_epilogue                         0x08008aa3   Thumb Code   156  depilogue.o(.text)
    __aeabi_ddiv                             0x08008b3f   Thumb Code   222  ddiv.o(.text)
    __ARM_scalbn                             0x08008c1d   Thumb Code    46  dscalb.o(.text)
    scalbn                                   0x08008c1d   Thumb Code     0  dscalb.o(.text)
    __aeabi_d2ulz                            0x08008c4b   Thumb Code    48  dfixul.o(.text)
    __scatterload                            0x08008c7d   Thumb Code    28  init.o(.text)
    __scatterload_rt2                        0x08008c7d   Thumb Code     0  init.o(.text)
    _dsqrt                                   0x08008ca1   Thumb Code   162  dsqrt.o(.text)
    __0printf                                0x08008d45   Thumb Code    22  printfa.o(i.__0printf)
    __1printf                                0x08008d45   Thumb Code     0  printfa.o(i.__0printf)
    __2printf                                0x08008d45   Thumb Code     0  printfa.o(i.__0printf)
    __c89printf                              0x08008d45   Thumb Code     0  printfa.o(i.__0printf)
    printf                                   0x08008d45   Thumb Code     0  printfa.o(i.__0printf)
    __0sprintf                               0x08008d65   Thumb Code    34  printfa.o(i.__0sprintf)
    __1sprintf                               0x08008d65   Thumb Code     0  printfa.o(i.__0sprintf)
    __2sprintf                               0x08008d65   Thumb Code     0  printfa.o(i.__0sprintf)
    __c89sprintf                             0x08008d65   Thumb Code     0  printfa.o(i.__0sprintf)
    sprintf                                  0x08008d65   Thumb Code     0  printfa.o(i.__0sprintf)
    __0vsprintf                              0x08008d8d   Thumb Code    30  printfa.o(i.__0vsprintf)
    __1vsprintf                              0x08008d8d   Thumb Code     0  printfa.o(i.__0vsprintf)
    __2vsprintf                              0x08008d8d   Thumb Code     0  printfa.o(i.__0vsprintf)
    __c89vsprintf                            0x08008d8d   Thumb Code     0  printfa.o(i.__0vsprintf)
    vsprintf                                 0x08008d8d   Thumb Code     0  printfa.o(i.__0vsprintf)
    __ARM_fpclassify                         0x08008db1   Thumb Code    40  fpclassify.o(i.__ARM_fpclassify)
    __kernel_poly                            0x08008dd9   Thumb Code   170  poly.o(i.__kernel_poly)
    __mathlib_dbl_divzero                    0x08008e85   Thumb Code    12  dunder.o(i.__mathlib_dbl_divzero)
    __mathlib_dbl_infnan2                    0x08008e95   Thumb Code     4  dunder.o(i.__mathlib_dbl_infnan2)
    __mathlib_dbl_invalid                    0x08008e99   Thumb Code    12  dunder.o(i.__mathlib_dbl_invalid)
    __mathlib_dbl_overflow                   0x08008ea5   Thumb Code    14  dunder.o(i.__mathlib_dbl_overflow)
    __mathlib_dbl_underflow                  0x08008eb5   Thumb Code    10  dunder.o(i.__mathlib_dbl_underflow)
    __scatterload_copy                       0x08008ec5   Thumb Code    14  handlers.o(i.__scatterload_copy)
    __scatterload_null                       0x08008ed3   Thumb Code     2  handlers.o(i.__scatterload_null)
    __scatterload_zeroinit                   0x08008ed5   Thumb Code    14  handlers.o(i.__scatterload_zeroinit)
    __set_errno                              0x08008ee5   Thumb Code     6  errno.o(i.__set_errno)
    floor                                    0x080097ad   Thumb Code   204  floor.o(i.floor)
    pow                                      0x08009889   Thumb Code  2512  pow.o(i.pow)
    sqrt                                     0x0800a261   Thumb Code    76  sqrt.o(i.sqrt)
    parket_connetAck                         0x0800a2ac   Data           4  esp8266_mqtt.o(.constdata)
    parket_disconnet                         0x0800a2b0   Data           2  esp8266_mqtt.o(.constdata)
    parket_heart                             0x0800a2b2   Data           2  esp8266_mqtt.o(.constdata)
    parket_heart_reply                       0x0800a2b4   Data           2  esp8266_mqtt.o(.constdata)
    parket_subAck                            0x0800a2b6   Data           2  esp8266_mqtt.o(.constdata)
    __mathlib_zero                           0x0800a348   Data           8  qnan.o(.constdata)
    Region$$Table$$Base                      0x0800a46c   Number         0  anon$$obj.o(Region$$Table)
    Region$$Table$$Limit                     0x0800a48c   Number         0  anon$$obj.o(Region$$Table)
    Task_Init_Handle                         0x20000000   Data           4  main.o(.data)
    Main_Running_Handle                      0x20000004   Data           4  main.o(.data)
    Mqtt_Task_Handle                         0x20000008   Data           4  main.o(.data)
    ESP8266_Rec_Handle                       0x2000000c   Data           4  main.o(.data)
    ESP8266_Send_Handle                      0x20000010   Data           4  main.o(.data)
    ESP8266_Queue_Handle                     0x20000014   Data           4  main.o(.data)
    Message_Queue_Handle                     0x20000018   Data           4  main.o(.data)
    Key_Handle                               0x2000001c   Data           4  main.o(.data)
    ESP8266_EventGroup_Handle                0x20000020   Data           4  main.o(.data)
    Timer_Count_Handle                       0x20000024   Data           4  main.o(.data)
    ESP8266_Cmd                              0x20000028   Data          48  main.o(.data)
    SystemCoreClock                          0x2000005c   Data           4  system_stm32f10x.o(.data)
    AHBPrescTable                            0x20000060   Data          16  system_stm32f10x.o(.data)
    gTimer                                   0x20000074   Data           2  timer.o(.data)
    __stdout                                 0x20000080   Data           4  usart.o(.data)
    USART_RX_STA                             0x20000084   Data           2  usart.o(.data)
    USART3_RX_STA                            0x20000086   Data           2  usart.o(.data)
    pxCurrentTCB                             0x200000b0   Data           4  tasks.o(.data)
    MQTT_TxLen                               0x20000110   Data           2  esp8266_mqtt.o(.data)
    USART_RX_BUF                             0x20000124   Data         200  usart.o(.bss)
    USART3_RX_BUF                            0x200001ec   Data         200  usart.o(.bss)
    USART3_TX_BUF                            0x200002b4   Data         200  usart.o(.bss)
    xQueueRegistry                           0x20000688   Data          64  queue.o(.bss)
    __initial_sp                             0x20005ac8   Data           0  startup_stm32f10x_hd.o(STACK)



==============================================================================

Memory Map of the image

  Image Entry point : 0x08000131

  Load Region LR_IROM1 (Base: 0x08000000, Size: 0x0000a5b0, Max: 0x00080000, ABSOLUTE)

    Execution Region ER_IROM1 (Exec base: 0x08000000, Load base: 0x08000000, Size: 0x0000a48c, Max: 0x00080000, ABSOLUTE)

    Exec Addr    Load Addr    Size         Type   Attr      Idx    E Section Name        Object

    0x08000000   0x08000000   0x00000130   Data   RO          439    RESET               startup_stm32f10x_hd.o
    0x08000130   0x08000130   0x00000000   Code   RO          917  * .ARM.Collect$$$$00000000  mc_w.l(entry.o)
    0x08000130   0x08000130   0x00000004   Code   RO         1246    .ARM.Collect$$$$00000001  mc_w.l(entry2.o)
    0x08000134   0x08000134   0x00000004   Code   RO         1249    .ARM.Collect$$$$00000004  mc_w.l(entry5.o)
    0x08000138   0x08000138   0x00000000   Code   RO         1251    .ARM.Collect$$$$00000008  mc_w.l(entry7b.o)
    0x08000138   0x08000138   0x00000000   Code   RO         1253    .ARM.Collect$$$$0000000A  mc_w.l(entry8b.o)
    0x08000138   0x08000138   0x00000008   Code   RO         1254    .ARM.Collect$$$$0000000B  mc_w.l(entry9a.o)
    0x08000140   0x08000140   0x00000000   Code   RO         1256    .ARM.Collect$$$$0000000D  mc_w.l(entry10a.o)
    0x08000140   0x08000140   0x00000000   Code   RO         1258    .ARM.Collect$$$$0000000F  mc_w.l(entry11a.o)
    0x08000140   0x08000140   0x00000004   Code   RO         1247    .ARM.Collect$$$$00002712  mc_w.l(entry2.o)
    0x08000144   0x08000144   0x00000096   Code   RO          639    .emb_text           port.o
    0x080001da   0x080001da   0x00000002   PAD
    0x080001dc   0x080001dc   0x00000a60   Code   RO            1    .text               main.o
    0x08000c3c   0x08000c3c   0x00000024   Code   RO          190    .text               stm32f10x_it.o
    0x08000c60   0x08000c60   0x000001e0   Code   RO          245    .text               system_stm32f10x.o
    0x08000e40   0x08000e40   0x00000050   Code   RO          263    .text               led.o
    0x08000e90   0x08000e90   0x000000fc   Code   RO          275    .text               key.o
    0x08000f8c   0x08000f8c   0x0000027c   Code   RO          330    .text               timer.o
    0x08001208   0x08001208   0x000000f4   Code   RO          362    .text               delay.o
    0x080012fc   0x080012fc   0x00000318   Code   RO          393    .text               usart.o
    0x08001614   0x08001614   0x00000024   Code   RO          440    .text               startup_stm32f10x_hd.o
    0x08001638   0x08001638   0x000000dc   Code   RO          444    .text               misc.o
    0x08001714   0x08001714   0x0000035c   Code   RO          456    .text               stm32f10x_gpio.o
    0x08001a70   0x08001a70   0x000003a4   Code   RO          468    .text               stm32f10x_rcc.o
    0x08001e14   0x08001e14   0x00000408   Code   RO          482    .text               stm32f10x_usart.o
    0x0800221c   0x0800221c   0x00000e1a   Code   RO          494    .text               stm32f10x_tim.o
    0x08003036   0x08003036   0x00000002   PAD
    0x08003038   0x08003038   0x00000640   Code   RO          506    .text               timers.o
    0x08003678   0x08003678   0x00001820   Code   RO          527    .text               tasks.o
    0x08004e98   0x08004e98   0x00000d0c   Code   RO          561    .text               queue.o
    0x08005ba4   0x08005ba4   0x00000094   Code   RO          588    .text               list.o
    0x08005c38   0x08005c38   0x00000452   Code   RO          600    .text               event_groups.o
    0x0800608a   0x0800608a   0x00000002   PAD
    0x0800608c   0x0800608c   0x000002a0   Code   RO          624    .text               heap_4.o
    0x0800632c   0x0800632c   0x0000026c   Code   RO          640    .text               port.o
    0x08006598   0x08006598   0x00000580   Code   RO          828    .text               esp8266_mqtt.o
    0x08006b18   0x08006b18   0x00001a80   Code   RO          845    .text               cjson.o
    0x08008598   0x08008598   0x0000000c   Code   RO          920    .text               mc_w.l(tolower.o)
    0x080085a4   0x080085a4   0x00000024   Code   RO          922    .text               mc_w.l(memcpya.o)
    0x080085c8   0x080085c8   0x00000024   Code   RO          924    .text               mc_w.l(memseta.o)
    0x080085ec   0x080085ec   0x00000024   Code   RO          926    .text               mc_w.l(strstr.o)
    0x08008610   0x08008610   0x00000014   Code   RO          928    .text               mc_w.l(strchr.o)
    0x08008624   0x08008624   0x0000000e   Code   RO          930    .text               mc_w.l(strlen.o)
    0x08008632   0x08008632   0x00000012   Code   RO          934    .text               mc_w.l(strcpy.o)
    0x08008644   0x08008644   0x0000001e   Code   RO          936    .text               mc_w.l(strncmp.o)
    0x08008662   0x08008662   0x0000014e   Code   RO         1201    .text               mf_w.l(dadd.o)
    0x080087b0   0x080087b0   0x000000e4   Code   RO         1203    .text               mf_w.l(dmul.o)
    0x08008894   0x08008894   0x00000022   Code   RO         1205    .text               mf_w.l(dflti.o)
    0x080088b6   0x080088b6   0x0000001a   Code   RO         1207    .text               mf_w.l(dfltui.o)
    0x080088d0   0x080088d0   0x0000003e   Code   RO         1209    .text               mf_w.l(dfixi.o)
    0x0800890e   0x0800890e   0x00000026   Code   RO         1213    .text               mf_w.l(f2d.o)
    0x08008934   0x08008934   0x00000030   Code   RO         1215    .text               mf_w.l(cdcmple.o)
    0x08008964   0x08008964   0x00000030   Code   RO         1217    .text               mf_w.l(cdrcmple.o)
    0x08008994   0x08008994   0x0000002c   Code   RO         1260    .text               mc_w.l(uidiv.o)
    0x080089c0   0x080089c0   0x00000062   Code   RO         1262    .text               mc_w.l(uldiv.o)
    0x08008a22   0x08008a22   0x0000001e   Code   RO         1264    .text               mc_w.l(llshl.o)
    0x08008a40   0x08008a40   0x00000020   Code   RO         1266    .text               mc_w.l(llushr.o)
    0x08008a60   0x08008a60   0x00000024   Code   RO         1268    .text               mc_w.l(llsshr.o)
    0x08008a84   0x08008a84   0x00000000   Code   RO         1277    .text               mc_w.l(iusefp.o)
    0x08008a84   0x08008a84   0x000000ba   Code   RO         1278    .text               mf_w.l(depilogue.o)
    0x08008b3e   0x08008b3e   0x000000de   Code   RO         1280    .text               mf_w.l(ddiv.o)
    0x08008c1c   0x08008c1c   0x0000002e   Code   RO         1282    .text               mf_w.l(dscalb.o)
    0x08008c4a   0x08008c4a   0x00000030   Code   RO         1284    .text               mf_w.l(dfixul.o)
    0x08008c7a   0x08008c7a   0x00000002   PAD
    0x08008c7c   0x08008c7c   0x00000024   Code   RO         1286    .text               mc_w.l(init.o)
    0x08008ca0   0x08008ca0   0x000000a2   Code   RO         1288    .text               mf_w.l(dsqrt.o)
    0x08008d42   0x08008d42   0x00000002   PAD
    0x08008d44   0x08008d44   0x00000020   Code   RO         1173    i.__0printf         mc_w.l(printfa.o)
    0x08008d64   0x08008d64   0x00000028   Code   RO         1175    i.__0sprintf        mc_w.l(printfa.o)
    0x08008d8c   0x08008d8c   0x00000024   Code   RO         1179    i.__0vsprintf       mc_w.l(printfa.o)
    0x08008db0   0x08008db0   0x00000028   Code   RO         1233    i.__ARM_fpclassify  m_ws.l(fpclassify.o)
    0x08008dd8   0x08008dd8   0x000000aa   Code   RO         1235    i.__kernel_poly     m_ws.l(poly.o)
    0x08008e82   0x08008e82   0x00000002   PAD
    0x08008e84   0x08008e84   0x00000010   Code   RO         1219    i.__mathlib_dbl_divzero  m_ws.l(dunder.o)
    0x08008e94   0x08008e94   0x00000004   Code   RO         1221    i.__mathlib_dbl_infnan2  m_ws.l(dunder.o)
    0x08008e98   0x08008e98   0x0000000c   Code   RO         1222    i.__mathlib_dbl_invalid  m_ws.l(dunder.o)
    0x08008ea4   0x08008ea4   0x0000000e   Code   RO         1223    i.__mathlib_dbl_overflow  m_ws.l(dunder.o)
    0x08008eb2   0x08008eb2   0x00000002   PAD
    0x08008eb4   0x08008eb4   0x00000010   Code   RO         1225    i.__mathlib_dbl_underflow  m_ws.l(dunder.o)
    0x08008ec4   0x08008ec4   0x0000000e   Code   RO         1292    i.__scatterload_copy  mc_w.l(handlers.o)
    0x08008ed2   0x08008ed2   0x00000002   Code   RO         1293    i.__scatterload_null  mc_w.l(handlers.o)
    0x08008ed4   0x08008ed4   0x0000000e   Code   RO         1294    i.__scatterload_zeroinit  mc_w.l(handlers.o)
    0x08008ee2   0x08008ee2   0x00000002   PAD
    0x08008ee4   0x08008ee4   0x0000000c   Code   RO         1272    i.__set_errno       mc_w.l(errno.o)
    0x08008ef0   0x08008ef0   0x00000184   Code   RO         1180    i._fp_digits        mc_w.l(printfa.o)
    0x08009074   0x08009074   0x000006dc   Code   RO         1181    i._printf_core      mc_w.l(printfa.o)
    0x08009750   0x08009750   0x00000024   Code   RO         1182    i._printf_post_padding  mc_w.l(printfa.o)
    0x08009774   0x08009774   0x0000002e   Code   RO         1183    i._printf_pre_padding  mc_w.l(printfa.o)
    0x080097a2   0x080097a2   0x0000000a   Code   RO         1185    i._sputc            mc_w.l(printfa.o)
    0x080097ac   0x080097ac   0x000000dc   Code   RO          904    i.floor             m_ws.l(floor.o)
    0x08009888   0x08009888   0x000009d8   Code   RO          908    i.pow               m_ws.l(pow.o)
    0x0800a260   0x0800a260   0x0000004c   Code   RO         1239    i.sqrt              m_ws.l(sqrt.o)
    0x0800a2ac   0x0800a2ac   0x0000000c   Data   RO          829    .constdata          esp8266_mqtt.o
    0x0800a2b8   0x0800a2b8   0x00000007   Data   RO          846    .constdata          cjson.o
    0x0800a2bf   0x0800a2bf   0x00000001   PAD
    0x0800a2c0   0x0800a2c0   0x00000088   Data   RO          909    .constdata          m_ws.l(pow.o)
    0x0800a348   0x0800a348   0x00000008   Data   RO         1237    .constdata          m_ws.l(qnan.o)
    0x0800a350   0x0800a350   0x0000011c   Data   RO            2    .conststring        main.o
    0x0800a46c   0x0800a46c   0x00000020   Data   RO         1290    Region$$Table       anon$$obj.o


    Execution Region RW_IRAM1 (Exec base: 0x20000000, Load base: 0x0800a48c, Size: 0x00005ac8, Max: 0x00010000, ABSOLUTE)

    Exec Addr    Load Addr    Size         Type   Attr      Idx    E Section Name        Object

    0x20000000   0x0800a48c   0x0000005c   Data   RW            3    .data               main.o
    0x2000005c   0x0800a4e8   0x00000014   Data   RW          246    .data               system_stm32f10x.o
    0x20000070   0x0800a4fc   0x00000001   Data   RW          276    .data               key.o
    0x20000071   0x0800a4fd   0x00000003   PAD
    0x20000074   0x0800a500   0x00000008   Data   RW          331    .data               timer.o
    0x2000007c   0x0800a508   0x00000004   Data   RW          363    .data               delay.o
    0x20000080   0x0800a50c   0x00000008   Data   RW          395    .data               usart.o
    0x20000088   0x0800a514   0x00000014   Data   RW          469    .data               stm32f10x_rcc.o
    0x2000009c   0x0800a528   0x00000014   Data   RW          508    .data               timers.o
    0x200000b0   0x0800a53c   0x0000003c   Data   RW          529    .data               tasks.o
    0x200000ec   0x0800a578   0x00000018   Data   RW          626    .data               heap_4.o
    0x20000104   0x0800a590   0x0000000c   Data   RW          641    .data               port.o
    0x20000110   0x0800a59c   0x00000004   Data   RW          830    .data               esp8266_mqtt.o
    0x20000114   0x0800a5a0   0x0000000c   Data   RW          847    .data               cjson.o
    0x20000120   0x0800a5ac   0x00000004   Data   RW         1273    .data               mc_w.l(errno.o)
    0x20000124        -       0x00000258   Zero   RW          394    .bss                usart.o
    0x2000037c        -       0x00000028   Zero   RW          507    .bss                timers.o
    0x200003a4        -       0x000002e4   Zero   RW          528    .bss                tasks.o
    0x20000688        -       0x00000040   Zero   RW          562    .bss                queue.o
    0x200006c8        -       0x00005000   Zero   RW          625    .bss                heap_4.o
    0x200056c8        -       0x00000400   Zero   RW          437    STACK               startup_stm32f10x_hd.o


==============================================================================

Image component sizes


      Code (inc. data)   RO Data    RW Data    ZI Data      Debug   Object Name

      6784        208          7         12          0      24316   cjson.o
       244         18          0          4          0       1389   delay.o
      1408         74         12          4          0       4521   esp8266_mqtt.o
      1106         50          0          0          0       7108   event_groups.o
       672         82          0         24      20480       3308   heap_4.o
       252         16          0          1          0        848   key.o
         0          0          0          0          0       1452   lcd.o
        80          8          0          0          0        507   led.o
       148          0          0          0          0       1854   list.o
      2656       1070        284         92          0     276801   main.o
       220         22          0          0          0       1817   misc.o
       770        100          0         12          0       7751   port.o
      3340         52          0          0         64      24334   queue.o
        36          8        304          0       1024        800   startup_stm32f10x_hd.o
       860         38          0          0          0       5753   stm32f10x_gpio.o
        36          0          0          0          0       1103   stm32f10x_it.o
       932         36          0         20          0       8944   stm32f10x_rcc.o
      3610         88          0          0          0      22860   stm32f10x_tim.o
      1032         22          0          0          0       8476   stm32f10x_usart.o
         0          0          0          0          0         32   sys.o
       480         38          0         20          0       1767   system_stm32f10x.o
      6176        402          0         60        740      32120   tasks.o
       636         36          0          8          0       3530   timer.o
      1600        112          0         20         40       8888   timers.o
       792         48          0          8        600       5151   usart.o

    ----------------------------------------------------------------------
     33876       2528        640        288      22948     455430   Object Totals
         0          0         32          0          0          0   (incl. Generated)
         6          0          1          3          0          0   (incl. Padding)

    ----------------------------------------------------------------------

      Code (inc. data)   RO Data    RW Data    ZI Data      Debug   Library Member Name

        62         10          0          0          0        340   dunder.o
       220         16          0          0          0         84   floor.o
        40          0          0          0          0         68   fpclassify.o
       170          0          0          0          0         96   poly.o
      2520        190        136          0          0        324   pow.o
         0          0          8          0          0          0   qnan.o
        76          0          0          0          0         84   sqrt.o
         0          0          0          0          0          0   entry.o
         0          0          0          0          0          0   entry10a.o
         0          0          0          0          0          0   entry11a.o
         8          4          0          0          0          0   entry2.o
         4          0          0          0          0          0   entry5.o
         0          0          0          0          0          0   entry7b.o
         0          0          0          0          0          0   entry8b.o
         8          4          0          0          0          0   entry9a.o
        12          6          0          4          0         68   errno.o
        30          0          0          0          0          0   handlers.o
        36          8          0          0          0         68   init.o
         0          0          0          0          0          0   iusefp.o
        30          0          0          0          0         68   llshl.o
        36          0          0          0          0         68   llsshr.o
        32          0          0          0          0         68   llushr.o
        36          0          0          0          0         68   memcpya.o
        36          0          0          0          0        108   memseta.o
      2344        102          0          0          0        684   printfa.o
        20          0          0          0          0         68   strchr.o
        18          0          0          0          0         68   strcpy.o
        14          0          0          0          0         68   strlen.o
        30          0          0          0          0         80   strncmp.o
        36          0          0          0          0         80   strstr.o
        12          0          0          0          0         68   tolower.o
        44          0          0          0          0         80   uidiv.o
        98          0          0          0          0         92   uldiv.o
        48          0          0          0          0         68   cdcmple.o
        48          0          0          0          0         68   cdrcmple.o
       334          0          0          0          0        148   dadd.o
       222          0          0          0          0        100   ddiv.o
       186          0          0          0          0        176   depilogue.o
        62          0          0          0          0         80   dfixi.o
        48          0          0          0          0         68   dfixul.o
        34          0          0          0          0         76   dflti.o
        26          0          0          0          0         76   dfltui.o
       228          0          0          0          0         96   dmul.o
        46          0          0          0          0         80   dscalb.o
       162          0          0          0          0        100   dsqrt.o
        38          0          0          0          0         68   f2d.o

    ----------------------------------------------------------------------
      7464        340        144          4          0       4004   Library Totals
        10          0          0          0          0          0   (incl. Padding)

    ----------------------------------------------------------------------

      Code (inc. data)   RO Data    RW Data    ZI Data      Debug   Library Name

      3088        216        144          0          0        996   m_ws.l
      2884        124          0          4          0       1804   mc_w.l
      1482          0          0          0          0       1204   mf_w.l

    ----------------------------------------------------------------------
      7464        340        144          4          0       4004   Library Totals

    ----------------------------------------------------------------------

==============================================================================


      Code (inc. data)   RO Data    RW Data    ZI Data      Debug   

     41340       2868        784        292      22948     455166   Grand Totals
     41340       2868        784        292      22948     455166   ELF Image Totals
     41340       2868        784        292          0          0   ROM Totals

==============================================================================

    Total RO  Size (Code + RO Data)                42124 (  41.14kB)
    Total RW  Size (RW Data + ZI Data)             23240 (  22.70kB)
    Total ROM Size (Code + RO Data + RW Data)      42416 (  41.42kB)

==============================================================================

