Component: ARM Compiler 5.06 update 7 (build 960) Tool: armlink [4d3601]

==============================================================================

Section Cross References

    main.o(.text) refers to heap_4.o(.text) for pvPortMalloc
    main.o(.text) refers to event_groups.o(.text) for xEventGroupWaitBits
    main.o(.text) refers to oled.o(.text) for OLED_Clear
    main.o(.text) refers to key.o(.text) for KEY_Scan
    main.o(.text) refers to beep.o(.text) for Get_BeepState
    main.o(.text) refers to voice.o(.text) for VOICE_Select
    main.o(.text) refers to tasks.o(.text) for vTaskDelay
    main.o(.text) refers to dht22.o(.text) for DHT22_Read_Data
    main.o(.text) refers to stm32f10x_gpio.o(.text) for GPIO_ReadInputDataBit
    main.o(.text) refers to port.o(.text) for vPortEnterCritical
    main.o(.text) refers to esp8266.o(.text) for ESP8266_Task_Init
    main.o(.text) refers to misc.o(.text) for NVIC_PriorityGroupConfig
    main.o(.text) refers to delay.o(.text) for delay_init
    main.o(.text) refers to usart.o(.text) for uart_init
    main.o(.text) refers to timer.o(.text) for TIM5_PWM_Init
    main.o(.text) refers to main.o(.constdata) for .constdata
    main.o(.text) refers to esp8266.o(.data) for ESP8266_EventGroup_Handle
    main.o(.text) refers to main.o(.data) for MainRunning_Handle
    main.o(.constdata) refers to main.o(.conststring) for .conststring
    stm32f10x_it.o(.text) refers to tasks.o(.text) for xTaskGetSchedulerState
    stm32f10x_it.o(.text) refers to port.o(.text) for xPortSysTickHandler
    system_stm32f10x.o(.text) refers to system_stm32f10x.o(.data) for SystemCoreClock
    key.o(.text) refers to stm32f10x_rcc.o(.text) for RCC_APB2PeriphClockCmd
    key.o(.text) refers to stm32f10x_gpio.o(.text) for GPIO_Init
    key.o(.text) refers to delay.o(.text) for delay_ms
    key.o(.text) refers to key.o(.data) for key_up
    beep.o(.text) refers to stm32f10x_rcc.o(.text) for RCC_APB2PeriphClockCmd
    beep.o(.text) refers to stm32f10x_gpio.o(.text) for GPIO_Init
    beep.o(.text) refers to beep.o(.data) for gBeep_State
    timer.o(.text) refers to stm32f10x_rcc.o(.text) for RCC_APB1PeriphClockCmd
    timer.o(.text) refers to stm32f10x_tim.o(.text) for TIM_TimeBaseInit
    timer.o(.text) refers to misc.o(.text) for NVIC_Init
    timer.o(.text) refers to stm32f10x_gpio.o(.text) for GPIO_Init
    timer.o(.text) refers to queue.o(.text) for xQueueGenericSendFromISR
    timer.o(.text) refers to memseta.o(.text) for __aeabi_memclr
    timer.o(.text) refers to timer.o(.data) for gTimer
    timer.o(.text) refers to usart.o(.data) for USART3_RX_STA
    timer.o(.text) refers to esp8266.o(.data) for ESP8266_Queue_Handle
    timer.o(.text) refers to usart.o(.bss) for USART3_RX_BUF
    esp8266.o(.text) refers to heap_4.o(.text) for pvPortMalloc
    esp8266.o(.text) refers to tasks.o(.text) for vTaskDelay
    esp8266.o(.text) refers to event_groups.o(.text) for xEventGroupClearBits
    esp8266.o(.text) refers to usart.o(.text) for u3_printf
    esp8266.o(.text) refers to oled.o(.text) for OLED_ShowString
    esp8266.o(.text) refers to dht22.o(.text) for Get_Dht22Value
    esp8266.o(.text) refers to memseta.o(.text) for __aeabi_memclr4
    esp8266.o(.text) refers to queue.o(.text) for xQueueGenericReceive
    esp8266.o(.text) refers to strstr.o(.text) for strstr
    esp8266.o(.text) refers to esp8266.o(.data) for ESP8266_EventGroup_Handle
    esp8266.o(.data) refers to esp8266.o(.conststring) for .conststring
    oled.o(.text) refers to stm32f10x_gpio.o(.text) for GPIO_SetBits
    oled.o(.text) refers to oled.o(.constdata) for F8X16
    oled.o(.text) refers to stm32f10x_rcc.o(.text) for RCC_APB2PeriphClockCmd
    oled.o(.text) refers to delay.o(.text) for delay_xms
    oled.o(.text) refers to oled.o(.data) for Hzk
    dht22.o(.text) refers to delay.o(.text) for delay_ms
    dht22.o(.text) refers to strcpy.o(.text) for strcpy
    dht22.o(.text) refers to beep.o(.text) for BEEP_Config
    dht22.o(.text) refers to stm32f10x_rcc.o(.text) for RCC_APB2PeriphClockCmd
    dht22.o(.text) refers to stm32f10x_gpio.o(.text) for GPIO_Init
    dht22.o(.text) refers to dht22.o(.data) for pDHT22
    dht22.o(.data) refers to dht22.o(.bss) for gDHT22
    voice.o(.text) refers to memcpya.o(.text) for __aeabi_memcpy4
    voice.o(.text) refers to stm32f10x_gpio.o(.text) for GPIO_SetBits
    voice.o(.text) refers to stm32f10x_rcc.o(.text) for RCC_APB2PeriphClockCmd
    voice.o(.text) refers to voice.o(.constdata) for .constdata
    delay.o(.text) refers to misc.o(.text) for SysTick_CLKSourceConfig
    delay.o(.text) refers to tasks.o(.text) for xTaskGetSchedulerState
    delay.o(.text) refers to system_stm32f10x.o(.data) for SystemCoreClock
    delay.o(.text) refers to delay.o(.data) for fac_us
    usart.o(.text) refers to stm32f10x_rcc.o(.text) for RCC_APB2PeriphClockCmd
    usart.o(.text) refers to stm32f10x_gpio.o(.text) for GPIO_Init
    usart.o(.text) refers to misc.o(.text) for NVIC_Init
[...]
    ..\HARDWARE\DHT22\dht22.c                0x00000000   Number         0  dht22.o ABSOLUTE
    ..\HARDWARE\DY-SV17F\voice.c             0x00000000   Number         0  voice.o ABSOLUTE
    ..\HARDWARE\ESP8266\ESP8266.c            0x00000000   Number         0  esp8266.o ABSOLUTE
    ..\HARDWARE\KEY\key.c                    0x00000000   Number         0  key.o ABSOLUTE
    ..\HARDWARE\OLED\oled.c                  0x00000000   Number         0  oled.o ABSOLUTE
    ..\HARDWARE\TIMER\timer.c                0x00000000   Number         0  timer.o ABSOLUTE
    ..\MALLOC\malloc.c                       0x00000000   Number         0  malloc.o ABSOLUTE
    ..\STM32F10x_FWLib\src\misc.c            0x00000000   Number         0  misc.o ABSOLUTE
    ..\STM32F10x_FWLib\src\stm32f10x_exti.c  0x00000000   Number         0  stm32f10x_exti.o ABSOLUTE
    ..\STM32F10x_FWLib\src\stm32f10x_gpio.c  0x00000000   Number         0  stm32f10x_gpio.o ABSOLUTE
    ..\STM32F10x_FWLib\src\stm32f10x_rcc.c   0x00000000   Number         0  stm32f10x_rcc.o ABSOLUTE
    ..\STM32F10x_FWLib\src\stm32f10x_tim.c   0x00000000   Number         0  stm32f10x_tim.o ABSOLUTE
    ..\STM32F10x_FWLib\src\stm32f10x_usart.c 0x00000000   Number         0  stm32f10x_usart.o ABSOLUTE
    ..\SYSTEM\delay\delay.c                  0x00000000   Number         0  delay.o ABSOLUTE
    ..\SYSTEM\sys\sys.c                      0x00000000   Number         0  sys.o ABSOLUTE
    ..\SYSTEM\usart\usart.c                  0x00000000   Number         0  usart.o ABSOLUTE
    ..\\CORE\\core_cm3.c                     0x00000000   Number         0  core_cm3.o ABSOLUTE
    ..\\FreeRTOS\\portable\\RVDS\\ARM_CM3\\port.c 0x00000000   Number         0  port.o ABSOLUTE
    ..\\SYSTEM\\sys\\sys.c                   0x00000000   Number         0  sys.o ABSOLUTE
    cdrcmple.s                               0x00000000   Number         0  cdrcmple.o ABSOLUTE
    dc.s                                     0x00000000   Number         0  dc.o ABSOLUTE
    handlers.s                               0x00000000   Number         0  handlers.o ABSOLUTE
    init.s                                   0x00000000   Number         0  init.o ABSOLUTE
    main.c                                   0x00000000   Number         0  main.o ABSOLUTE
    stm32f10x_it.c                           0x00000000   Number         0  stm32f10x_it.o ABSOLUTE
    system_stm32f10x.c                       0x00000000   Number         0  system_stm32f10x.o ABSOLUTE
    RESET                                    0x08000000   Section      304  startup_stm32f10x_hd.o(RESET)
    .ARM.Collect$$$$00000000                 0x08000130   Section        0  entry.o(.ARM.Collect$$$$00000000)
    .ARM.Collect$$$$00000001                 0x08000130   Section        4  entry2.o(.ARM.Collect$$$$00000001)
    .ARM.Collect$$$$00000004                 0x08000134   Section        4  entry5.o(.ARM.Collect$$$$00000004)
    .ARM.Collect$$$$00000008                 0x08000138   Section        0  entry7b.o(.ARM.Collect$$$$00000008)
    .ARM.Collect$$$$0000000A                 0x08000138   Section        0  entry8b.o(.ARM.Collect$$$$0000000A)
    .ARM.Collect$$$$0000000B                 0x08000138   Section        8  entry9a.o(.ARM.Collect$$$$0000000B)
    .ARM.Collect$$$$0000000E                 0x08000140   Section        4  entry12b.o(.ARM.Collect$$$$0000000E)
    .ARM.Collect$$$$0000000F                 0x08000144   Section        0  entry10a.o(.ARM.Collect$$$$0000000F)
    .ARM.Collect$$$$00000011                 0x08000144   Section        0  entry11a.o(.ARM.Collect$$$$00000011)
    .ARM.Collect$$$$00002712                 0x08000144   Section        4  entry2.o(.ARM.Collect$$$$00002712)
    __lit__00000000                          0x08000144   Data           4  entry2.o(.ARM.Collect$$$$00002712)
    .emb_text                                0x08000148   Section      150  port.o(.emb_text)
    .text                                    0x080001e0   Section        0  main.o(.text)
    .text                                    0x080004c4   Section        0  stm32f10x_it.o(.text)
    .text                                    0x080004e8   Section        0  system_stm32f10x.o(.text)
    SetSysClockTo72                          0x080004e9   Thumb Code   214  system_stm32f10x.o(.text)
    SetSysClock                              0x080005bf   Thumb Code     8  system_stm32f10x.o(.text)
    .text                                    0x080006c8   Section        0  key.o(.text)
    .text                                    0x080007b8   Section        0  beep.o(.text)
    .text                                    0x0800083c   Section        0  timer.o(.text)
    .text                                    0x08000b40   Section        0  esp8266.o(.text)
    .text                                    0x08000d08   Section        0  oled.o(.text)
    .text                                    0x08001304   Section        0  dht22.o(.text)
    .text                                    0x08001564   Section        0  voice.o(.text)
    .text                                    0x08001610   Section        0  delay.o(.text)
    .text                                    0x08001704   Section        0  usart.o(.text)
    .text                                    0x08001a1c   Section       36  startup_stm32f10x_hd.o(.text)
    .text                                    0x08001a40   Section        0  misc.o(.text)
    .text                                    0x08001b1c   Section        0  stm32f10x_gpio.o(.text)
    .text                                    0x08001e78   Section        0  stm32f10x_rcc.o(.text)
    .text                                    0x0800221c   Section        0  stm32f10x_usart.o(.text)
    .text                                    0x08002624   Section        0  stm32f10x_tim.o(.text)
    TI4_Config                               0x08002acb   Thumb Code   130  stm32f10x_tim.o(.text)
    TI3_Config                               0x08002b5f   Thumb Code   122  stm32f10x_tim.o(.text)
    TI2_Config                               0x08002bf3   Thumb Code   130  stm32f10x_tim.o(.text)
    TI1_Config                               0x08002c87   Thumb Code   108  stm32f10x_tim.o(.text)
    .text                                    0x08003440   Section        0  timers.o(.text)
    prvInsertTimerInActiveList               0x08003441   Thumb Code    80  timers.o(.text)
    prvSwitchTimerLists                      0x08003507   Thumb Code   140  timers.o(.text)
    prvSampleTimeNow                         0x08003593   Thumb Code    40  timers.o(.text)
    prvProcessReceivedCommands               0x080035bb   Thumb Code   254  timers.o(.text)
    prvProcessExpiredTimer                   0x080036b9   Thumb Code    84  timers.o(.text)
    prvProcessTimerOrBlockTask               0x0800370d   Thumb Code   102  timers.o(.text)
    prvGetNextExpireTime                     0x08003773   Thumb Code    36  timers.o(.text)
    prvTimerTask                             0x08003797   Thumb Code    26  timers.o(.text)
    prvCheckForValidListAndQueue             0x080037b1   Thumb Code    72  timers.o(.text)
    prvInitialiseNewTimer                    0x08003831   Thumb Code   166  timers.o(.text)
    .text                                    0x08003a80   Section        0  tasks.o(.text)
    prvInitialiseTaskLists                   0x08003a81   Thumb Code    70  tasks.o(.text)
    prvAddNewTaskToReadyList                 0x08003ac7   Thumb Code   156  tasks.o(.text)
    prvInitialiseNewTask                     0x08003b63   Thumb Code   170  tasks.o(.text)
    prvResetNextTaskUnblockTime              0x08003c6d   Thumb Code    42  tasks.o(.text)
    prvDeleteTCB                             0x08003c97   Thumb Code    18  tasks.o(.text)
    prvAddCurrentTaskToDelayedList           0x08003fcb   Thumb Code   124  tasks.o(.text)
    prvTaskIsTaskSuspended                   0x0800448b   Thumb Code    76  tasks.o(.text)
    prvCheckTasksWaitingTermination          0x080045e9   Thumb Code    86  tasks.o(.text)
    prvIdleTask                              0x0800463f   Thumb Code    32  tasks.o(.text)
    prvTaskCheckFreeStackSpace               0x0800477d   Thumb Code    22  tasks.o(.text)
    prvListTasksWithinSingleList             0x08004805   Thumb Code   106  tasks.o(.text)
    prvWriteNameToBuffer                     0x08004d2f   Thumb Code    42  tasks.o(.text)
    .text                                    0x080052a0   Section        0  queue.o(.text)
    prvInitialiseNewQueue                    0x08005329   Thumb Code    46  queue.o(.text)
    prvCopyDataToQueue                       0x080053a5   Thumb Code   124  queue.o(.text)
    prvNotifyQueueSetContainer               0x08005421   Thumb Code   124  queue.o(.text)
    prvUnlockQueue                           0x0800549d   Thumb Code   146  queue.o(.text)
    prvIsQueueFull                           0x0800552f   Thumb Code    30  queue.o(.text)
    prvInitialiseMutex                       0x08005715   Thumb Code    28  queue.o(.text)
    prvIsQueueEmpty                          0x08005795   Thumb Code    26  queue.o(.text)
    prvCopyDataFromQueue                     0x080057af   Thumb Code    42  queue.o(.text)
    .text                                    0x08005fac   Section        0  list.o(.text)
    .text                                    0x08006040   Section        0  event_groups.o(.text)
    prvTestWaitCondition                     0x080061f9   Thumb Code    30  event_groups.o(.text)
    .text                                    0x08006494   Section        0  heap_4.o(.text)
    prvInsertBlockIntoFreeList               0x08006495   Thumb Code    96  heap_4.o(.text)
    prvHeapInit                              0x080064f5   Thumb Code    98  heap_4.o(.text)
    .text                                    0x08006734   Section        0  port.o(.text)
    prvTaskExitError                         0x08006735   Thumb Code    48  port.o(.text)
    .text                                    0x080069a0   Section        0  memcpya.o(.text)
    .text                                    0x080069c4   Section        0  memseta.o(.text)
    .text                                    0x080069e8   Section        0  strstr.o(.text)
    .text                                    0x08006a0c   Section        0  strlen.o(.text)
    .text                                    0x08006a1a   Section        0  strcpy.o(.text)
    .text                                    0x08006a2c   Section        0  uidiv.o(.text)
    .text                                    0x08006a58   Section        0  uldiv.o(.text)
    .text                                    0x08006aba   Section        0  dadd.o(.text)
    .text                                    0x08006aba   Section        0  iusefp.o(.text)
    .text                                    0x08006c08   Section        0  dmul.o(.text)
    .text                                    0x08006cec   Section        0  ddiv.o(.text)
    .text                                    0x08006dca   Section        0  dfixul.o(.text)
    .text                                    0x08006dfc   Section       48  cdrcmple.o(.text)
    .text                                    0x08006e2c   Section       36  init.o(.text)
    .text                                    0x08006e50   Section        0  llshl.o(.text)
    .text                                    0x08006e6e   Section        0  llushr.o(.text)
    .text                                    0x08006e8e   Section        0  llsshr.o(.text)
    .text                                    0x08006eb2   Section        0  depilogue.o(.text)
    .text                                    0x08006f6c   Section        0  __dczerorl2.o(.text)
    i.__0printf$3                            0x08006fc4   Section        0  printf3.o(i.__0printf$3)
    i.__0sprintf$3                           0x08006fe4   Section        0  printf3.o(i.__0sprintf$3)
    i.__0vsprintf                            0x0800700c   Section        0  printfa.o(i.__0vsprintf)
    i.__scatterload_copy                     0x08007030   Section       14  handlers.o(i.__scatterload_copy)
    i.__scatterload_null                     0x0800703e   Section        2  handlers.o(i.__scatterload_null)
    i.__scatterload_zeroinit                 0x08007040   Section       14  handlers.o(i.__scatterload_zeroinit)
    i._fp_digits                             0x08007050   Section        0  printfa.o(i._fp_digits)
    _fp_digits                               0x08007051   Thumb Code   366  printfa.o(i._fp_digits)
    i._printf_core                           0x080071d4   Section        0  printf3.o(i._printf_core)
    _printf_core                             0x080071d5   Thumb Code   436  printf3.o(i._printf_core)
    i._printf_core                           0x0800738c   Section        0  printfa.o(i._printf_core)
    _printf_core                             0x0800738d   Thumb Code  1704  printfa.o(i._printf_core)
    i._printf_post_padding                   0x08007a40   Section        0  printfa.o(i._printf_post_padding)
    _printf_post_padding                     0x08007a41   Thumb Code    36  printfa.o(i._printf_post_padding)
    i._printf_pre_padding                    0x08007a64   Section        0  printfa.o(i._printf_pre_padding)
    _printf_pre_padding                      0x08007a65   Thumb Code    46  printfa.o(i._printf_pre_padding)
    i._sputc                                 0x08007a92   Section        0  printf3.o(i._sputc)
    _sputc                                   0x08007a93   Thumb Code    10  printf3.o(i._sputc)
    i._sputc                                 0x08007a9c   Section        0  printfa.o(i._sputc)
    _sputc                                   0x08007a9d   Thumb Code    10  printfa.o(i._sputc)
    .constdata                               0x08007aa8   Section        8  main.o(.constdata)
    .constdata                               0x08007ab0   Section     2072  oled.o(.constdata)
    .constdata                               0x080082c8   Section       48  voice.o(.constdata)
    .conststring                             0x080082f8   Section       29  main.o(.conststring)
    .conststring                             0x08008318   Section      141  esp8266.o(.conststring)
    .data                                    0x20000000   Section        8  main.o(.data)
    .data                                    0x20000008   Section       20  system_stm32f10x.o(.data)
    .data                                    0x2000001c   Section        1  key.o(.data)
    key_up                                   0x2000001c   Data           1  key.o(.data)
    .data                                    0x2000001d   Section        1  beep.o(.data)
    gBeep_State                              0x2000001d   Data           1  beep.o(.data)
    .data                                    0x20000020   Section        8  timer.o(.data)
    sStep                                    0x20000022   Data           1  timer.o(.data)
    sEnd                                     0x20000024   Data           4  timer.o(.data)
    .data                                    0x20000028   Section       41  esp8266.o(.data)
    .data                                    0x20000051   Section     1344  oled.o(.data)
    .data                                    0x20000594   Section        4  dht22.o(.data)
    .data                                    0x20000598   Section        4  delay.o(.data)
    fac_us                                   0x20000598   Data           1  delay.o(.data)
    fac_ms                                   0x2000059a   Data           2  delay.o(.data)
    .data                                    0x2000059c   Section        8  usart.o(.data)
    .data                                    0x200005a4   Section       20  stm32f10x_rcc.o(.data)
    APBAHBPrescTable                         0x200005a4   Data          16  stm32f10x_rcc.o(.data)
    ADCPrescTable                            0x200005b4   Data           4  stm32f10x_rcc.o(.data)
    .data                                    0x200005b8   Section       20  timers.o(.data)
    pxCurrentTimerList                       0x200005b8   Data           4  timers.o(.data)
    pxOverflowTimerList                      0x200005bc   Data           4  timers.o(.data)
    xTimerQueue                              0x200005c0   Data           4  timers.o(.data)
    xTimerTaskHandle                         0x200005c4   Data           4  timers.o(.data)
    xLastTime                                0x200005c8   Data           4  timers.o(.data)
    .data                                    0x200005cc   Section       60  tasks.o(.data)
    pxDelayedTaskList                        0x200005d0   Data           4  tasks.o(.data)
    pxOverflowDelayedTaskList                0x200005d4   Data           4  tasks.o(.data)
    uxDeletedTasksWaitingCleanUp             0x200005d8   Data           4  tasks.o(.data)
    uxCurrentNumberOfTasks                   0x200005dc   Data           4  tasks.o(.data)
    xTickCount                               0x200005e0   Data           4  tasks.o(.data)
    uxTopReadyPriority                       0x200005e4   Data           4  tasks.o(.data)
    xSchedulerRunning                        0x200005e8   Data           4  tasks.o(.data)
    uxPendedTicks                            0x200005ec   Data           4  tasks.o(.data)
    xYieldPending                            0x200005f0   Data           4  tasks.o(.data)
    xNumOfOverflows                          0x200005f4   Data           4  tasks.o(.data)
    uxTaskNumber                             0x200005f8   Data           4  tasks.o(.data)
    xNextTaskUnblockTime                     0x200005fc   Data           4  tasks.o(.data)
    xIdleTaskHandle                          0x20000600   Data           4  tasks.o(.data)
    uxSchedulerSuspended                     0x20000604   Data           4  tasks.o(.data)
    .data                                    0x20000608   Section       24  heap_4.o(.data)
    xStart                                   0x20000608   Data           8  heap_4.o(.data)
    pxEnd                                    0x20000610   Data           4  heap_4.o(.data)
    xFreeBytesRemaining                      0x20000614   Data           4  heap_4.o(.data)
    xMinimumEverFreeBytesRemaining           0x20000618   Data           4  heap_4.o(.data)
    xBlockAllocatedBit                       0x2000061c   Data           4  heap_4.o(.data)
    .data                                    0x20000620   Section       12  port.o(.data)
    uxCriticalNesting                        0x20000620   Data           4  port.o(.data)
    ucMaxSysCallPriority                     0x20000624   Data           1  port.o(.data)
    ulMaxPRIGROUPValue                       0x20000628   Data           4  port.o(.data)
    .bss                                     0x2000062c   Section       20  dht22.o(.bss)
    gDHT22                                   0x2000062c   Data          20  dht22.o(.bss)
    .bss                                     0x20000640   Section      600  usart.o(.bss)
    .bss                                     0x20000898   Section       40  timers.o(.bss)
    xActiveTimerList1                        0x20000898   Data          20  timers.o(.bss)
    xActiveTimerList2                        0x200008ac   Data          20  timers.o(.bss)
    .bss                                     0x200008c0   Section      740  tasks.o(.bss)
    pxReadyTasksLists                        0x200008c0   Data         640  tasks.o(.bss)
    xDelayedTaskList1                        0x20000b40   Data          20  tasks.o(.bss)
    xDelayedTaskList2                        0x20000b54   Data          20  tasks.o(.bss)
    xPendingReadyList                        0x20000b68   Data          20  tasks.o(.bss)
    xTasksWaitingTermination                 0x20000b7c   Data          20  tasks.o(.bss)
    xSuspendedTaskList                       0x20000b90   Data          20  tasks.o(.bss)
    .bss                                     0x20000ba4   Section       64  queue.o(.bss)
    .bss                                     0x20000be4   Section    20480  heap_4.o(.bss)
    ucHeap                                   0x20000be4   Data       20480  heap_4.o(.bss)
    STACK                                    0x20005be8   Section     1024  startup_stm32f10x_hd.o(STACK)

    Global Symbols

    Symbol Name                              Value     Ov Type        Size  Object(Section)

    BuildAttributes$$THM_ISAv4$P$D$K$B$S$PE$A:L22UL41UL21$X:L11$S22US41US21$IEEE1$IW$USESV6$~STKCKD$USESV7$~SHL$OSPACE$ROPI$EBA8$MICROLIB$REQ8$PRES8$EABIv2 0x00000000   Number         0  anon$$obj.o ABSOLUTE
    __ARM_use_no_argv                        0x00000000   Number         0  main.o ABSOLUTE
    __use_no_errno                           0x00000000   Number         0  useno.o ABSOLUTE
    __use_no_exception_handling              0x00000000   Number         0  useno.o ABSOLUTE
    __use_no_fp                              0x00000000   Number         0  useno.o ABSOLUTE
    __use_no_heap                            0x00000000   Number         0  useno.o ABSOLUTE
    __use_no_heap_region                     0x00000000   Number         0  useno.o ABSOLUTE
    __use_no_semihosting                     0x00000000   Number         0  useno.o ABSOLUTE
    __use_no_semihosting_swi                 0x00000000   Number         0  useno.o ABSOLUTE
    __use_no_signal_handling                 0x00000000   Number         0  useno.o ABSOLUTE
    _printf_a                                0x00000000   Number         0  stubs.o ABSOLUTE
    _printf_c                                0x00000000   Number         0  stubs.o ABSOLUTE
    _printf_charcount                        0x00000000   Number         0  stubs.o ABSOLUTE
    _printf_d                                0x00000000   Number         0  stubs.o ABSOLUTE
    _printf_e                                0x00000000   Number         0  stubs.o ABSOLUTE
    _printf_f                                0x00000000   Number         0  stubs.o ABSOLUTE
    _printf_flags                            0x00000000   Number         0  stubs.o ABSOLUTE
    _printf_fp_dec                           0x00000000   Number         0  stubs.o ABSOLUTE
    _printf_fp_hex                           0x00000000   Number         0  stubs.o ABSOLUTE
    _printf_g                                0x00000000   Number         0  stubs.o ABSOLUTE
    _printf_i                                0x00000000   Number         0  stubs.o ABSOLUTE
    _printf_int_dec                          0x00000000   Number         0  stubs.o ABSOLUTE
    _printf_l                                0x00000000   Number         0  stubs.o ABSOLUTE
    _printf_lc                               0x00000000   Number         0  stubs.o ABSOLUTE
    _printf_ll                               0x00000000   Number         0  stubs.o ABSOLUTE
    _printf_lld                              0x00000000   Number         0  stubs.o ABSOLUTE
    _printf_lli                              0x00000000   Number         0  stubs.o ABSOLUTE
    _printf_llo                              0x00000000   Number         0  stubs.o ABSOLUTE
    _printf_llu                              0x00000000   Number         0  stubs.o ABSOLUTE
    _printf_llx                              0x00000000   Number         0  stubs.o ABSOLUTE
    _printf_longlong_dec                     0x00000000   Number         0  stubs.o ABSOLUTE
    _printf_longlong_hex                     0x00000000   Number         0  stubs.o ABSOLUTE
    _printf_longlong_oct                     0x00000000   Number         0  stubs.o ABSOLUTE
    _printf_ls                               0x00000000   Number         0  stubs.o ABSOLUTE
    _printf_mbtowc                           0x00000000   Number         0  stubs.o ABSOLUTE
    _printf_n                                0x00000000   Number         0  stubs.o ABSOLUTE
    _printf_o                                0x00000000   Number         0  stubs.o ABSOLUTE
    _printf_p                                0x00000000   Number         0  stubs.o ABSOLUTE
    _printf_percent                          0x00000000   Number         0  stubs.o ABSOLUTE
    _printf_pre_padding                      0x00000000   Number         0  stubs.o ABSOLUTE
    _printf_return_value                     0x00000000   Number         0  stubs.o ABSOLUTE
    _printf_s                                0x00000000   Number         0  stubs.o ABSOLUTE
    _printf_sizespec                         0x00000000   Number         0  stubs.o ABSOLUTE
    _printf_str                              0x00000000   Number         0  stubs.o ABSOLUTE
    _printf_truncate_signed                  0x00000000   Number         0  stubs.o ABSOLUTE
    _printf_truncate_unsigned                0x00000000   Number         0  stubs.o ABSOLUTE
    _printf_u                                0x00000000   Number         0  stubs.o ABSOLUTE
    _printf_wc                               0x00000000   Number         0  stubs.o ABSOLUTE
    _printf_wctomb                           0x00000000   Number         0  stubs.o ABSOLUTE
    _printf_widthprec                        0x00000000   Number         0  stubs.o ABSOLUTE
    _printf_x                                0x00000000   Number         0  stubs.o ABSOLUTE
    __arm_fini_                               - Undefined Weak Reference
    __cpp_initialize__aeabi_                  - Undefined Weak Reference
    __cxa_finalize                            - Undefined Weak Reference
    _clock_init                               - Undefined Weak Reference
    _microlib_exit                            - Undefined Weak Reference
    __Vectors_Size                           0x00000130   Number         0  startup_stm32f10x_hd.o ABSOLUTE
    __Vectors                                0x08000000   Data           4  startup_stm32f10x_hd.o(RESET)
    __Vectors_End                            0x08000130   Data           0  startup_stm32f10x_hd.o(RESET)
    __main                                   0x08000131   Thumb Code     0  entry.o(.ARM.Collect$$$$00000000)
    _main_stk                                0x08000131   Thumb Code     0  entry2.o(.ARM.Collect$$$$00000001)
    _main_scatterload                        0x08000135   Thumb Code     0  entry5.o(.ARM.Collect$$$$00000004)
    __main_after_scatterload                 0x08000139   Thumb Code     0  entry5.o(.ARM.Collect$$$$00000004)
    _main_clock                              0x08000139   Thumb Code     0  entry7b.o(.ARM.Collect$$$$00000008)
    _main_cpp_init                           0x08000139   Thumb Code     0  entry8b.o(.ARM.Collect$$$$0000000A)
    _main_init                               0x08000139   Thumb Code     0  entry9a.o(.ARM.Collect$$$$0000000B)
    __rt_lib_shutdown_fini                   0x08000141   Thumb Code     0  entry12b.o(.ARM.Collect$$$$0000000E)
    __rt_final_cpp                           0x08000145   Thumb Code     0  entry10a.o(.ARM.Collect$$$$0000000F)
    __rt_final_exit                          0x08000145   Thumb Code     0  entry11a.o(.ARM.Collect$$$$00000011)
    SVC_Handler                              0x08000149   Thumb Code    32  port.o(.emb_text)
    __asm___6_port_c_39a90d8d__prvStartFirstTask 0x0800016d   Thumb Code    28  port.o(.emb_text)
    PendSV_Handler                           0x0800018d   Thumb Code    72  port.o(.emb_text)
    vPortGetIPSR                             0x080001d9   Thumb Code     6  port.o(.emb_text)
    MainRunning_Task                         0x080001e1   Thumb Code   386  main.o(.text)
    Task_Init                                0x08000363   Thumb Code    48  main.o(.text)
    main                                     0x08000393   Thumb Code   160  main.o(.text)
    NMI_Handler                              0x080004c5   Thumb Code     2  stm32f10x_it.o(.text)
    HardFault_Handler                        0x080004c7   Thumb Code     4  stm32f10x_it.o(.text)
    MemManage_Handler                        0x080004cb   Thumb Code     4  stm32f10x_it.o(.text)
    BusFault_Handler                         0x080004cf   Thumb Code     4  stm32f10x_it.o(.text)
    UsageFault_Handler                       0x080004d3   Thumb Code     4  stm32f10x_it.o(.text)
    DebugMon_Handler                         0x080004d7   Thumb Code     2  stm32f10x_it.o(.text)
    SysTick_Handler                          0x080004d9   Thumb Code    16  stm32f10x_it.o(.text)
    SystemInit                               0x080005c7   Thumb Code    78  system_stm32f10x.o(.text)
    SystemCoreClockUpdate                    0x08000615   Thumb Code   142  system_stm32f10x.o(.text)
    KEY_Init                                 0x080006c9   Thumb Code    76  key.o(.text)
    KEY_Scan                                 0x08000715   Thumb Code   156  key.o(.text)
    BEEP_Init                                0x080007b9   Thumb Code    46  beep.o(.text)
    Get_BeepState                            0x080007e7   Thumb Code     6  beep.o(.text)
    BEEP_Config                              0x080007ed   Thumb Code     6  beep.o(.text)
    BEEP_Handle                              0x080007f3   Thumb Code    28  beep.o(.text)
    Sound_Init                               0x0800080f   Thumb Code    34  beep.o(.text)
    TIM2_Int_Init                            0x0800083d   Thumb Code    90  timer.o(.text)
    TIM3_Int_Init                            0x08000897   Thumb Code    94  timer.o(.text)
    TIM7_Int_Init                            0x080008f5   Thumb Code    90  timer.o(.text)
    TIM5_PWM_Init                            0x0800094f   Thumb Code   130  timer.o(.text)
    TIM4_PWM_Init                            0x080009d1   Thumb Code   138  timer.o(.text)
    TIM2_IRQHandler                          0x08000a5b   Thumb Code    22  timer.o(.text)
    TIM3_IRQHandler                          0x08000a71   Thumb Code    50  timer.o(.text)
    TIM7_IRQHandler                          0x08000aa3   Thumb Code   112  timer.o(.text)
    Send_Task                                0x08000b41   Thumb Code   204  esp8266.o(.text)
    ESP8266_Task                             0x08000c0d   Thumb Code    98  esp8266.o(.text)
    ESP8266_Task_Init                        0x08000c6f   Thumb Code    70  esp8266.o(.text)
    IIC_Start                                0x08000d09   Thumb Code    44  oled.o(.text)
    IIC_Stop                                 0x08000d35   Thumb Code    34  oled.o(.text)
    IIC_Wait_Ack                             0x08000d57   Thumb Code    24  oled.o(.text)
    Write_IIC_Byte                           0x08000d6f   Thumb Code    88  oled.o(.text)
    Write_IIC_Command                        0x08000dc7   Thumb Code    44  oled.o(.text)
    Write_IIC_Data                           0x08000df3   Thumb Code    44  oled.o(.text)
    OLED_WR_Byte                             0x08000e1f   Thumb Code    24  oled.o(.text)
    fill_picture                             0x08000e37   Thumb Code    64  oled.o(.text)
    Delay_50ms                               0x08000e77   Thumb Code    22  oled.o(.text)
    Delay_1ms                                0x08000e8d   Thumb Code    26  oled.o(.text)
    OLED_Set_Pos                             0x08000ea7   Thumb Code    40  oled.o(.text)
    OLED_Display_On                          0x08000ecf   Thumb Code    28  oled.o(.text)
    OLED_Display_Off                         0x08000eeb   Thumb Code    28  oled.o(.text)
    OLED_Clear                               0x08000f07   Thumb Code    62  oled.o(.text)
    OLED_On                                  0x08000f45   Thumb Code    62  oled.o(.text)
    OLED_ShowChar                            0x08000f83   Thumb Code   154  oled.o(.text)
    oled_pow                                 0x0800101d   Thumb Code    22  oled.o(.text)
    oled_pow1                                0x08001033   Thumb Code    22  oled.o(.text)
    OLED_ShowNum                             0x08001049   Thumb Code   136  oled.o(.text)
    OLED_ShowString                          0x080010d1   Thumb Code    72  oled.o(.text)
    OLED_ShowCHinese                         0x08001119   Thumb Code    98  oled.o(.text)
    OLED_DrawBMP                             0x0800117b   Thumb Code   118  oled.o(.text)
    OLED_Init                                0x080011f1   Thumb Code   268  oled.o(.text)
    DHT22_Rst                                0x08001305   Thumb Code    30  dht22.o(.text)
    DHT22_Check                              0x08001323   Thumb Code    74  dht22.o(.text)
    DHT22_Read_Bit                           0x0800136d   Thumb Code    76  dht22.o(.text)
    DHT22_Read_Byte                          0x080013b9   Thumb Code    30  dht22.o(.text)
    DHT22_RH2Ten                             0x080013d7   Thumb Code    30  dht22.o(.text)
    DHT22_Tem2Ten                            0x080013f5   Thumb Code    30  dht22.o(.text)
    RH_Tem_U32toString                       0x08001413   Thumb Code   102  dht22.o(.text)
    Get_Dht22Value                           0x08001479   Thumb Code     6  dht22.o(.text)
    DHT22_Read_Data                          0x0800147f   Thumb Code   126  dht22.o(.text)
    DHT22_LIMIT                              0x080014fd   Thumb Code    30  dht22.o(.text)
    DHT22_Init                               0x0800151b   Thumb Code    48  dht22.o(.text)
    VOICE_Select                             0x08001565   Thumb Code    82  voice.o(.text)
    VOICE_Init                               0x080015b7   Thumb Code    78  voice.o(.text)
    delay_init                               0x08001611   Thumb Code    74  delay.o(.text)
    delay_us                                 0x0800165b   Thumb Code    68  delay.o(.text)
    delay_ms                                 0x0800169f   Thumb Code    60  delay.o(.text)
    delay_xms                                0x080016db   Thumb Code    24  delay.o(.text)
    _sys_exit                                0x08001705   Thumb Code     6  usart.o(.text)
    fputc                                    0x0800170b   Thumb Code    24  usart.o(.text)
    uart_init                                0x08001723   Thumb Code   154  usart.o(.text)
    USART1_IRQHandler                        0x080017bd   Thumb Code   122  usart.o(.text)
    usart3_init                              0x08001837   Thumb Code   192  usart.o(.text)
    u3_printf                                0x080018f7   Thumb Code    72  usart.o(.text)
    USART3_IRQHandler                        0x0800193f   Thumb Code   174  usart.o(.text)
    Reset_Handler                            0x08001a1d   Thumb Code     8  startup_stm32f10x_hd.o(.text)
    ADC1_2_IRQHandler                        0x08001a37   Thumb Code     0  startup_stm32f10x_hd.o(.text)
    ADC3_IRQHandler                          0x08001a37   Thumb Code     0  startup_stm32f10x_hd.o(.text)
    CAN1_RX1_IRQHandler                      0x08001a37   Thumb Code     0  startup_stm32f10x_hd.o(.text)
    CAN1_SCE_IRQHandler                      0x08001a37   Thumb Code     0  startup_stm32f10x_hd.o(.text)
    DMA1_Channel1_IRQHandler                 0x08001a37   Thumb Code     0  startup_stm32f10x_hd.o(.text)
    DMA1_Channel2_IRQHandler                 0x08001a37   Thumb Code     0  startup_stm32f10x_hd.o(.text)
    DMA1_Channel3_IRQHandler                 0x08001a37   Thumb Code     0  startup_stm32f10x_hd.o(.text)
    DMA1_Channel4_IRQHandler                 0x08001a37   Thumb Code     0  startup_stm32f10x_hd.o(.text)
    DMA1_Channel5_IRQHandler                 0x08001a37   Thumb Code     0  startup_stm32f10x_hd.o(.text)
    DMA1_Channel6_IRQHandler                 0x08001a37   Thumb Code     0  startup_stm32f10x_hd.o(.text)
    DMA1_Channel7_IRQHandler                 0x08001a37   Thumb Code     0  startup_stm32f10x_hd.o(.text)
    DMA2_Channel1_IRQHandler                 0x08001a37   Thumb Code     0  startup_stm32f10x_hd.o(.text)
    DMA2_Channel2_IRQHandler                 0x08001a37   Thumb Code     0  startup_stm32f10x_hd.o(.text)
    DMA2_Channel3_IRQHandler                 0x08001a37   Thumb Code     0  startup_stm32f10x_hd.o(.text)
    DMA2_Channel4_5_IRQHandler               0x08001a37   Thumb Code     0  startup_stm32f10x_hd.o(.text)
    EXTI0_IRQHandler                         0x08001a37   Thumb Code     0  startup_stm32f10x_hd.o(.text)
    EXTI15_10_IRQHandler                     0x08001a37   Thumb Code     0  startup_stm32f10x_hd.o(.text)
    EXTI1_IRQHandler                         0x08001a37   Thumb Code     0  startup_stm32f10x_hd.o(.text)
    EXTI2_IRQHandler                         0x08001a37   Thumb Code     0  startup_stm32f10x_hd.o(.text)
    EXTI3_IRQHandler                         0x08001a37   Thumb Code     0  startup_stm32f10x_hd.o(.text)
    EXTI4_IRQHandler                         0x08001a37   Thumb Code     0  startup_stm32f10x_hd.o(.text)
    EXTI9_5_IRQHandler                       0x08001a37   Thumb Code     0  startup_stm32f10x_hd.o(.text)
    FLASH_IRQHandler                         0x08001a37   Thumb Code     0  startup_stm32f10x_hd.o(.text)
    FSMC_IRQHandler                          0x08001a37   Thumb Code     0  startup_stm32f10x_hd.o(.text)
    I2C1_ER_IRQHandler                       0x08001a37   Thumb Code     0  startup_stm32f10x_hd.o(.text)
    I2C1_EV_IRQHandler                       0x08001a37   Thumb Code     0  startup_stm32f10x_hd.o(.text)
    I2C2_ER_IRQHandler                       0x08001a37   Thumb Code     0  startup_stm32f10x_hd.o(.text)
    I2C2_EV_IRQHandler                       0x08001a37   Thumb Code     0  startup_stm32f10x_hd.o(.text)
    PVD_IRQHandler                           0x08001a37   Thumb Code     0  startup_stm32f10x_hd.o(.text)
    RCC_IRQHandler                           0x08001a37   Thumb Code     0  startup_stm32f10x_hd.o(.text)
    RTCAlarm_IRQHandler                      0x08001a37   Thumb Code     0  startup_stm32f10x_hd.o(.text)
    RTC_IRQHandler                           0x08001a37   Thumb Code     0  startup_stm32f10x_hd.o(.text)
    SDIO_IRQHandler                          0x08001a37   Thumb Code     0  startup_stm32f10x_hd.o(.text)
    SPI1_IRQHandler                          0x08001a37   Thumb Code     0  startup_stm32f10x_hd.o(.text)
    SPI2_IRQHandler                          0x08001a37   Thumb Code     0  startup_stm32f10x_hd.o(.text)
    SPI3_IRQHandler                          0x08001a37   Thumb Code     0  startup_stm32f10x_hd.o(.text)
    TAMPER_IRQHandler                        0x08001a37   Thumb Code     0  startup_stm32f10x_hd.o(.text)
    TIM1_BRK_IRQHandler                      0x08001a37   Thumb Code     0  startup_stm32f10x_hd.o(.text)
    TIM1_CC_IRQHandler                       0x08001a37   Thumb Code     0  startup_stm32f10x_hd.o(.text)
    TIM1_TRG_COM_IRQHandler                  0x08001a37   Thumb Code     0  startup_stm32f10x_hd.o(.text)
    TIM1_UP_IRQHandler                       0x08001a37   Thumb Code     0  startup_stm32f10x_hd.o(.text)
    TIM4_IRQHandler                          0x08001a37   Thumb Code     0  startup_stm32f10x_hd.o(.text)
    TIM5_IRQHandler                          0x08001a37   Thumb Code     0  startup_stm32f10x_hd.o(.text)
    TIM6_IRQHandler                          0x08001a37   Thumb Code     0  startup_stm32f10x_hd.o(.text)
    TIM8_BRK_IRQHandler                      0x08001a37   Thumb Code     0  startup_stm32f10x_hd.o(.text)
    TIM8_CC_IRQHandler                       0x08001a37   Thumb Code     0  startup_stm32f10x_hd.o(.text)
    TIM8_TRG_COM_IRQHandler                  0x08001a37   Thumb Code     0  startup_stm32f10x_hd.o(.text)
    TIM8_UP_IRQHandler                       0x08001a37   Thumb Code     0  startup_stm32f10x_hd.o(.text)
    UART4_IRQHandler                         0x08001a37   Thumb Code     0  startup_stm32f10x_hd.o(.text)
    UART5_IRQHandler                         0x08001a37   Thumb Code     0  startup_stm32f10x_hd.o(.text)
    USART2_IRQHandler                        0x08001a37   Thumb Code     0  startup_stm32f10x_hd.o(.text)
    USBWakeUp_IRQHandler                     0x08001a37   Thumb Code     0  startup_stm32f10x_hd.o(.text)
    USB_HP_CAN1_TX_IRQHandler                0x08001a37   Thumb Code     0  startup_stm32f10x_hd.o(.text)
    USB_LP_CAN1_RX0_IRQHandler               0x08001a37   Thumb Code     0  startup_stm32f10x_hd.o(.text)
    WWDG_IRQHandler                          0x08001a37   Thumb Code     0  startup_stm32f10x_hd.o(.text)
    NVIC_PriorityGroupConfig                 0x08001a41   Thumb Code    10  misc.o(.text)
    NVIC_Init                                0x08001a4b   Thumb Code   100  misc.o(.text)
    NVIC_SetVectorTable                      0x08001aaf   Thumb Code    14  misc.o(.text)
    NVIC_SystemLPConfig                      0x08001abd   Thumb Code    34  misc.o(.text)
    SysTick_CLKSourceConfig                  0x08001adf   Thumb Code    40  misc.o(.text)
    GPIO_DeInit                              0x08001b1d   Thumb Code   172  stm32f10x_gpio.o(.text)
    GPIO_AFIODeInit                          0x08001bc9   Thumb Code    20  stm32f10x_gpio.o(.text)
    GPIO_Init                                0x08001bdd   Thumb Code   278  stm32f10x_gpio.o(.text)
    GPIO_StructInit                          0x08001cf3   Thumb Code    16  stm32f10x_gpio.o(.text)
    GPIO_ReadInputDataBit                    0x08001d03   Thumb Code    18  stm32f10x_gpio.o(.text)
    GPIO_ReadInputData                       0x08001d15   Thumb Code     8  stm32f10x_gpio.o(.text)
    GPIO_ReadOutputDataBit                   0x08001d1d   Thumb Code    18  stm32f10x_gpio.o(.text)
    GPIO_ReadOutputData                      0x08001d2f   Thumb Code     8  stm32f10x_gpio.o(.text)
    GPIO_SetBits                             0x08001d37   Thumb Code     4  stm32f10x_gpio.o(.text)
    GPIO_ResetBits                           0x08001d3b   Thumb Code     4  stm32f10x_gpio.o(.text)
    GPIO_WriteBit                            0x08001d3f   Thumb Code    10  stm32f10x_gpio.o(.text)
    GPIO_Write                               0x08001d49   Thumb Code     4  stm32f10x_gpio.o(.text)
    GPIO_PinLockConfig                       0x08001d4d   Thumb Code    18  stm32f10x_gpio.o(.text)
    GPIO_EventOutputConfig                   0x08001d5f   Thumb Code    26  stm32f10x_gpio.o(.text)
    GPIO_EventOutputCmd                      0x08001d79   Thumb Code     6  stm32f10x_gpio.o(.text)
    GPIO_PinRemapConfig                      0x08001d7f   Thumb Code   138  stm32f10x_gpio.o(.text)
    GPIO_EXTILineConfig                      0x08001e09   Thumb Code    66  stm32f10x_gpio.o(.text)
    GPIO_ETH_MediaInterfaceConfig            0x08001e4b   Thumb Code     8  stm32f10x_gpio.o(.text)
    RCC_DeInit                               0x08001e79   Thumb Code    64  stm32f10x_rcc.o(.text)
    RCC_HSEConfig                            0x08001eb9   Thumb Code    70  stm32f10x_rcc.o(.text)
    RCC_GetFlagStatus                        0x08001eff   Thumb Code    56  stm32f10x_rcc.o(.text)
    RCC_WaitForHSEStartUp                    0x08001f37   Thumb Code    56  stm32f10x_rcc.o(.text)
    RCC_AdjustHSICalibrationValue            0x08001f6f   Thumb Code    20  stm32f10x_rcc.o(.text)
    RCC_HSICmd                               0x08001f83   Thumb Code     6  stm32f10x_rcc.o(.text)
    RCC_PLLConfig                            0x08001f89   Thumb Code    24  stm32f10x_rcc.o(.text)
    RCC_PLLCmd                               0x08001fa1   Thumb Code     6  stm32f10x_rcc.o(.text)
    RCC_SYSCLKConfig                         0x08001fa7   Thumb Code    18  stm32f10x_rcc.o(.text)
    RCC_GetSYSCLKSource                      0x08001fb9   Thumb Code    10  stm32f10x_rcc.o(.text)
    RCC_HCLKConfig                           0x08001fc3   Thumb Code    18  stm32f10x_rcc.o(.text)
    RCC_PCLK1Config                          0x08001fd5   Thumb Code    18  stm32f10x_rcc.o(.text)
    RCC_PCLK2Config                          0x08001fe7   Thumb Code    20  stm32f10x_rcc.o(.text)
    RCC_ITConfig                             0x08001ffb   Thumb Code    26  stm32f10x_rcc.o(.text)
    RCC_USBCLKConfig                         0x08002015   Thumb Code     8  stm32f10x_rcc.o(.text)
    RCC_ADCCLKConfig                         0x0800201d   Thumb Code    18  stm32f10x_rcc.o(.text)
    RCC_LSEConfig                            0x0800202f   Thumb Code    50  stm32f10x_rcc.o(.text)
    RCC_LSICmd                               0x08002061   Thumb Code     6  stm32f10x_rcc.o(.text)
    RCC_RTCCLKConfig                         0x08002067   Thumb Code    12  stm32f10x_rcc.o(.text)
    RCC_RTCCLKCmd                            0x08002073   Thumb Code     8  stm32f10x_rcc.o(.text)
    RCC_GetClocksFreq                        0x0800207b   Thumb Code   192  stm32f10x_rcc.o(.text)
    RCC_AHBPeriphClockCmd                    0x0800213b   Thumb Code    26  stm32f10x_rcc.o(.text)
    RCC_APB2PeriphClockCmd                   0x08002155   Thumb Code    26  stm32f10x_rcc.o(.text)
    RCC_APB1PeriphClockCmd                   0x0800216f   Thumb Code    26  stm32f10x_rcc.o(.text)
    RCC_APB2PeriphResetCmd                   0x08002189   Thumb Code    26  stm32f10x_rcc.o(.text)
    RCC_APB1PeriphResetCmd                   0x080021a3   Thumb Code    26  stm32f10x_rcc.o(.text)
    RCC_BackupResetCmd                       0x080021bd   Thumb Code     8  stm32f10x_rcc.o(.text)
    RCC_ClockSecuritySystemCmd               0x080021c5   Thumb Code     6  stm32f10x_rcc.o(.text)
    RCC_MCOConfig                            0x080021cb   Thumb Code     6  stm32f10x_rcc.o(.text)
    RCC_ClearFlag                            0x080021d1   Thumb Code    14  stm32f10x_rcc.o(.text)
    RCC_GetITStatus                          0x080021df   Thumb Code    20  stm32f10x_rcc.o(.text)
    RCC_ClearITPendingBit                    0x080021f3   Thumb Code     6  stm32f10x_rcc.o(.text)
    USART_DeInit                             0x0800221d   Thumb Code   134  stm32f10x_usart.o(.text)
    USART_Init                               0x080022a3   Thumb Code   210  stm32f10x_usart.o(.text)
    USART_StructInit                         0x08002375   Thumb Code    24  stm32f10x_usart.o(.text)
    USART_ClockInit                          0x0800238d   Thumb Code    34  stm32f10x_usart.o(.text)
    USART_ClockStructInit                    0x080023af   Thumb Code    12  stm32f10x_usart.o(.text)
    USART_Cmd                                0x080023bb   Thumb Code    24  stm32f10x_usart.o(.text)
    USART_ITConfig                           0x080023d3   Thumb Code    74  stm32f10x_usart.o(.text)
    USART_DMACmd                             0x0800241d   Thumb Code    18  stm32f10x_usart.o(.text)
    USART_SetAddress                         0x0800242f   Thumb Code    18  stm32f10x_usart.o(.text)
    USART_WakeUpConfig                       0x08002441   Thumb Code    18  stm32f10x_usart.o(.text)
    USART_ReceiverWakeUpCmd                  0x08002453   Thumb Code    24  stm32f10x_usart.o(.text)
    USART_LINBreakDetectLengthConfig         0x0800246b   Thumb Code    18  stm32f10x_usart.o(.text)
    USART_LINCmd                             0x0800247d   Thumb Code    24  stm32f10x_usart.o(.text)
    USART_SendData                           0x08002495   Thumb Code     8  stm32f10x_usart.o(.text)
    USART_ReceiveData                        0x0800249d   Thumb Code    10  stm32f10x_usart.o(.text)
    USART_SendBreak                          0x080024a7   Thumb Code    10  stm32f10x_usart.o(.text)
    USART_SetGuardTime                       0x080024b1   Thumb Code    16  stm32f10x_usart.o(.text)
    USART_SetPrescaler                       0x080024c1   Thumb Code    16  stm32f10x_usart.o(.text)
    USART_SmartCardCmd                       0x080024d1   Thumb Code    24  stm32f10x_usart.o(.text)
    USART_SmartCardNACKCmd                   0x080024e9   Thumb Code    24  stm32f10x_usart.o(.text)
    USART_HalfDuplexCmd                      0x08002501   Thumb Code    24  stm32f10x_usart.o(.text)
    USART_OverSampling8Cmd                   0x08002519   Thumb Code    22  stm32f10x_usart.o(.text)
    USART_OneBitMethodCmd                    0x0800252f   Thumb Code    24  stm32f10x_usart.o(.text)
    USART_IrDAConfig                         0x08002547   Thumb Code    18  stm32f10x_usart.o(.text)
    USART_IrDACmd                            0x08002559   Thumb Code    24  stm32f10x_usart.o(.text)
    USART_GetFlagStatus                      0x08002571   Thumb Code    26  stm32f10x_usart.o(.text)
    USART_ClearFlag                          0x0800258b   Thumb Code    18  stm32f10x_usart.o(.text)
    USART_GetITStatus                        0x0800259d   Thumb Code    84  stm32f10x_usart.o(.text)
    USART_ClearITPendingBit                  0x080025f1   Thumb Code    52  stm32f10x_usart.o(.text)
    TIM_DeInit                               0x08002625   Thumb Code   424  stm32f10x_tim.o(.text)
    TIM_TimeBaseInit                         0x080027cd   Thumb Code   122  stm32f10x_tim.o(.text)
    TIM_OC1Init                              0x08002847   Thumb Code   132  stm32f10x_tim.o(.text)
    TIM_OC2Init                              0x080028cb   Thumb Code   154  stm32f10x_tim.o(.text)
    TIM_OC3Init                              0x08002965   Thumb Code   150  stm32f10x_tim.o(.text)
    TIM_OC4Init                              0x080029fb   Thumb Code   182  stm32f10x_tim.o(.text)
    TIM_SetIC4Prescaler                      0x08002ab1   Thumb Code    26  stm32f10x_tim.o(.text)
    TIM_SetIC3Prescaler                      0x08002b4d   Thumb Code    18  stm32f10x_tim.o(.text)
    TIM_SetIC2Prescaler                      0x08002bd9   Thumb Code    26  stm32f10x_tim.o(.text)
    TIM_SetIC1Prescaler                      0x08002c75   Thumb Code    18  stm32f10x_tim.o(.text)
    TIM_ICInit                               0x08002cf3   Thumb Code   150  stm32f10x_tim.o(.text)
    TIM_PWMIConfig                           0x08002d89   Thumb Code   124  stm32f10x_tim.o(.text)
    TIM_BDTRConfig                           0x08002e05   Thumb Code    32  stm32f10x_tim.o(.text)
    TIM_TimeBaseStructInit                   0x08002e25   Thumb Code    18  stm32f10x_tim.o(.text)
    TIM_OCStructInit                         0x08002e37   Thumb Code    20  stm32f10x_tim.o(.text)
    TIM_ICStructInit                         0x08002e4b   Thumb Code    18  stm32f10x_tim.o(.text)
    TIM_BDTRStructInit                       0x08002e5d   Thumb Code    40  stm32f10x_tim.o(.text)
    TIM_Cmd                                  0x08002e85   Thumb Code    24  stm32f10x_tim.o(.text)
    TIM_CtrlPWMOutputs                       0x08002e9d   Thumb Code    30  stm32f10x_tim.o(.text)
    TIM_ITConfig                             0x08002ebb   Thumb Code    18  stm32f10x_tim.o(.text)
    TIM_GenerateEvent                        0x08002ecd   Thumb Code     4  stm32f10x_tim.o(.text)
    TIM_DMAConfig                            0x08002ed1   Thumb Code    10  stm32f10x_tim.o(.text)
    TIM_DMACmd                               0x08002edb   Thumb Code    18  stm32f10x_tim.o(.text)
    TIM_InternalClockConfig                  0x08002eed   Thumb Code    12  stm32f10x_tim.o(.text)
    TIM_SelectInputTrigger                   0x08002ef9   Thumb Code    18  stm32f10x_tim.o(.text)
    TIM_ITRxExternalClockConfig              0x08002f0b   Thumb Code    24  stm32f10x_tim.o(.text)
    TIM_TIxExternalClockConfig               0x08002f23   Thumb Code    62  stm32f10x_tim.o(.text)
    TIM_ETRConfig                            0x08002f61   Thumb Code    28  stm32f10x_tim.o(.text)
    TIM_ETRClockMode1Config                  0x08002f7d   Thumb Code    54  stm32f10x_tim.o(.text)
    TIM_ETRClockMode2Config                  0x08002fb3   Thumb Code    32  stm32f10x_tim.o(.text)
    TIM_PrescalerConfig                      0x08002fd3   Thumb Code     6  stm32f10x_tim.o(.text)
    TIM_CounterModeConfig                    0x08002fd9   Thumb Code    18  stm32f10x_tim.o(.text)
    TIM_EncoderInterfaceConfig               0x08002feb   Thumb Code    66  stm32f10x_tim.o(.text)
    TIM_ForcedOC1Config                      0x0800302d   Thumb Code    18  stm32f10x_tim.o(.text)
    TIM_ForcedOC2Config                      0x0800303f   Thumb Code    26  stm32f10x_tim.o(.text)
    TIM_ForcedOC3Config                      0x08003059   Thumb Code    18  stm32f10x_tim.o(.text)
    TIM_ForcedOC4Config                      0x0800306b   Thumb Code    26  stm32f10x_tim.o(.text)
    TIM_ARRPreloadConfig                     0x08003085   Thumb Code    24  stm32f10x_tim.o(.text)
    TIM_SelectCOM                            0x0800309d   Thumb Code    24  stm32f10x_tim.o(.text)
    TIM_SelectCCDMA                          0x080030b5   Thumb Code    24  stm32f10x_tim.o(.text)
    TIM_CCPreloadControl                     0x080030cd   Thumb Code    24  stm32f10x_tim.o(.text)
    TIM_OC1PreloadConfig                     0x080030e5   Thumb Code    18  stm32f10x_tim.o(.text)
    TIM_OC2PreloadConfig                     0x080030f7   Thumb Code    26  stm32f10x_tim.o(.text)
    TIM_OC3PreloadConfig                     0x08003111   Thumb Code    18  stm32f10x_tim.o(.text)
    TIM_OC4PreloadConfig                     0x08003123   Thumb Code    26  stm32f10x_tim.o(.text)
    TIM_OC1FastConfig                        0x0800313d   Thumb Code    18  stm32f10x_tim.o(.text)
    TIM_OC2FastConfig                        0x0800314f   Thumb Code    26  stm32f10x_tim.o(.text)
    TIM_OC3FastConfig                        0x08003169   Thumb Code    18  stm32f10x_tim.o(.text)
    TIM_OC4FastConfig                        0x0800317b   Thumb Code    26  stm32f10x_tim.o(.text)
    TIM_ClearOC1Ref                          0x08003195   Thumb Code    18  stm32f10x_tim.o(.text)
    TIM_ClearOC2Ref                          0x080031a7   Thumb Code    24  stm32f10x_tim.o(.text)
    TIM_ClearOC3Ref                          0x080031bf   Thumb Code    18  stm32f10x_tim.o(.text)
    TIM_ClearOC4Ref                          0x080031d1   Thumb Code    24  stm32f10x_tim.o(.text)
    TIM_OC1PolarityConfig                    0x080031e9   Thumb Code    18  stm32f10x_tim.o(.text)
    TIM_OC1NPolarityConfig                   0x080031fb   Thumb Code    18  stm32f10x_tim.o(.text)
    TIM_OC2PolarityConfig                    0x0800320d   Thumb Code    26  stm32f10x_tim.o(.text)
    TIM_OC2NPolarityConfig                   0x08003227   Thumb Code    26  stm32f10x_tim.o(.text)
    TIM_OC3PolarityConfig                    0x08003241   Thumb Code    26  stm32f10x_tim.o(.text)
    TIM_OC3NPolarityConfig                   0x0800325b   Thumb Code    26  stm32f10x_tim.o(.text)
    TIM_OC4PolarityConfig                    0x08003275   Thumb Code    26  stm32f10x_tim.o(.text)
    TIM_CCxCmd                               0x0800328f   Thumb Code    30  stm32f10x_tim.o(.text)
    TIM_CCxNCmd                              0x080032ad   Thumb Code    30  stm32f10x_tim.o(.text)
    TIM_SelectOCxM                           0x080032cb   Thumb Code    82  stm32f10x_tim.o(.text)
    TIM_UpdateDisableConfig                  0x0800331d   Thumb Code    24  stm32f10x_tim.o(.text)
    TIM_UpdateRequestConfig                  0x08003335   Thumb Code    24  stm32f10x_tim.o(.text)
    TIM_SelectHallSensor                     0x0800334d   Thumb Code    24  stm32f10x_tim.o(.text)
    TIM_SelectOnePulseMode                   0x08003365   Thumb Code    18  stm32f10x_tim.o(.text)
    TIM_SelectOutputTrigger                  0x08003377   Thumb Code    18  stm32f10x_tim.o(.text)
    TIM_SelectSlaveMode                      0x08003389   Thumb Code    18  stm32f10x_tim.o(.text)
    TIM_SelectMasterSlaveMode                0x0800339b   Thumb Code    18  stm32f10x_tim.o(.text)
    TIM_SetCounter                           0x080033ad   Thumb Code     4  stm32f10x_tim.o(.text)
    TIM_SetAutoreload                        0x080033b1   Thumb Code     4  stm32f10x_tim.o(.text)
    TIM_SetCompare1                          0x080033b5   Thumb Code     4  stm32f10x_tim.o(.text)
    TIM_SetCompare2                          0x080033b9   Thumb Code     4  stm32f10x_tim.o(.text)
    TIM_SetCompare3                          0x080033bd   Thumb Code     4  stm32f10x_tim.o(.text)
    TIM_SetCompare4                          0x080033c1   Thumb Code     6  stm32f10x_tim.o(.text)
    TIM_SetClockDivision                     0x080033c7   Thumb Code    18  stm32f10x_tim.o(.text)
    TIM_GetCapture1                          0x080033d9   Thumb Code     6  stm32f10x_tim.o(.text)
    TIM_GetCapture2                          0x080033df   Thumb Code     6  stm32f10x_tim.o(.text)
    TIM_GetCapture3                          0x080033e5   Thumb Code     6  stm32f10x_tim.o(.text)
    TIM_GetCapture4                          0x080033eb   Thumb Code     8  stm32f10x_tim.o(.text)
    TIM_GetCounter                           0x080033f3   Thumb Code     6  stm32f10x_tim.o(.text)
    TIM_GetPrescaler                         0x080033f9   Thumb Code     6  stm32f10x_tim.o(.text)
    TIM_GetFlagStatus                        0x080033ff   Thumb Code    18  stm32f10x_tim.o(.text)
    TIM_ClearFlag                            0x08003411   Thumb Code     6  stm32f10x_tim.o(.text)
    TIM_GetITStatus                          0x08003417   Thumb Code    34  stm32f10x_tim.o(.text)
    TIM_ClearITPendingBit                    0x08003439   Thumb Code     6  stm32f10x_tim.o(.text)
    xTimerGenericCommand                     0x08003491   Thumb Code   118  timers.o(.text)
    xTimerCreateTimerTask                    0x080037f9   Thumb Code    56  timers.o(.text)
    xTimerCreate                             0x080038d7   Thumb Code    48  timers.o(.text)
    xTimerGetTimerDaemonTaskHandle           0x08003907   Thumb Code    38  timers.o(.text)
    xTimerGetPeriod                          0x0800392d   Thumb Code    28  timers.o(.text)
    xTimerGetExpiryTime                      0x08003949   Thumb Code    30  timers.o(.text)
    pcTimerGetName                           0x08003967   Thumb Code    28  timers.o(.text)
    xTimerIsTimerActive                      0x08003983   Thumb Code    50  timers.o(.text)
    pvTimerGetTimerID                        0x080039b5   Thumb Code    38  timers.o(.text)
    vTimerSetTimerID                         0x080039db   Thumb Code    38  timers.o(.text)
    xTimerPendFunctionCallFromISR            0x08003a01   Thumb Code    48  timers.o(.text)
    xTimerPendFunctionCall                   0x08003a31   Thumb Code    70  timers.o(.text)
    xTaskCreate                              0x08003c0d   Thumb Code    96  tasks.o(.text)
    vTaskDelete                              0x08003ca9   Thumb Code   192  tasks.o(.text)
    xTaskIncrementTick                       0x08003d69   Thumb Code   392  tasks.o(.text)
    xTaskResumeAll                           0x08003ef1   Thumb Code   218  tasks.o(.text)
    vTaskSuspendAll                          0x08004047   Thumb Code    12  tasks.o(.text)
    vTaskDelayUntil                          0x08004053   Thumb Code   182  tasks.o(.text)
    vTaskDelay                               0x08004109   Thumb Code    76  tasks.o(.text)
    eTaskGetState                            0x08004155   Thumb Code   106  tasks.o(.text)
    uxTaskPriorityGet                        0x080041bf   Thumb Code    30  tasks.o(.text)
    uxTaskPriorityGetFromISR                 0x080041dd   Thumb Code    62  tasks.o(.text)
    vTaskPrioritySet                         0x0800421b   Thumb Code   320  tasks.o(.text)
    vTaskSwitchContext                       0x0800435b   Thumb Code   114  tasks.o(.text)
    vTaskSuspend                             0x080043cd   Thumb Code   190  tasks.o(.text)
    vTaskResume                              0x080044d7   Thumb Code   122  tasks.o(.text)
    xTaskResumeFromISR                       0x08004551   Thumb Code   152  tasks.o(.text)
    vTaskStartScheduler                      0x0800465f   Thumb Code   112  tasks.o(.text)
    vTaskEndScheduler                        0x080046cf   Thumb Code    32  tasks.o(.text)
    xTaskGetTickCount                        0x080046ef   Thumb Code     6  tasks.o(.text)
    xTaskGetTickCountFromISR                 0x080046f5   Thumb Code    16  tasks.o(.text)
    uxTaskGetNumberOfTasks                   0x08004705   Thumb Code     6  tasks.o(.text)
    pcTaskGetName                            0x0800470b   Thumb Code   114  tasks.o(.text)
    vTaskGetInfo                             0x08004793   Thumb Code   114  tasks.o(.text)
    uxTaskGetSystemState                     0x0800486f   Thumb Code   152  tasks.o(.text)
    vTaskPlaceOnEventList                    0x08004907   Thumb Code    46  tasks.o(.text)
    vTaskPlaceOnUnorderedEventList           0x08004935   Thumb Code    88  tasks.o(.text)
    vTaskPlaceOnEventListRestricted          0x0800498d   Thumb Code    54  tasks.o(.text)
    xTaskRemoveFromEventList                 0x080049c3   Thumb Code   122  tasks.o(.text)
    xTaskRemoveFromUnorderedEventList        0x08004a3d   Thumb Code   142  tasks.o(.text)
    vTaskSetTimeOutState                     0x08004acb   Thumb Code    36  tasks.o(.text)
    xTaskCheckForTimeOut                     0x08004aef   Thumb Code   124  tasks.o(.text)
    vTaskMissedYield                         0x08004b6b   Thumb Code     8  tasks.o(.text)
    uxTaskGetTaskNumber                      0x08004b73   Thumb Code    66  tasks.o(.text)
    vTaskSetTaskNumber                       0x08004bb5   Thumb Code     8  tasks.o(.text)
    xTaskGetCurrentTaskHandle                0x08004bbd   Thumb Code     6  tasks.o(.text)
    xTaskGetSchedulerState                   0x08004bc3   Thumb Code    24  tasks.o(.text)
    vTaskPriorityInherit                     0x08004bdb   Thumb Code   164  tasks.o(.text)
    xTaskPriorityDisinherit                  0x08004c7f   Thumb Code   176  tasks.o(.text)
    vTaskList                                0x08004d59   Thumb Code   204  tasks.o(.text)
    uxTaskResetEventItemValue                0x08004e25   Thumb Code    24  tasks.o(.text)
    pvTaskIncrementMutexHeldCount            0x08004e3d   Thumb Code    26  tasks.o(.text)
    ulTaskNotifyTake                         0x08004e57   Thumb Code   108  tasks.o(.text)
    xTaskNotifyWait                          0x08004ec3   Thumb Code   150  tasks.o(.text)
    xTaskGenericNotify                       0x08004f59   Thumb Code   276  tasks.o(.text)
    xTaskGenericNotifyFromISR                0x0800506d   Thumb Code   282  tasks.o(.text)
    vTaskNotifyGiveFromISR                   0x08005187   Thumb Code   200  tasks.o(.text)
    xTaskNotifyStateClear                    0x0800524f   Thumb Code    48  tasks.o(.text)
    xQueueGenericReset                       0x080052a1   Thumb Code   136  queue.o(.text)
    xQueueGenericCreate                      0x08005357   Thumb Code    78  queue.o(.text)
    xQueueGenericSend                        0x0800554d   Thumb Code   456  queue.o(.text)
    xQueueCreateMutex                        0x08005731   Thumb Code    34  queue.o(.text)
    xQueueGiveMutexRecursive                 0x08005753   Thumb Code    66  queue.o(.text)
    xQueueGenericReceive                     0x080057d9   Thumb Code   428  queue.o(.text)
    xQueueTakeMutexRecursive                 0x08005985   Thumb Code    76  queue.o(.text)
    xQueueCreateCountingSemaphore            0x080059d1   Thumb Code    80  queue.o(.text)
    xQueueGenericSendFromISR                 0x08005a21   Thumb Code   252  queue.o(.text)
    xQueueGiveFromISR                        0x08005b1d   Thumb Code   228  queue.o(.text)
    xQueueReceiveFromISR                     0x08005c01   Thumb Code   190  queue.o(.text)
    xQueuePeekFromISR                        0x08005cbf   Thumb Code   158  queue.o(.text)
    uxQueueMessagesWaiting                   0x08005d5d   Thumb Code    36  queue.o(.text)
    uxQueueSpacesAvailable                   0x08005d81   Thumb Code    42  queue.o(.text)
    uxQueueMessagesWaitingFromISR            0x08005dab   Thumb Code    28  queue.o(.text)
    vQueueUnregisterQueue                    0x08005dc7   Thumb Code    44  queue.o(.text)
    vQueueDelete                             0x08005df3   Thumb Code    38  queue.o(.text)
    uxQueueGetQueueNumber                    0x08005e19   Thumb Code     6  queue.o(.text)
    vQueueSetQueueNumber                     0x08005e1f   Thumb Code     4  queue.o(.text)
    ucQueueGetQueueType                      0x08005e23   Thumb Code     8  queue.o(.text)
    xQueueIsQueueEmptyFromISR                0x08005e2b   Thumb Code    36  queue.o(.text)
    xQueueIsQueueFullFromISR                 0x08005e4f   Thumb Code    40  queue.o(.text)
    vQueueAddToRegistry                      0x08005e77   Thumb Code    38  queue.o(.text)
    pcQueueGetName                           0x08005e9d   Thumb Code    38  queue.o(.text)
    vQueueWaitForMessageRestricted           0x08005ec3   Thumb Code    74  queue.o(.text)
    xQueueCreateSet                          0x08005f0d   Thumb Code    20  queue.o(.text)
    xQueueAddToSet                           0x08005f21   Thumb Code    38  queue.o(.text)
    xQueueRemoveFromSet                      0x08005f47   Thumb Code    48  queue.o(.text)
    xQueueSelectFromSet                      0x08005f77   Thumb Code    26  queue.o(.text)
    xQueueSelectFromSetFromISR               0x08005f91   Thumb Code    22  queue.o(.text)
    vListInitialise                          0x08005fad   Thumb Code    26  list.o(.text)
    vListInitialiseItem                      0x08005fc7   Thumb Code     6  list.o(.text)
    vListInsertEnd                           0x08005fcd   Thumb Code    24  list.o(.text)
    vListInsert                              0x08005fe5   Thumb Code    52  list.o(.text)
    uxListRemove                             0x08006019   Thumb Code    40  list.o(.text)
    xEventGroupCreate                        0x08006041   Thumb Code    26  event_groups.o(.text)
    xEventGroupSetBits                       0x0800605b   Thumb Code   186  event_groups.o(.text)
    xEventGroupSync                          0x08006115   Thumb Code   228  event_groups.o(.text)
    xEventGroupWaitBits                      0x08006217   Thumb Code   294  event_groups.o(.text)
    xEventGroupClearBits                     0x0800633d   Thumb Code    72  event_groups.o(.text)
    vEventGroupClearBitsCallback             0x08006385   Thumb Code    16  event_groups.o(.text)
    xEventGroupClearBitsFromISR              0x08006395   Thumb Code    26  event_groups.o(.text)
    xEventGroupGetBitsFromISR                0x080063af   Thumb Code    44  event_groups.o(.text)
    vEventGroupDelete                        0x080063db   Thumb Code    72  event_groups.o(.text)
    vEventGroupSetBitsCallback               0x08006423   Thumb Code    66  event_groups.o(.text)
    xEventGroupSetBitsFromISR                0x08006465   Thumb Code    32  event_groups.o(.text)
    uxEventGroupGetNumber                    0x08006485   Thumb Code    14  event_groups.o(.text)
    pvPortMalloc                             0x08006557   Thumb Code   262  heap_4.o(.text)
    vPortFree                                0x0800665d   Thumb Code   120  heap_4.o(.text)
    xPortGetFreeHeapSize                     0x080066d5   Thumb Code     6  heap_4.o(.text)
    xPortGetMinimumEverFreeHeapSize          0x080066db   Thumb Code     6  heap_4.o(.text)
    vPortInitialiseBlocks                    0x080066e1   Thumb Code     2  heap_4.o(.text)
    pxPortInitialiseStack                    0x08006765   Thumb Code    30  port.o(.text)
    vPortSetupTimerInterrupt                 0x08006783   Thumb Code    26  port.o(.text)
    xPortStartScheduler                      0x0800679d   Thumb Code   140  port.o(.text)
    vPortEndScheduler                        0x08006829   Thumb Code    34  port.o(.text)
    vPortEnterCritical                       0x0800684b   Thumb Code    70  port.o(.text)
    vPortExitCritical                        0x08006891   Thumb Code    48  port.o(.text)
    xPortSysTickHandler                      0x080068c1   Thumb Code    48  port.o(.text)
    vPortValidateInterruptPriority           0x080068f1   Thumb Code    88  port.o(.text)
    __aeabi_memcpy                           0x080069a1   Thumb Code    36  memcpya.o(.text)
    __aeabi_memcpy4                          0x080069a1   Thumb Code     0  memcpya.o(.text)
    __aeabi_memcpy8                          0x080069a1   Thumb Code     0  memcpya.o(.text)
    __aeabi_memset                           0x080069c5   Thumb Code    14  memseta.o(.text)
    __aeabi_memset4                          0x080069c5   Thumb Code     0  memseta.o(.text)
    __aeabi_memset8                          0x080069c5   Thumb Code     0  memseta.o(.text)
    __aeabi_memclr                           0x080069d3   Thumb Code     4  memseta.o(.text)
    __aeabi_memclr4                          0x080069d3   Thumb Code     0  memseta.o(.text)
    __aeabi_memclr8                          0x080069d3   Thumb Code     0  memseta.o(.text)
    _memset$wrapper                          0x080069d7   Thumb Code    18  memseta.o(.text)
    strstr                                   0x080069e9   Thumb Code    36  strstr.o(.text)
    strlen                                   0x08006a0d   Thumb Code    14  strlen.o(.text)
    strcpy                                   0x08006a1b   Thumb Code    18  strcpy.o(.text)
    __aeabi_uidiv                            0x08006a2d   Thumb Code     0  uidiv.o(.text)
    __aeabi_uidivmod                         0x08006a2d   Thumb Code    44  uidiv.o(.text)
    __aeabi_uldivmod                         0x08006a59   Thumb Code    98  uldiv.o(.text)
    __I$use$fp                               0x08006abb   Thumb Code     0  iusefp.o(.text)
    __aeabi_dadd                             0x08006abb   Thumb Code   322  dadd.o(.text)
    __aeabi_dsub                             0x08006bfd   Thumb Code     6  dadd.o(.text)
    __aeabi_drsub                            0x08006c03   Thumb Code     6  dadd.o(.text)
    __aeabi_dmul                             0x08006c09   Thumb Code   228  dmul.o(.text)
    __aeabi_ddiv                             0x08006ced   Thumb Code   222  ddiv.o(.text)
    __aeabi_d2ulz                            0x08006dcb   Thumb Code    48  dfixul.o(.text)
    __aeabi_cdrcmple                         0x08006dfd   Thumb Code    48  cdrcmple.o(.text)
    __scatterload                            0x08006e2d   Thumb Code    28  init.o(.text)
    __scatterload_rt2                        0x08006e2d   Thumb Code     0  init.o(.text)
    __aeabi_llsl                             0x08006e51   Thumb Code    30  llshl.o(.text)
    _ll_shift_l                              0x08006e51   Thumb Code     0  llshl.o(.text)
    __aeabi_llsr                             0x08006e6f   Thumb Code    32  llushr.o(.text)
    _ll_ushift_r                             0x08006e6f   Thumb Code     0  llushr.o(.text)
    __aeabi_lasr                             0x08006e8f   Thumb Code    36  llsshr.o(.text)
    _ll_sshift_r                             0x08006e8f   Thumb Code     0  llsshr.o(.text)
    _double_round                            0x08006eb3   Thumb Code    30  depilogue.o(.text)
    _double_epilogue                         0x08006ed1   Thumb Code   156  depilogue.o(.text)
    __decompress                             0x08006f6d   Thumb Code     0  __dczerorl2.o(.text)
    __decompress1                            0x08006f6d   Thumb Code    86  __dczerorl2.o(.text)
    __0printf$3                              0x08006fc5   Thumb Code    22  printf3.o(i.__0printf$3)
    __1printf$3                              0x08006fc5   Thumb Code     0  printf3.o(i.__0printf$3)
    __2printf                                0x08006fc5   Thumb Code     0  printf3.o(i.__0printf$3)
    __0sprintf$3                             0x08006fe5   Thumb Code    34  printf3.o(i.__0sprintf$3)
    __1sprintf$3                             0x08006fe5   Thumb Code     0  printf3.o(i.__0sprintf$3)
    __2sprintf                               0x08006fe5   Thumb Code     0  printf3.o(i.__0sprintf$3)
    __0vsprintf                              0x0800700d   Thumb Code    30  printfa.o(i.__0vsprintf)
    __1vsprintf                              0x0800700d   Thumb Code     0  printfa.o(i.__0vsprintf)
    __2vsprintf                              0x0800700d   Thumb Code     0  printfa.o(i.__0vsprintf)
    __c89vsprintf                            0x0800700d   Thumb Code     0  printfa.o(i.__0vsprintf)
    vsprintf                                 0x0800700d   Thumb Code     0  printfa.o(i.__0vsprintf)
    __scatterload_copy                       0x08007031   Thumb Code    14  handlers.o(i.__scatterload_copy)
    __scatterload_null                       0x0800703f   Thumb Code     2  handlers.o(i.__scatterload_null)
    __scatterload_zeroinit                   0x08007041   Thumb Code    14  handlers.o(i.__scatterload_zeroinit)
    F6x8                                     0x08007ab0   Data         552  oled.o(.constdata)
    F8X16                                    0x08007cd8   Data        1520  oled.o(.constdata)
    Region$$Table$$Base                      0x080083a8   Number         0  anon$$obj.o(Region$$Table)
    Region$$Table$$Limit                     0x080083c8   Number         0  anon$$obj.o(Region$$Table)
    Task_Init_Handle                         0x20000000   Data           4  main.o(.data)
    MainRunning_Handle                       0x20000004   Data           4  main.o(.data)
    SystemCoreClock                          0x20000008   Data           4  system_stm32f10x.o(.data)
    AHBPrescTable                            0x2000000c   Data          16  system_stm32f10x.o(.data)
    gTimer                                   0x20000020   Data           2  timer.o(.data)
    ESP8266_Handle                           0x20000028   Data           4  esp8266.o(.data)
    ESP8266_Queue_Handle                     0x2000002c   Data           4  esp8266.o(.data)
    ESP8266_EventGroup_Handle                0x20000030   Data           4  esp8266.o(.data)
    Send_Handle                              0x20000034   Data           4  esp8266.o(.data)
    pESP8266_Cmd                             0x20000038   Data          24  esp8266.o(.data)
    lNum                                     0x20000050   Data           1  esp8266.o(.data)
    Hzk                                      0x20000051   Data         256  oled.o(.data)
    BMP_INIT                                 0x20000151   Data         512  oled.o(.data)
    BMP_TEM                                  0x20000351   Data          32  oled.o(.data)
    BMP_HUMI                                 0x20000371   Data          32  oled.o(.data)
    BMP_MQ2                                  0x20000391   Data          32  oled.o(.data)
    BMP_HOUSE                                0x200003b1   Data          32  oled.o(.data)
    BMP_FAN                                  0x200003d1   Data          32  oled.o(.data)
    BMP_DOOROPEN                             0x200003f1   Data          32  oled.o(.data)
    BMP_DOORCLOSE                            0x20000411   Data          32  oled.o(.data)
    BMP_BEEP                                 0x20000431   Data          32  oled.o(.data)
    BMP_BEEPCLOSE                            0x20000451   Data          32  oled.o(.data)
    BMP_MANUAL                               0x20000471   Data          32  oled.o(.data)
    BMP_AUTO                                 0x20000491   Data          32  oled.o(.data)
    BMP_HELP                                 0x200004b1   Data          32  oled.o(.data)
    BMP_TEMPGUN                              0x200004d1   Data         128  oled.o(.data)
    BMP_HEARTRATE                            0x20000551   Data          32  oled.o(.data)
    BMP_SPO2                                 0x20000571   Data          32  oled.o(.data)
    pDHT22                                   0x20000594   Data           4  dht22.o(.data)
    __stdout                                 0x2000059c   Data           4  usart.o(.data)
    USART_RX_STA                             0x200005a0   Data           2  usart.o(.data)
    USART3_RX_STA                            0x200005a2   Data           2  usart.o(.data)
    pxCurrentTCB                             0x200005cc   Data           4  tasks.o(.data)
    USART_RX_BUF                             0x20000640   Data         200  usart.o(.bss)
    USART3_RX_BUF                            0x20000708   Data         200  usart.o(.bss)
    USART3_TX_BUF                            0x200007d0   Data         200  usart.o(.bss)
    xQueueRegistry                           0x20000ba4   Data          64  queue.o(.bss)
    __initial_sp                             0x20005fe8   Data           0  startup_stm32f10x_hd.o(STACK)



==============================================================================

Memory Map of the image

  Image Entry point : 0x08000131

  Load Region LR_IROM1 (Base: 0x08000000, Size: 0x000089f4, Max: 0x00080000, ABSOLUTE, COMPRESSED[0x0000869c])

    Execution Region ER_IROM1 (Exec base: 0x08000000, Load base: 0x08000000, Size: 0x000083c8, Max: 0x00080000, ABSOLUTE)

    Exec Addr    Load Addr    Size         Type   Attr      Idx    E Section Name        Object

    0x08000000   0x08000000   0x00000130   Data   RO          480    RESET               startup_stm32f10x_hd.o
    0x08000130   0x08000130   0x00000000   Code   RO          743  * .ARM.Collect$$$$00000000  mc_w.l(entry.o)
    0x08000130   0x08000130   0x00000004   Code   RO         1019    .ARM.Collect$$$$00000001  mc_w.l(entry2.o)
    0x08000134   0x08000134   0x00000004   Code   RO         1022    .ARM.Collect$$$$00000004  mc_w.l(entry5.o)
    0x08000138   0x08000138   0x00000000   Code   RO         1024    .ARM.Collect$$$$00000008  mc_w.l(entry7b.o)
    0x08000138   0x08000138   0x00000000   Code   RO         1026    .ARM.Collect$$$$0000000A  mc_w.l(entry8b.o)
    0x08000138   0x08000138   0x00000008   Code   RO         1027    .ARM.Collect$$$$0000000B  mc_w.l(entry9a.o)
    0x08000140   0x08000140   0x00000004   Code   RO         1034    .ARM.Collect$$$$0000000E  mc_w.l(entry12b.o)
    0x08000144   0x08000144   0x00000000   Code   RO         1029    .ARM.Collect$$$$0000000F  mc_w.l(entry10a.o)
    0x08000144   0x08000144   0x00000000   Code   RO         1031    .ARM.Collect$$$$00000011  mc_w.l(entry11a.o)
    0x08000144   0x08000144   0x00000004   Code   RO         1020    .ARM.Collect$$$$00002712  mc_w.l(entry2.o)
    0x08000148   0x08000148   0x00000096   Code   RO          693    .emb_text           port.o
    0x080001de   0x080001de   0x00000002   PAD
    0x080001e0   0x080001e0   0x000002e4   Code   RO            1    .text               main.o
    0x080004c4   0x080004c4   0x00000024   Code   RO          198    .text               stm32f10x_it.o
    0x080004e8   0x080004e8   0x000001e0   Code   RO          253    .text               system_stm32f10x.o
    0x080006c8   0x080006c8   0x000000f0   Code   RO          271    .text               key.o
    0x080007b8   0x080007b8   0x00000084   Code   RO          284    .text               beep.o
    0x0800083c   0x0800083c   0x00000304   Code   RO          298    .text               timer.o
    0x08000b40   0x08000b40   0x000001c8   Code   RO          330    .text               esp8266.o
    0x08000d08   0x08000d08   0x000005fc   Code   RO          346    .text               oled.o
    0x08001304   0x08001304   0x00000260   Code   RO          375    .text               dht22.o
    0x08001564   0x08001564   0x000000ac   Code   RO          394    .text               voice.o
    0x08001610   0x08001610   0x000000f4   Code   RO          407    .text               delay.o
    0x08001704   0x08001704   0x00000318   Code   RO          438    .text               usart.o
    0x08001a1c   0x08001a1c   0x00000024   Code   RO          481    .text               startup_stm32f10x_hd.o
    0x08001a40   0x08001a40   0x000000dc   Code   RO          485    .text               misc.o
    0x08001b1c   0x08001b1c   0x0000035c   Code   RO          497    .text               stm32f10x_gpio.o
    0x08001e78   0x08001e78   0x000003a4   Code   RO          509    .text               stm32f10x_rcc.o
    0x0800221c   0x0800221c   0x00000408   Code   RO          523    .text               stm32f10x_usart.o
    0x08002624   0x08002624   0x00000e1a   Code   RO          535    .text               stm32f10x_tim.o
    0x0800343e   0x0800343e   0x00000002   PAD
    0x08003440   0x08003440   0x00000640   Code   RO          559    .text               timers.o
    0x08003a80   0x08003a80   0x00001820   Code   RO          584    .text               tasks.o
    0x080052a0   0x080052a0   0x00000d0c   Code   RO          615    .text               queue.o
    0x08005fac   0x08005fac   0x00000094   Code   RO          642    .text               list.o
    0x08006040   0x08006040   0x00000452   Code   RO          654    .text               event_groups.o
    0x08006492   0x08006492   0x00000002   PAD
    0x08006494   0x08006494   0x000002a0   Code   RO          678    .text               heap_4.o
    0x08006734   0x08006734   0x0000026c   Code   RO          694    .text               port.o
    0x080069a0   0x080069a0   0x00000024   Code   RO          746    .text               mc_w.l(memcpya.o)
    0x080069c4   0x080069c4   0x00000024   Code   RO          748    .text               mc_w.l(memseta.o)
    0x080069e8   0x080069e8   0x00000024   Code   RO          750    .text               mc_w.l(strstr.o)
    0x08006a0c   0x08006a0c   0x0000000e   Code   RO          752    .text               mc_w.l(strlen.o)
    0x08006a1a   0x08006a1a   0x00000012   Code   RO          754    .text               mc_w.l(strcpy.o)
    0x08006a2c   0x08006a2c   0x0000002c   Code   RO         1035    .text               mc_w.l(uidiv.o)
    0x08006a58   0x08006a58   0x00000062   Code   RO         1037    .text               mc_w.l(uldiv.o)
    0x08006aba   0x08006aba   0x00000000   Code   RO         1039    .text               mc_w.l(iusefp.o)
    0x08006aba   0x08006aba   0x0000014e   Code   RO         1040    .text               mf_w.l(dadd.o)
    0x08006c08   0x08006c08   0x000000e4   Code   RO         1042    .text               mf_w.l(dmul.o)
    0x08006cec   0x08006cec   0x000000de   Code   RO         1044    .text               mf_w.l(ddiv.o)
    0x08006dca   0x08006dca   0x00000030   Code   RO         1046    .text               mf_w.l(dfixul.o)
    0x08006dfa   0x08006dfa   0x00000002   PAD
    0x08006dfc   0x08006dfc   0x00000030   Code   RO         1048    .text               mf_w.l(cdrcmple.o)
    0x08006e2c   0x08006e2c   0x00000024   Code   RO         1050    .text               mc_w.l(init.o)
    0x08006e50   0x08006e50   0x0000001e   Code   RO         1052    .text               mc_w.l(llshl.o)
    0x08006e6e   0x08006e6e   0x00000020   Code   RO         1054    .text               mc_w.l(llushr.o)
    0x08006e8e   0x08006e8e   0x00000024   Code   RO         1056    .text               mc_w.l(llsshr.o)
    0x08006eb2   0x08006eb2   0x000000ba   Code   RO         1058    .text               mf_w.l(depilogue.o)
    0x08006f6c   0x08006f6c   0x00000056   Code   RO         1068    .text               mc_w.l(__dczerorl2.o)
    0x08006fc2   0x08006fc2   0x00000002   PAD
    0x08006fc4   0x08006fc4   0x00000020   Code   RO          847    i.__0printf$3       mc_w.l(printf3.o)
    0x08006fe4   0x08006fe4   0x00000028   Code   RO          849    i.__0sprintf$3      mc_w.l(printf3.o)
    0x0800700c   0x0800700c   0x00000024   Code   RO          997    i.__0vsprintf       mc_w.l(printfa.o)
    0x08007030   0x08007030   0x0000000e   Code   RO         1062    i.__scatterload_copy  mc_w.l(handlers.o)
    0x0800703e   0x0800703e   0x00000002   Code   RO         1063    i.__scatterload_null  mc_w.l(handlers.o)
    0x08007040   0x08007040   0x0000000e   Code   RO         1064    i.__scatterload_zeroinit  mc_w.l(handlers.o)
    0x0800704e   0x0800704e   0x00000002   PAD
    0x08007050   0x08007050   0x00000184   Code   RO          998    i._fp_digits        mc_w.l(printfa.o)
    0x080071d4   0x080071d4   0x000001b8   Code   RO          854    i._printf_core      mc_w.l(printf3.o)
    0x0800738c   0x0800738c   0x000006b4   Code   RO          999    i._printf_core      mc_w.l(printfa.o)
    0x08007a40   0x08007a40   0x00000024   Code   RO         1000    i._printf_post_padding  mc_w.l(printfa.o)
    0x08007a64   0x08007a64   0x0000002e   Code   RO         1001    i._printf_pre_padding  mc_w.l(printfa.o)
    0x08007a92   0x08007a92   0x0000000a   Code   RO          856    i._sputc            mc_w.l(printf3.o)
    0x08007a9c   0x08007a9c   0x0000000a   Code   RO         1003    i._sputc            mc_w.l(printfa.o)
    0x08007aa6   0x08007aa6   0x00000002   PAD
    0x08007aa8   0x08007aa8   0x00000008   Data   RO            2    .constdata          main.o
    0x08007ab0   0x08007ab0   0x00000818   Data   RO          348    .constdata          oled.o
    0x080082c8   0x080082c8   0x00000030   Data   RO          395    .constdata          voice.o
    0x080082f8   0x080082f8   0x0000001d   Data   RO            3    .conststring        main.o
    0x08008315   0x08008315   0x00000003   PAD
    0x08008318   0x08008318   0x0000008d   Data   RO          331    .conststring        esp8266.o
    0x080083a5   0x080083a5   0x00000003   PAD
    0x080083a8   0x080083a8   0x00000020   Data   RO         1060    Region$$Table       anon$$obj.o


    Execution Region RW_IRAM1 (Exec base: 0x20000000, Load base: 0x080083c8, Size: 0x00005fe8, Max: 0x00010000, ABSOLUTE, COMPRESSED[0x000002d4])

    Exec Addr    Load Addr    Size         Type   Attr      Idx    E Section Name        Object

    0x20000000   COMPRESSED   0x00000008   Data   RW            4    .data               main.o
    0x20000008   COMPRESSED   0x00000014   Data   RW          254    .data               system_stm32f10x.o
    0x2000001c   COMPRESSED   0x00000001   Data   RW          272    .data               key.o
    0x2000001d   COMPRESSED   0x00000001   Data   RW          285    .data               beep.o
    0x2000001e   COMPRESSED   0x00000002   PAD
    0x20000020   COMPRESSED   0x00000008   Data   RW          299    .data               timer.o
    0x20000028   COMPRESSED   0x00000029   Data   RW          332    .data               esp8266.o
    0x20000051   COMPRESSED   0x00000540   Data   RW          349    .data               oled.o
    0x20000591   COMPRESSED   0x00000003   PAD
    0x20000594   COMPRESSED   0x00000004   Data   RW          377    .data               dht22.o
    0x20000598   COMPRESSED   0x00000004   Data   RW          408    .data               delay.o
    0x2000059c   COMPRESSED   0x00000008   Data   RW          440    .data               usart.o
    0x200005a4   COMPRESSED   0x00000014   Data   RW          510    .data               stm32f10x_rcc.o
    0x200005b8   COMPRESSED   0x00000014   Data   RW          561    .data               timers.o
    0x200005cc   COMPRESSED   0x0000003c   Data   RW          586    .data               tasks.o
    0x20000608   COMPRESSED   0x00000018   Data   RW          680    .data               heap_4.o
    0x20000620   COMPRESSED   0x0000000c   Data   RW          695    .data               port.o
    0x2000062c        -       0x00000014   Zero   RW          376    .bss                dht22.o
    0x20000640        -       0x00000258   Zero   RW          439    .bss                usart.o
    0x20000898        -       0x00000028   Zero   RW          560    .bss                timers.o
    0x200008c0        -       0x000002e4   Zero   RW          585    .bss                tasks.o
    0x20000ba4        -       0x00000040   Zero   RW          616    .bss                queue.o
    0x20000be4        -       0x00005000   Zero   RW          679    .bss                heap_4.o
    0x20005be4   COMPRESSED   0x00000004   PAD
    0x20005be8        -       0x00000400   Zero   RW          478    STACK               startup_stm32f10x_hd.o


==============================================================================

Image component sizes


      Code (inc. data)   RO Data    RW Data    ZI Data      Debug   Object Name

       132         12          0          1          0       1297   beep.o
       244         18          0          4          0       1345   delay.o
       608         26          0          4         20       3644   dht22.o
       456         84        141         41          0       2289   esp8266.o
      1106         50          0          0          0       7088   event_groups.o
       672         82          0         24      20480       3244   heap_4.o
       240          8          0          1          0        820   key.o
       148          0          0          0          0       1810   list.o
       740        146         37          8          0     271060   main.o
       220         22          0          0          0       1777   misc.o
      1532         20       2072       1344          0       9526   oled.o
       770        100          0         12          0       7639   port.o
      3340         52          0          0         64      24202   queue.o
        36          8        304          0       1024        780   startup_stm32f10x_hd.o
       860         38          0          0          0       5709   stm32f10x_gpio.o
        36          0          0          0          0       1083   stm32f10x_it.o
       932         36          0         20          0       8872   stm32f10x_rcc.o
      3610         88          0          0          0      22816   stm32f10x_tim.o
      1032         22          0          0          0       8432   stm32f10x_usart.o
         0          0          0          0          0         32   sys.o
       480         38          0         20          0       1703   system_stm32f10x.o
      6176        402          0         60        740      31988   tasks.o
       772         46          0          8          0       3480   timer.o
      1600        112          0         20         40       8828   timers.o
       792         48          0          8        600       5083   usart.o
       172         12         48          0          0       1206   voice.o

    ----------------------------------------------------------------------
     26712       1470       2640       1580      22972     435753   Object Totals
         0          0         32          0          0          0   (incl. Generated)
         6          0          6          5          4          0   (incl. Padding)

    ----------------------------------------------------------------------

      Code (inc. data)   RO Data    RW Data    ZI Data      Debug   Library Member Name

        86          0          0          0          0          0   __dczerorl2.o
         0          0          0          0          0          0   entry.o
         0          0          0          0          0          0   entry10a.o
         0          0          0          0          0          0   entry11a.o
         4          0          0          0          0          0   entry12b.o
         8          4          0          0          0          0   entry2.o
         4          0          0          0          0          0   entry5.o
         0          0          0          0          0          0   entry7b.o
         0          0          0          0          0          0   entry8b.o
         8          4          0          0          0          0   entry9a.o
        30          0          0          0          0          0   handlers.o
        36          8          0          0          0         68   init.o
         0          0          0          0          0          0   iusefp.o
        30          0          0          0          0         68   llshl.o
        36          0          0          0          0         68   llsshr.o
        32          0          0          0          0         68   llushr.o
        36          0          0          0          0         68   memcpya.o
        36          0          0          0          0        108   memseta.o
       522         20          0          0          0        336   printf3.o
      2232         86          0          0          0        528   printfa.o
        18          0          0          0          0         68   strcpy.o
        14          0          0          0          0         68   strlen.o
        36          0          0          0          0         80   strstr.o
        44          0          0          0          0         80   uidiv.o
        98          0          0          0          0         92   uldiv.o
        48          0          0          0          0         68   cdrcmple.o
       334          0          0          0          0        148   dadd.o
       222          0          0          0          0        100   ddiv.o
       186          0          0          0          0        176   depilogue.o
        48          0          0          0          0         68   dfixul.o
       228          0          0          0          0         96   dmul.o

    ----------------------------------------------------------------------
      4384        122          0          0          0       2356   Library Totals
         8          0          0          0          0          0   (incl. Padding)

    ----------------------------------------------------------------------

      Code (inc. data)   RO Data    RW Data    ZI Data      Debug   Library Name

      3310        122          0          0          0       1700   mc_w.l
      1066          0          0          0          0        656   mf_w.l

    ----------------------------------------------------------------------
      4384        122          0          0          0       2356   Library Totals

    ----------------------------------------------------------------------

==============================================================================


      Code (inc. data)   RO Data    RW Data    ZI Data      Debug   

     31096       1592       2640       1580      22972     434649   Grand Totals
     31096       1592       2640        724      22972     434649   ELF Image Totals (compressed)
     31096       1592       2640        724          0          0   ROM Totals

==============================================================================

    Total RO  Size (Code + RO Data)                33736 (  32.95kB)
    Total RW  Size (RW Data + ZI Data)             24552 (  23.98kB)
    Total ROM Size (Code + RO Data + RW Data)      34460 (  33.65kB)

==============================================================================

